Scheduled window [+72h, +336h], order=asc, skipped_on_404_cooldown=0
Found 150 fixtures to process.
  Processing Fixture 19587 (SS: 14288807, Status: scheduled)...
    Error fetching lineups for 14288807: Failed to fetch /event/14288807/lineups: 404
  Processing Fixture 22030 (SS: 14065044, Status: scheduled)...
    Error fetching lineups for 14065044: Failed to fetch /event/14065044/lineups: 404
  Processing Fixture 4519 (SS: 13981686, Status: scheduled)...
    OK - committed availability for fixture 4519
  Processing Fixture 21698 (SS: 13981944, Status: scheduled)...
    Error fetching lineups for 13981944: Failed to fetch /event/13981944/lineups: 404
  Processing Fixture 5537 (SS: 14083358, Status: scheduled)...
    Error fetching lineups for 14083358: Failed to fetch /event/14083358/lineups: 404
  Processing Fixture 4520 (SS: 13981691, Status: scheduled)...
    OK - committed availability for fixture 4520
  Processing Fixture 12137 (SS: 15503737, Status: scheduled)...
    Error fetching lineups for 15503737: Failed to fetch /event/15503737/lineups: 404
  Processing Fixture 5138 (SS: 14081798, Status: scheduled)...
    OK - committed availability for fixture 5138
  Processing Fixture 20829 (SS: 15581703, Status: scheduled)...
    Error fetching lineups for 15581703: Failed to fetch /event/15581703/lineups: 404
  Processing Fixture 1123 (SS: 15184395, Status: scheduled)...
    Error fetching lineups for 15184395: Failed to fetch /event/15184395/lineups: 404
  Processing Fixture 19588 (SS: 14288810, Status: scheduled)...
    Error fetching lineups for 14288810: Failed to fetch /event/14288810/lineups: 404
  Processing Fixture 4901 (SS: 14317738, Status: scheduled)...
    Error fetching lineups for 14317738: Failed to fetch /event/14317738/lineups: 404
  Processing Fixture 4902 (SS: 14317731, Status: scheduled)...
    Error fetching lineups for 14317731: Failed to fetch /event/14317731/lineups: 404
  Processing Fixture 4903 (SS: 14317741, Status: scheduled)...
    Error fetching lineups for 14317741: Failed to fetch /event/14317741/lineups: 404
  Processing Fixture 4904 (SS: 14317740, Status: scheduled)...
    Error fetching lineups for 14317740: Failed to fetch /event/14317740/lineups: 404
  Processing Fixture 4905 (SS: 14317736, Status: scheduled)...
    Error fetching lineups for 14317736: Failed to fetch /event/14317736/lineups: 404
  Processing Fixture 22441 (SS: 15362695, Status: scheduled)...
    Error fetching lineups for 15362695: Failed to fetch /event/15362695/lineups: 404
  Processing Fixture 607 (SS: 14023980, Status: scheduled)...
    Error fetching lineups for 14023980: Failed to fetch /event/14023980/lineups: 404
  Processing Fixture 608 (SS: 14023982, Status: scheduled)...
    Error fetching lineups for 14023982: Failed to fetch /event/14023982/lineups: 404
  Processing Fixture 609 (SS: 14023941, Status: scheduled)...
    Error fetching lineups for 14023941: Failed to fetch /event/14023941/lineups: 404
  Processing Fixture 1124 (SS: 15441642, Status: scheduled)...
    Error fetching lineups for 15441642: Failed to fetch /event/15441642/lineups: 404
  Processing Fixture 1661 (SS: 15437893, Status: scheduled)...
    Error fetching lineups for 15437893: Failed to fetch /event/15437893/lineups: 404
  Processing Fixture 1662 (SS: 15285161, Status: scheduled)...
    Error fetching lineups for 15285161: Failed to fetch /event/15285161/lineups: 404
  Processing Fixture 1663 (SS: 15285166, Status: scheduled)...
    Error fetching lineups for 15285166: Failed to fetch /event/15285166/lineups: 404
  Processing Fixture 2214 (SS: 15340557, Status: scheduled)...
    Error fetching lineups for 15340557: Failed to fetch /event/15340557/lineups: 404
  Processing Fixture 2215 (SS: 15395628, Status: scheduled)...
    Error fetching lineups for 15395628: Failed to fetch /event/15395628/lineups: 404
  Processing Fixture 2216 (SS: 15456993, Status: scheduled)...
    Error fetching lineups for 15456993: Failed to fetch /event/15456993/lineups: 404
  Processing Fixture 2217 (SS: 15422413, Status: scheduled)...
    Error fetching lineups for 15422413: Failed to fetch /event/15422413/lineups: 404
  Processing Fixture 2768 (SS: 15395661, Status: scheduled)...
    Error fetching lineups for 15395661: Failed to fetch /event/15395661/lineups: 404
  Processing Fixture 2769 (SS: 15578580, Status: scheduled)...
    Error fetching lineups for 15578580: Failed to fetch /event/15578580/lineups: 404
  Processing Fixture 2770 (SS: 15489538, Status: scheduled)...
    Error fetching lineups for 15489538: Failed to fetch /event/15489538/lineups: 404
  Processing Fixture 2771 (SS: 15467073, Status: scheduled)...
    Error fetching lineups for 15467073: Failed to fetch /event/15467073/lineups: 404
  Processing Fixture 2772 (SS: 15379423, Status: scheduled)...
    Error fetching lineups for 15379423: Failed to fetch /event/15379423/lineups: 404
  Processing Fixture 2773 (SS: 15445407, Status: scheduled)...
    Error fetching lineups for 15445407: Failed to fetch /event/15445407/lineups: 404
  Processing Fixture 2774 (SS: 15338278, Status: scheduled)...
    Error fetching lineups for 15338278: Failed to fetch /event/15338278/lineups: 404
  Processing Fixture 3077 (SS: 15538757, Status: scheduled)...
    Error fetching lineups for 15538757: Failed to fetch /event/15538757/lineups: 404
  Processing Fixture 3235 (SS: 15573411, Status: scheduled)...
    Error fetching lineups for 15573411: Failed to fetch /event/15573411/lineups: 404
  Processing Fixture 3236 (SS: 15416459, Status: scheduled)...
    Error fetching lineups for 15416459: Failed to fetch /event/15416459/lineups: 404
  Processing Fixture 3414 (SS: 15490658, Status: scheduled)...
    Error fetching lineups for 15490658: Failed to fetch /event/15490658/lineups: 404
  Processing Fixture 3592 (SS: 15458714, Status: scheduled)...
    Error fetching lineups for 15458714: Failed to fetch /event/15458714/lineups: 404
  Processing Fixture 3415 (SS: 15490775, Status: scheduled)...
    Error fetching lineups for 15490775: Failed to fetch /event/15490775/lineups: 404
  Processing Fixture 610 (SS: 14023985, Status: scheduled)...
    Error fetching lineups for 14023985: Failed to fetch /event/14023985/lineups: 404
  Processing Fixture 21413 (SS: 15238965, Status: scheduled)...
    Error fetching lineups for 15238965: Failed to fetch /event/15238965/lineups: 404
  Processing Fixture 21414 (SS: 15238966, Status: scheduled)...
    Error fetching lineups for 15238966: Failed to fetch /event/15238966/lineups: 404
  Processing Fixture 21415 (SS: 15238969, Status: scheduled)...
    Error fetching lineups for 15238969: Failed to fetch /event/15238969/lineups: 404
  Processing Fixture 21416 (SS: 15238967, Status: scheduled)...
    Error fetching lineups for 15238967: Failed to fetch /event/15238967/lineups: 404
  Processing Fixture 20144 (SS: 15477451, Status: scheduled)...
    Error fetching lineups for 15477451: Failed to fetch /event/15477451/lineups: 404
  Processing Fixture 20145 (SS: 15474042, Status: scheduled)...
    Error fetching lineups for 15474042: Failed to fetch /event/15474042/lineups: 404
  Processing Fixture 4906 (SS: 14317728, Status: scheduled)...
    Error fetching lineups for 14317728: Failed to fetch /event/14317728/lineups: 404
  Processing Fixture 5139 (SS: 15534915, Status: scheduled)...
    Error fetching lineups for 15534915: Failed to fetch /event/15534915/lineups: 404
  Processing Fixture 4907 (SS: 14317734, Status: scheduled)...
    Error fetching lineups for 14317734: Failed to fetch /event/14317734/lineups: 404
  Processing Fixture 4908 (SS: 14317739, Status: scheduled)...
    Error fetching lineups for 14317739: Failed to fetch /event/14317739/lineups: 404
  Processing Fixture 4909 (SS: 14317737, Status: scheduled)...
    Error fetching lineups for 14317737: Failed to fetch /event/14317737/lineups: 404
  Processing Fixture 4910 (SS: 14317733, Status: scheduled)...
    Error fetching lineups for 14317733: Failed to fetch /event/14317733/lineups: 404
  Processing Fixture 3854 (SS: 15380505, Status: scheduled)...
    Error fetching lineups for 15380505: Failed to fetch /event/15380505/lineups: 404
  Processing Fixture 22442 (SS: 15362696, Status: scheduled)...
    Error fetching lineups for 15362696: Failed to fetch /event/15362696/lineups: 404
  Processing Fixture 22443 (SS: 15362694, Status: scheduled)...
    Error fetching lineups for 15362694: Failed to fetch /event/15362694/lineups: 404
  Processing Fixture 22444 (SS: 15362693, Status: scheduled)...
    Error fetching lineups for 15362693: Failed to fetch /event/15362693/lineups: 404
  Processing Fixture 611 (SS: 14023947, Status: scheduled)...
    Error fetching lineups for 14023947: Failed to fetch /event/14023947/lineups: 404
  Processing Fixture 612 (SS: 14023984, Status: scheduled)...
    Error fetching lineups for 14023984: Failed to fetch /event/14023984/lineups: 404
  Processing Fixture 613 (SS: 14023933, Status: scheduled)...
    Error fetching lineups for 14023933: Failed to fetch /event/14023933/lineups: 404
  Processing Fixture 614 (SS: 14023986, Status: scheduled)...
    Error fetching lineups for 14023986: Failed to fetch /event/14023986/lineups: 404
  Processing Fixture 3078 (SS: 15495671, Status: scheduled)...
    Error fetching lineups for 15495671: Failed to fetch /event/15495671/lineups: 404
  Processing Fixture 615 (SS: 14023983, Status: scheduled)...
    Error fetching lineups for 14023983: Failed to fetch /event/14023983/lineups: 404
  Processing Fixture 21417 (SS: 15238970, Status: scheduled)...
    Error fetching lineups for 15238970: Failed to fetch /event/15238970/lineups: 404
  Processing Fixture 21418 (SS: 15238971, Status: scheduled)...
    Error fetching lineups for 15238971: Failed to fetch /event/15238971/lineups: 404
  Processing Fixture 21419 (SS: 15238973, Status: scheduled)...
    Error fetching lineups for 15238973: Failed to fetch /event/15238973/lineups: 404
  Processing Fixture 21420 (SS: 15238972, Status: scheduled)...
    Error fetching lineups for 15238972: Failed to fetch /event/15238972/lineups: 404
  Processing Fixture 22445 (SS: 15362699, Status: scheduled)...
    Error fetching lineups for 15362699: Failed to fetch /event/15362699/lineups: 404
  Processing Fixture 22446 (SS: 15362697, Status: scheduled)...
    Error fetching lineups for 15362697: Failed to fetch /event/15362697/lineups: 404
  Processing Fixture 616 (SS: 14023981, Status: scheduled)...
    Error fetching lineups for 14023981: Failed to fetch /event/14023981/lineups: 404
  Processing Fixture 4161 (SS: 14065464, Status: scheduled)...
    Error fetching lineups for 14065464: Failed to fetch /event/14065464/lineups: 404
  Processing Fixture 4162 (SS: 14065475, Status: scheduled)...
    Error fetching lineups for 14065475: Failed to fetch /event/14065475/lineups: 404
  Processing Fixture 22597 (SS: 15204335, Status: scheduled)...
    Error fetching lineups for 15204335: Failed to fetch /event/15204335/lineups: 404
  Processing Fixture 22598 (SS: 15204336, Status: scheduled)...
    Error fetching lineups for 15204336: Failed to fetch /event/15204336/lineups: 404
  Processing Fixture 12138 (SS: 14064720, Status: scheduled)...
    Error fetching lineups for 14064720: Failed to fetch /event/14064720/lineups: 404
  Processing Fixture 12139 (SS: 14064721, Status: scheduled)...
    Error fetching lineups for 14064721: Failed to fetch /event/14064721/lineups: 404
  Processing Fixture 12140 (SS: 14064728, Status: scheduled)...
    Error fetching lineups for 14064728: Failed to fetch /event/14064728/lineups: 404
  Processing Fixture 12141 (SS: 14383028, Status: scheduled)...
    Error fetching lineups for 14383028: Failed to fetch /event/14383028/lineups: 404
  Processing Fixture 12142 (SS: 14064722, Status: scheduled)...
    Error fetching lineups for 14064722: Failed to fetch /event/14064722/lineups: 404
  Processing Fixture 19060 (SS: 14053687, Status: scheduled)...
    Error fetching lineups for 14053687: Failed to fetch /event/14053687/lineups: 404
  Processing Fixture 22599 (SS: 15204343, Status: scheduled)...
    Error fetching lineups for 15204343: Failed to fetch /event/15204343/lineups: 404
  Processing Fixture 3855 (SS: 14062228, Status: scheduled)...
    Error fetching lineups for 14062228: Failed to fetch /event/14062228/lineups: 404
  Processing Fixture 5538 (SS: 14083363, Status: scheduled)...
    Error fetching lineups for 14083363: Failed to fetch /event/14083363/lineups: 404
  Processing Fixture 21700 (SS: 13981958, Status: scheduled)...
    Error fetching lineups for 13981958: Failed to fetch /event/13981958/lineups: 404
  Processing Fixture 5908 (SS: 14167912, Status: scheduled)...
    Error fetching lineups for 14167912: Failed to fetch /event/14167912/lineups: 404
  Processing Fixture 19349 (SS: 14032361, Status: scheduled)...
    Error fetching lineups for 14032361: Failed to fetch /event/14032361/lineups: 404
  Processing Fixture 5140 (SS: 14081805, Status: scheduled)...
    Error fetching lineups for 14081805: Failed to fetch /event/14081805/lineups: 404
  Processing Fixture 21031 (SS: 15345895, Status: scheduled)...
    Error fetching lineups for 15345895: Failed to fetch /event/15345895/lineups: 404
  Processing Fixture 2219 (SS: 14060824, Status: scheduled)...
    Error fetching lineups for 14060824: Failed to fetch /event/14060824/lineups: 404
  Processing Fixture 20830 (SS: 15238027, Status: scheduled)...
    Error fetching lineups for 15238027: Failed to fetch /event/15238027/lineups: 404
  Processing Fixture 20831 (SS: 15238029, Status: scheduled)...
    Error fetching lineups for 15238029: Failed to fetch /event/15238029/lineups: 404
  Processing Fixture 1125 (SS: 14059882, Status: scheduled)...
    Error fetching lineups for 14059882: Failed to fetch /event/14059882/lineups: 404
  Processing Fixture 20832 (SS: 15238030, Status: scheduled)...
    Error fetching lineups for 15238030: Failed to fetch /event/15238030/lineups: 404
  Processing Fixture 20833 (SS: 15238028, Status: scheduled)...
    Error fetching lineups for 15238028: Failed to fetch /event/15238028/lineups: 404
  Processing Fixture 21032 (SS: 15345912, Status: scheduled)...
    Error fetching lineups for 15345912: Failed to fetch /event/15345912/lineups: 404
  Processing Fixture 21033 (SS: 15345893, Status: scheduled)...
    Error fetching lineups for 15345893: Failed to fetch /event/15345893/lineups: 404
  Processing Fixture 21034 (SS: 15345898, Status: scheduled)...
    Error fetching lineups for 15345898: Failed to fetch /event/15345898/lineups: 404
  Processing Fixture 21035 (SS: 15342018, Status: scheduled)...
    Error fetching lineups for 15342018: Failed to fetch /event/15342018/lineups: 404
  Processing Fixture 21036 (SS: 15345899, Status: scheduled)...
    Error fetching lineups for 15345899: Failed to fetch /event/15345899/lineups: 404
  Processing Fixture 21037 (SS: 15342024, Status: scheduled)...
    Error fetching lineups for 15342024: Failed to fetch /event/15342024/lineups: 404
  Processing Fixture 21421 (SS: 15238974, Status: scheduled)...
    Error fetching lineups for 15238974: Failed to fetch /event/15238974/lineups: 404
  Processing Fixture 21422 (SS: 15238975, Status: scheduled)...
    Error fetching lineups for 15238975: Failed to fetch /event/15238975/lineups: 404
  Processing Fixture 19895 (SS: 14109837, Status: scheduled)...
    Error fetching lineups for 14109837: Failed to fetch /event/14109837/lineups: 404
  Processing Fixture 22191 (SS: 14038615, Status: scheduled)...
    Error fetching lineups for 14038615: Failed to fetch /event/14038615/lineups: 404
  Processing Fixture 4163 (SS: 14065471, Status: scheduled)...
    Error fetching lineups for 14065471: Failed to fetch /event/14065471/lineups: 404
  Processing Fixture 4164 (SS: 14065470, Status: scheduled)...
    Error fetching lineups for 14065470: Failed to fetch /event/14065470/lineups: 404
  Processing Fixture 4165 (SS: 14065466, Status: scheduled)...
    Error fetching lineups for 14065466: Failed to fetch /event/14065466/lineups: 404
  Processing Fixture 5141 (SS: 14081801, Status: scheduled)...
    Error fetching lineups for 14081801: Failed to fetch /event/14081801/lineups: 404
  Processing Fixture 12143 (SS: 14064726, Status: scheduled)...
    Error fetching lineups for 14064726: Failed to fetch /event/14064726/lineups: 404
  Processing Fixture 12144 (SS: 14064723, Status: scheduled)...
    Error fetching lineups for 14064723: Failed to fetch /event/14064723/lineups: 404
  Processing Fixture 1126 (SS: 14059886, Status: scheduled)...
    Error fetching lineups for 14059886: Failed to fetch /event/14059886/lineups: 404
  Processing Fixture 1128 (SS: 14059878, Status: scheduled)...
    Error fetching lineups for 14059878: Failed to fetch /event/14059878/lineups: 404
  Processing Fixture 1664 (SS: 14061383, Status: scheduled)...
    Error fetching lineups for 14061383: Failed to fetch /event/14061383/lineups: 404
  Processing Fixture 1665 (SS: 14061377, Status: scheduled)...
    Error fetching lineups for 14061377: Failed to fetch /event/14061377/lineups: 404
  Processing Fixture 2220 (SS: 14060843, Status: scheduled)...
    Error fetching lineups for 14060843: Failed to fetch /event/14060843/lineups: 404
  Processing Fixture 2221 (SS: 14060857, Status: scheduled)...
    Error fetching lineups for 14060857: Failed to fetch /event/14060857/lineups: 404
  Processing Fixture 2775 (SS: 14391503, Status: scheduled)...
    Error fetching lineups for 14391503: Failed to fetch /event/14391503/lineups: 404
  Processing Fixture 21701 (SS: 13981957, Status: scheduled)...
    Error fetching lineups for 13981957: Failed to fetch /event/13981957/lineups: 404
  Processing Fixture 3237 (SS: 14035458, Status: scheduled)...
    Error fetching lineups for 14035458: Failed to fetch /event/14035458/lineups: 404
  Processing Fixture 4911 (SS: 14317752, Status: scheduled)...
    Error fetching lineups for 14317752: Failed to fetch /event/14317752/lineups: 404
  Processing Fixture 4912 (SS: 14317744, Status: scheduled)...
    Error fetching lineups for 14317744: Failed to fetch /event/14317744/lineups: 404
  Processing Fixture 4913 (SS: 14317748, Status: scheduled)...
    Error fetching lineups for 14317748: Failed to fetch /event/14317748/lineups: 404
  Processing Fixture 20146 (SS: 14159166, Status: scheduled)...
    Error fetching lineups for 14159166: Failed to fetch /event/14159166/lineups: 404
  Processing Fixture 22192 (SS: 14038619, Status: scheduled)...
    Error fetching lineups for 14038619: Failed to fetch /event/14038619/lineups: 404
  Processing Fixture 3856 (SS: 14065186, Status: scheduled)...
    Error fetching lineups for 14065186: Failed to fetch /event/14065186/lineups: 404
  Processing Fixture 3857 (SS: 14065178, Status: scheduled)...
    Error fetching lineups for 14065178: Failed to fetch /event/14065178/lineups: 404
  Processing Fixture 3858 (SS: 14065179, Status: scheduled)...
    Error fetching lineups for 14065179: Failed to fetch /event/14065179/lineups: 404
  Processing Fixture 3859 (SS: 14065180, Status: scheduled)...
    Error fetching lineups for 14065180: Failed to fetch /event/14065180/lineups: 404
  Processing Fixture 3860 (SS: 14062233, Status: scheduled)...
    Error fetching lineups for 14062233: Failed to fetch /event/14062233/lineups: 404
  Processing Fixture 19350 (SS: 14032357, Status: scheduled)...
    Error fetching lineups for 14032357: Failed to fetch /event/14032357/lineups: 404
  Processing Fixture 19896 (SS: 14109838, Status: scheduled)...
    Error fetching lineups for 14109838: Failed to fetch /event/14109838/lineups: 404
  Processing Fixture 20147 (SS: 14159162, Status: scheduled)...
    Error fetching lineups for 14159162: Failed to fetch /event/14159162/lineups: 404
  Processing Fixture 22031 (SS: 14065046, Status: scheduled)...
    Error fetching lineups for 14065046: Failed to fetch /event/14065046/lineups: 404
  Processing Fixture 22032 (SS: 14065051, Status: scheduled)...
    Error fetching lineups for 14065051: Failed to fetch /event/14065051/lineups: 404
  Processing Fixture 22033 (SS: 14065055, Status: scheduled)...
    Error fetching lineups for 14065055: Failed to fetch /event/14065055/lineups: 404
  Processing Fixture 22034 (SS: 14065048, Status: scheduled)...
    Error fetching lineups for 14065048: Failed to fetch /event/14065048/lineups: 404
  Processing Fixture 22035 (SS: 14065052, Status: scheduled)...
    Error fetching lineups for 14065052: Failed to fetch /event/14065052/lineups: 404
  Processing Fixture 22036 (SS: 14065047, Status: scheduled)...
    Error fetching lineups for 14065047: Failed to fetch /event/14065047/lineups: 404
  Processing Fixture 22037 (SS: 14065050, Status: scheduled)...
    Error fetching lineups for 14065050: Failed to fetch /event/14065050/lineups: 404
  Processing Fixture 22038 (SS: 14065049, Status: scheduled)...
    Error fetching lineups for 14065049: Failed to fetch /event/14065049/lineups: 404
  Processing Fixture 5142 (SS: 14081802, Status: scheduled)...
    Error fetching lineups for 14081802: Failed to fetch /event/14081802/lineups: 404
  Processing Fixture 5539 (SS: 14083380, Status: scheduled)...
    Error fetching lineups for 14083380: Failed to fetch /event/14083380/lineups: 404
  Processing Fixture 5540 (SS: 14083377, Status: scheduled)...
    Error fetching lineups for 14083377: Failed to fetch /event/14083377/lineups: 404
  Processing Fixture 19061 (SS: 14053678, Status: scheduled)...
    Error fetching lineups for 14053678: Failed to fetch /event/14053678/lineups: 404
  Processing Fixture 1129 (SS: 14059881, Status: scheduled)...
    Error fetching lineups for 14059881: Failed to fetch /event/14059881/lineups: 404
  Processing Fixture 1131 (SS: 14059888, Status: scheduled)...
    Error fetching lineups for 14059888: Failed to fetch /event/14059888/lineups: 404
  Processing Fixture 1132 (SS: 14059880, Status: scheduled)...
    Error fetching lineups for 14059880: Failed to fetch /event/14059880/lineups: 404
  Processing Fixture 1133 (SS: 14059883, Status: scheduled)...
    Error fetching lineups for 14059883: Failed to fetch /event/14059883/lineups: 404
  Processing Fixture 1134 (SS: 14059879, Status: scheduled)...
    Error fetching lineups for 14059879: Failed to fetch /event/14059879/lineups: 404
Scheduled window [+72h, +336h], order=asc, skipped_on_404_cooldown=0
Found 150 fixtures to process.
  Processing Fixture 22030 (SS: 14065044, Status: scheduled)...
    Error fetching lineups for 14065044: Failed to fetch /event/14065044/lineups: 404
  Processing Fixture 21698 (SS: 13981944, Status: scheduled)...
    Error fetching lineups for 13981944: Failed to fetch /event/13981944/lineups: 404
  Processing Fixture 5537 (SS: 14083358, Status: scheduled)...
    Error fetching lineups for 14083358: Failed to fetch /event/14083358/lineups: 404
  Processing Fixture 12137 (SS: 15503737, Status: scheduled)...
    Error fetching lineups for 15503737: Failed to fetch /event/15503737/lineups: 404
  Processing Fixture 20829 (SS: 15581703, Status: scheduled)...
    Error fetching lineups for 15581703: Failed to fetch /event/15581703/lineups: 404
  Processing Fixture 1123 (SS: 15184395, Status: scheduled)...
    Error fetching lineups for 15184395: Failed to fetch /event/15184395/lineups: 404
  Processing Fixture 19588 (SS: 14288810, Status: scheduled)...
    Error fetching lineups for 14288810: Failed to fetch /event/14288810/lineups: 404
  Processing Fixture 4901 (SS: 14317738, Status: scheduled)...
    Error fetching lineups for 14317738: Failed to fetch /event/14317738/lineups: 404
  Processing Fixture 4902 (SS: 14317731, Status: scheduled)...
    Error fetching lineups for 14317731: Failed to fetch /event/14317731/lineups: 404
  Processing Fixture 4903 (SS: 14317741, Status: scheduled)...
    Error fetching lineups for 14317741: Failed to fetch /event/14317741/lineups: 404
  Processing Fixture 4904 (SS: 14317740, Status: scheduled)...
    Error fetching lineups for 14317740: Failed to fetch /event/14317740/lineups: 404
  Processing Fixture 4905 (SS: 14317736, Status: scheduled)...
    Error fetching lineups for 14317736: Failed to fetch /event/14317736/lineups: 404
  Processing Fixture 22441 (SS: 15362695, Status: scheduled)...
    Error fetching lineups for 15362695: Failed to fetch /event/15362695/lineups: 404
  Processing Fixture 607 (SS: 14023980, Status: scheduled)...
    Error fetching lineups for 14023980: Failed to fetch /event/14023980/lineups: 404
  Processing Fixture 608 (SS: 14023982, Status: scheduled)...
    Error fetching lineups for 14023982: Failed to fetch /event/14023982/lineups: 404
  Processing Fixture 609 (SS: 14023941, Status: scheduled)...
    Error fetching lineups for 14023941: Failed to fetch /event/14023941/lineups: 404
  Processing Fixture 1124 (SS: 15441642, Status: scheduled)...
    Error fetching lineups for 15441642: Failed to fetch /event/15441642/lineups: 404
  Processing Fixture 1661 (SS: 15437893, Status: scheduled)...
    Error fetching lineups for 15437893: Failed to fetch /event/15437893/lineups: 404
  Processing Fixture 1662 (SS: 15285161, Status: scheduled)...
    Error fetching lineups for 15285161: Failed to fetch /event/15285161/lineups: 404
  Processing Fixture 1663 (SS: 15285166, Status: scheduled)...
    Error fetching lineups for 15285166: Failed to fetch /event/15285166/lineups: 404
  Processing Fixture 2214 (SS: 15340557, Status: scheduled)...
    Error fetching lineups for 15340557: Failed to fetch /event/15340557/lineups: 404
  Processing Fixture 2215 (SS: 15395628, Status: scheduled)...
    Error fetching lineups for 15395628: Failed to fetch /event/15395628/lineups: 404
  Processing Fixture 2216 (SS: 15456993, Status: scheduled)...
    Error fetching lineups for 15456993: Failed to fetch /event/15456993/lineups: 404
  Processing Fixture 2217 (SS: 15422413, Status: scheduled)...
    Error fetching lineups for 15422413: Failed to fetch /event/15422413/lineups: 404
  Processing Fixture 2768 (SS: 15395661, Status: scheduled)...
    Error fetching lineups for 15395661: Failed to fetch /event/15395661/lineups: 404
  Processing Fixture 2769 (SS: 15578580, Status: scheduled)...
    Error fetching lineups for 15578580: Failed to fetch /event/15578580/lineups: 404
  Processing Fixture 2770 (SS: 15489538, Status: scheduled)...
    Error fetching lineups for 15489538: Failed to fetch /event/15489538/lineups: 404
  Processing Fixture 2771 (SS: 15467073, Status: scheduled)...
    Error fetching lineups for 15467073: Failed to fetch /event/15467073/lineups: 404
  Processing Fixture 2772 (SS: 15379423, Status: scheduled)...
    Error fetching lineups for 15379423: Failed to fetch /event/15379423/lineups: 404
  Processing Fixture 2773 (SS: 15445407, Status: scheduled)...
    Error fetching lineups for 15445407: Failed to fetch /event/15445407/lineups: 404
  Processing Fixture 2774 (SS: 15338278, Status: scheduled)...
    Error fetching lineups for 15338278: Failed to fetch /event/15338278/lineups: 404
  Processing Fixture 3077 (SS: 15538757, Status: scheduled)...
    Error fetching lineups for 15538757: Failed to fetch /event/15538757/lineups: 404
  Processing Fixture 3235 (SS: 15573411, Status: scheduled)...
    Error fetching lineups for 15573411: Failed to fetch /event/15573411/lineups: 404
  Processing Fixture 3236 (SS: 15416459, Status: scheduled)...
    Error fetching lineups for 15416459: Failed to fetch /event/15416459/lineups: 404
  Processing Fixture 3414 (SS: 15490658, Status: scheduled)...
    Error fetching lineups for 15490658: Failed to fetch /event/15490658/lineups: 404
  Processing Fixture 3592 (SS: 15458714, Status: scheduled)...
    Error fetching lineups for 15458714: Failed to fetch /event/15458714/lineups: 404
  Processing Fixture 3415 (SS: 15490775, Status: scheduled)...
    Error fetching lineups for 15490775: Failed to fetch /event/15490775/lineups: 404
  Processing Fixture 610 (SS: 14023985, Status: scheduled)...
    Error fetching lineups for 14023985: Failed to fetch /event/14023985/lineups: 404
  Processing Fixture 21413 (SS: 15238965, Status: scheduled)...
    Error fetching lineups for 15238965: Failed to fetch /event/15238965/lineups: 404
  Processing Fixture 21414 (SS: 15238966, Status: scheduled)...
    Error fetching lineups for 15238966: Failed to fetch /event/15238966/lineups: 404
  Processing Fixture 21415 (SS: 15238969, Status: scheduled)...
    Error fetching lineups for 15238969: Failed to fetch /event/15238969/lineups: 404
  Processing Fixture 21416 (SS: 15238967, Status: scheduled)...
    Error fetching lineups for 15238967: Failed to fetch /event/15238967/lineups: 404
  Processing Fixture 20144 (SS: 15477451, Status: scheduled)...
    Error fetching lineups for 15477451: Failed to fetch /event/15477451/lineups: 404
  Processing Fixture 20145 (SS: 15474042, Status: scheduled)...
    Error fetching lineups for 15474042: Failed to fetch /event/15474042/lineups: 404
  Processing Fixture 4906 (SS: 14317728, Status: scheduled)...
    Error fetching lineups for 14317728: Failed to fetch /event/14317728/lineups: 404
  Processing Fixture 5139 (SS: 15534915, Status: scheduled)...
    Error fetching lineups for 15534915: Failed to fetch /event/15534915/lineups: 404
  Processing Fixture 4907 (SS: 14317734, Status: scheduled)...
    Error fetching lineups for 14317734: Failed to fetch /event/14317734/lineups: 404
  Processing Fixture 4908 (SS: 14317739, Status: scheduled)...
    Error fetching lineups for 14317739: Failed to fetch /event/14317739/lineups: 404
  Processing Fixture 4909 (SS: 14317737, Status: scheduled)...
    Error fetching lineups for 14317737: Failed to fetch /event/14317737/lineups: 404
  Processing Fixture 4910 (SS: 14317733, Status: scheduled)...
    Error fetching lineups for 14317733: Failed to fetch /event/14317733/lineups: 404
  Processing Fixture 3854 (SS: 15380505, Status: scheduled)...
    Error fetching lineups for 15380505: Failed to fetch /event/15380505/lineups: 404
  Processing Fixture 22442 (SS: 15362696, Status: scheduled)...
    Error fetching lineups for 15362696: Failed to fetch /event/15362696/lineups: 404
  Processing Fixture 22443 (SS: 15362694, Status: scheduled)...
    Error fetching lineups for 15362694: Failed to fetch /event/15362694/lineups: 404
  Processing Fixture 22444 (SS: 15362693, Status: scheduled)...
    Error fetching lineups for 15362693: Failed to fetch /event/15362693/lineups: 404
  Processing Fixture 611 (SS: 14023947, Status: scheduled)...
    Error fetching lineups for 14023947: Failed to fetch /event/14023947/lineups: 404
  Processing Fixture 612 (SS: 14023984, Status: scheduled)...
    Error fetching lineups for 14023984: Failed to fetch /event/14023984/lineups: 404
  Processing Fixture 613 (SS: 14023933, Status: scheduled)...
    Error fetching lineups for 14023933: Failed to fetch /event/14023933/lineups: 404
  Processing Fixture 614 (SS: 14023986, Status: scheduled)...
    Error fetching lineups for 14023986: Failed to fetch /event/14023986/lineups: 404
  Processing Fixture 3078 (SS: 15495671, Status: scheduled)...
    Error fetching lineups for 15495671: Failed to fetch /event/15495671/lineups: 404
  Processing Fixture 615 (SS: 14023983, Status: scheduled)...
    Error fetching lineups for 14023983: Failed to fetch /event/14023983/lineups: 404
  Processing Fixture 21417 (SS: 15238970, Status: scheduled)...
    Error fetching lineups for 15238970: Failed to fetch /event/15238970/lineups: 404
  Processing Fixture 21418 (SS: 15238971, Status: scheduled)...
    Error fetching lineups for 15238971: Failed to fetch /event/15238971/lineups: 404
  Processing Fixture 21419 (SS: 15238973, Status: scheduled)...
    Error fetching lineups for 15238973: Failed to fetch /event/15238973/lineups: 404
  Processing Fixture 21420 (SS: 15238972, Status: scheduled)...
    Error fetching lineups for 15238972: Failed to fetch /event/15238972/lineups: 404
  Processing Fixture 22445 (SS: 15362699, Status: scheduled)...
    Error fetching lineups for 15362699: Failed to fetch /event/15362699/lineups: 404
  Processing Fixture 22446 (SS: 15362697, Status: scheduled)...
    Error fetching lineups for 15362697: Failed to fetch /event/15362697/lineups: 404
  Processing Fixture 616 (SS: 14023981, Status: scheduled)...
    Error fetching lineups for 14023981: Failed to fetch /event/14023981/lineups: 404
  Processing Fixture 4161 (SS: 14065464, Status: scheduled)...
    Error fetching lineups for 14065464: Failed to fetch /event/14065464/lineups: 404
  Processing Fixture 4162 (SS: 14065475, Status: scheduled)...
    Error fetching lineups for 14065475: Failed to fetch /event/14065475/lineups: 404
  Processing Fixture 22597 (SS: 15204335, Status: scheduled)...
    Error fetching lineups for 15204335: Failed to fetch /event/15204335/lineups: 404
  Processing Fixture 22598 (SS: 15204336, Status: scheduled)...
    Error fetching lineups for 15204336: Failed to fetch /event/15204336/lineups: 404
  Processing Fixture 12138 (SS: 14064720, Status: scheduled)...
    Error fetching lineups for 14064720: Failed to fetch /event/14064720/lineups: 404
  Processing Fixture 12139 (SS: 14064721, Status: scheduled)...
    Error fetching lineups for 14064721: Failed to fetch /event/14064721/lineups: 404
  Processing Fixture 12140 (SS: 14064728, Status: scheduled)...
    Error fetching lineups for 14064728: Failed to fetch /event/14064728/lineups: 404
  Processing Fixture 12141 (SS: 14383028, Status: scheduled)...
    Error fetching lineups for 14383028: Failed to fetch /event/14383028/lineups: 404
  Processing Fixture 12142 (SS: 14064722, Status: scheduled)...
    Error fetching lineups for 14064722: Failed to fetch /event/14064722/lineups: 404
  Processing Fixture 19060 (SS: 14053687, Status: scheduled)...
    Error fetching lineups for 14053687: Failed to fetch /event/14053687/lineups: 404
  Processing Fixture 22599 (SS: 15204343, Status: scheduled)...
    Error fetching lineups for 15204343: Failed to fetch /event/15204343/lineups: 404
  Processing Fixture 3855 (SS: 14062228, Status: scheduled)...
    Error fetching lineups for 14062228: Failed to fetch /event/14062228/lineups: 404
  Processing Fixture 5538 (SS: 14083363, Status: scheduled)...
    Error fetching lineups for 14083363: Failed to fetch /event/14083363/lineups: 404
  Processing Fixture 21700 (SS: 13981958, Status: scheduled)...
    Error fetching lineups for 13981958: Failed to fetch /event/13981958/lineups: 404
  Processing Fixture 5908 (SS: 14167912, Status: scheduled)...
    Error fetching lineups for 14167912: Failed to fetch /event/14167912/lineups: 404
  Processing Fixture 19349 (SS: 14032361, Status: scheduled)...
    Error fetching lineups for 14032361: Failed to fetch /event/14032361/lineups: 404
  Processing Fixture 5140 (SS: 14081805, Status: scheduled)...
    Error fetching lineups for 14081805: Failed to fetch /event/14081805/lineups: 404
  Processing Fixture 21031 (SS: 15345895, Status: scheduled)...
    Error fetching lineups for 15345895: Failed to fetch /event/15345895/lineups: 404
  Processing Fixture 2219 (SS: 14060824, Status: scheduled)...
    Error fetching lineups for 14060824: Failed to fetch /event/14060824/lineups: 404
  Processing Fixture 20830 (SS: 15238027, Status: scheduled)...
    Error fetching lineups for 15238027: Failed to fetch /event/15238027/lineups: 404
  Processing Fixture 20831 (SS: 15238029, Status: scheduled)...
    Error fetching lineups for 15238029: Failed to fetch /event/15238029/lineups: 404
  Processing Fixture 1125 (SS: 14059882, Status: scheduled)...
    Error fetching lineups for 14059882: Failed to fetch /event/14059882/lineups: 404
  Processing Fixture 20832 (SS: 15238030, Status: scheduled)...
    Error fetching lineups for 15238030: Failed to fetch /event/15238030/lineups: 404
  Processing Fixture 20833 (SS: 15238028, Status: scheduled)...
    Error fetching lineups for 15238028: Failed to fetch /event/15238028/lineups: 404
  Processing Fixture 21032 (SS: 15345912, Status: scheduled)...
    Error fetching lineups for 15345912: Failed to fetch /event/15345912/lineups: 404
  Processing Fixture 21033 (SS: 15345893, Status: scheduled)...
    Error fetching lineups for 15345893: Failed to fetch /event/15345893/lineups: 404
  Processing Fixture 21034 (SS: 15345898, Status: scheduled)...
    Error fetching lineups for 15345898: Failed to fetch /event/15345898/lineups: 404
  Processing Fixture 21035 (SS: 15342018, Status: scheduled)...
    Error fetching lineups for 15342018: Failed to fetch /event/15342018/lineups: 404
  Processing Fixture 21036 (SS: 15345899, Status: scheduled)...
    Error fetching lineups for 15345899: Failed to fetch /event/15345899/lineups: 404
  Processing Fixture 21037 (SS: 15342024, Status: scheduled)...
    Error fetching lineups for 15342024: Failed to fetch /event/15342024/lineups: 404
  Processing Fixture 21421 (SS: 15238974, Status: scheduled)...
    Error fetching lineups for 15238974: Failed to fetch /event/15238974/lineups: 404
  Processing Fixture 21422 (SS: 15238975, Status: scheduled)...
    Error fetching lineups for 15238975: Failed to fetch /event/15238975/lineups: 404
  Processing Fixture 19895 (SS: 14109837, Status: scheduled)...
    Error fetching lineups for 14109837: Failed to fetch /event/14109837/lineups: 404
  Processing Fixture 22191 (SS: 14038615, Status: scheduled)...
    Error fetching lineups for 14038615: Failed to fetch /event/14038615/lineups: 404
  Processing Fixture 4163 (SS: 14065471, Status: scheduled)...
    Error fetching lineups for 14065471: Failed to fetch /event/14065471/lineups: 404
  Processing Fixture 4164 (SS: 14065470, Status: scheduled)...
    Error fetching lineups for 14065470: Failed to fetch /event/14065470/lineups: 404
  Processing Fixture 4165 (SS: 14065466, Status: scheduled)...
    Error fetching lineups for 14065466: Failed to fetch /event/14065466/lineups: 404
  Processing Fixture 5141 (SS: 14081801, Status: scheduled)...
    Error fetching lineups for 14081801: Failed to fetch /event/14081801/lineups: 404
  Processing Fixture 12143 (SS: 14064726, Status: scheduled)...
    Error fetching lineups for 14064726: Failed to fetch /event/14064726/lineups: 404
  Processing Fixture 12144 (SS: 14064723, Status: scheduled)...
    Error fetching lineups for 14064723: Failed to fetch /event/14064723/lineups: 404
  Processing Fixture 1126 (SS: 14059886, Status: scheduled)...
    Error fetching lineups for 14059886: Failed to fetch /event/14059886/lineups: 404
  Processing Fixture 1128 (SS: 14059878, Status: scheduled)...
    Error fetching lineups for 14059878: Failed to fetch /event/14059878/lineups: 404
  Processing Fixture 1664 (SS: 14061383, Status: scheduled)...
    Error fetching lineups for 14061383: Failed to fetch /event/14061383/lineups: 404
  Processing Fixture 1665 (SS: 14061377, Status: scheduled)...
    Error fetching lineups for 14061377: Failed to fetch /event/14061377/lineups: 404
  Processing Fixture 2220 (SS: 14060843, Status: scheduled)...
    Error fetching lineups for 14060843: Failed to fetch /event/14060843/lineups: 404
  Processing Fixture 2221 (SS: 14060857, Status: scheduled)...
    Error fetching lineups for 14060857: Failed to fetch /event/14060857/lineups: 404
  Processing Fixture 2775 (SS: 14391503, Status: scheduled)...
    Error fetching lineups for 14391503: Failed to fetch /event/14391503/lineups: 404
  Processing Fixture 21701 (SS: 13981957, Status: scheduled)...
    Error fetching lineups for 13981957: Failed to fetch /event/13981957/lineups: 404
  Processing Fixture 3237 (SS: 14035458, Status: scheduled)...
    Error fetching lineups for 14035458: Failed to fetch /event/14035458/lineups: 404
  Processing Fixture 4911 (SS: 14317752, Status: scheduled)...
    Error fetching lineups for 14317752: Failed to fetch /event/14317752/lineups: 404
  Processing Fixture 4912 (SS: 14317744, Status: scheduled)...
    Error fetching lineups for 14317744: Failed to fetch /event/14317744/lineups: 404
  Processing Fixture 4913 (SS: 14317748, Status: scheduled)...
    Error fetching lineups for 14317748: Failed to fetch /event/14317748/lineups: 404
  Processing Fixture 20146 (SS: 14159166, Status: scheduled)...
    Error fetching lineups for 14159166: Failed to fetch /event/14159166/lineups: 404
  Processing Fixture 22192 (SS: 14038619, Status: scheduled)...
    Error fetching lineups for 14038619: Failed to fetch /event/14038619/lineups: 404
  Processing Fixture 3856 (SS: 14065186, Status: scheduled)...
    Error fetching lineups for 14065186: Failed to fetch /event/14065186/lineups: 404
  Processing Fixture 3857 (SS: 14065178, Status: scheduled)...
    Error fetching lineups for 14065178: Failed to fetch /event/14065178/lineups: 404
  Processing Fixture 3858 (SS: 14065179, Status: scheduled)...
    Error fetching lineups for 14065179: Failed to fetch /event/14065179/lineups: 404
  Processing Fixture 3859 (SS: 14065180, Status: scheduled)...
    Error fetching lineups for 14065180: Failed to fetch /event/14065180/lineups: 404
  Processing Fixture 3860 (SS: 14062233, Status: scheduled)...
    Error fetching lineups for 14062233: Failed to fetch /event/14062233/lineups: 404
  Processing Fixture 19350 (SS: 14032357, Status: scheduled)...
    Error fetching lineups for 14032357: Failed to fetch /event/14032357/lineups: 404
  Processing Fixture 19896 (SS: 14109838, Status: scheduled)...
    Error fetching lineups for 14109838: Failed to fetch /event/14109838/lineups: 404
  Processing Fixture 20147 (SS: 14159162, Status: scheduled)...
    Error fetching lineups for 14159162: Failed to fetch /event/14159162/lineups: 404
  Processing Fixture 22031 (SS: 14065046, Status: scheduled)...
    Error fetching lineups for 14065046: Failed to fetch /event/14065046/lineups: 404
  Processing Fixture 22032 (SS: 14065051, Status: scheduled)...
    Error fetching lineups for 14065051: Failed to fetch /event/14065051/lineups: 404
  Processing Fixture 22033 (SS: 14065055, Status: scheduled)...
    Error fetching lineups for 14065055: Failed to fetch /event/14065055/lineups: 404
  Processing Fixture 22034 (SS: 14065048, Status: scheduled)...
    Error fetching lineups for 14065048: Failed to fetch /event/14065048/lineups: 404
  Processing Fixture 22035 (SS: 14065052, Status: scheduled)...
    Error fetching lineups for 14065052: Failed to fetch /event/14065052/lineups: 404
  Processing Fixture 22036 (SS: 14065047, Status: scheduled)...
    Error fetching lineups for 14065047: Failed to fetch /event/14065047/lineups: 404
  Processing Fixture 22037 (SS: 14065050, Status: scheduled)...
    Error fetching lineups for 14065050: Failed to fetch /event/14065050/lineups: 404
  Processing Fixture 22038 (SS: 14065049, Status: scheduled)...
    Error fetching lineups for 14065049: Failed to fetch /event/14065049/lineups: 404
  Processing Fixture 5142 (SS: 14081802, Status: scheduled)...
    Error fetching lineups for 14081802: Failed to fetch /event/14081802/lineups: 404
  Processing Fixture 5539 (SS: 14083380, Status: scheduled)...
    Error fetching lineups for 14083380: Failed to fetch /event/14083380/lineups: 404
  Processing Fixture 5540 (SS: 14083377, Status: scheduled)...
    Error fetching lineups for 14083377: Failed to fetch /event/14083377/lineups: 404
  Processing Fixture 19061 (SS: 14053678, Status: scheduled)...
    Error fetching lineups for 14053678: Failed to fetch /event/14053678/lineups: 404
  Processing Fixture 1129 (SS: 14059881, Status: scheduled)...
    Error fetching lineups for 14059881: Failed to fetch /event/14059881/lineups: 404
  Processing Fixture 1131 (SS: 14059888, Status: scheduled)...
    Error fetching lineups for 14059888: Failed to fetch /event/14059888/lineups: 404
  Processing Fixture 1132 (SS: 14059880, Status: scheduled)...
    Error fetching lineups for 14059880: Failed to fetch /event/14059880/lineups: 404
  Processing Fixture 1133 (SS: 14059883, Status: scheduled)...
    Error fetching lineups for 14059883: Failed to fetch /event/14059883/lineups: 404
  Processing Fixture 1134 (SS: 14059879, Status: scheduled)...
    Error fetching lineups for 14059879: Failed to fetch /event/14059879/lineups: 404
  Processing Fixture 1135 (SS: 14059885, Status: scheduled)...
    Error fetching lineups for 14059885: Failed to fetch /event/14059885/lineups: 404
  Processing Fixture 1666 (SS: 14061395, Status: scheduled)...
    Error fetching lineups for 14061395: Failed to fetch /event/14061395/lineups: 404
  Processing Fixture 1667 (SS: 14061346, Status: scheduled)...
    Error fetching lineups for 14061346: Failed to fetch /event/14061346/lineups: 404
  Processing Fixture 1668 (SS: 14061365, Status: scheduled)...
    Error fetching lineups for 14061365: Failed to fetch /event/14061365/lineups: 404
Scheduled window [+72h, +336h], order=asc, skipped_on_404_cooldown=0
Found 150 fixtures to process.
  Processing Fixture 4901 (SS: 14317738, Status: scheduled)...
    Error fetching lineups for 14317738: Failed to fetch /event/14317738/lineups: 404
  Processing Fixture 4902 (SS: 14317731, Status: scheduled)...
    Error fetching lineups for 14317731: Failed to fetch /event/14317731/lineups: 404
  Processing Fixture 4903 (SS: 14317741, Status: scheduled)...
    Error fetching lineups for 14317741: Failed to fetch /event/14317741/lineups: 404
  Processing Fixture 4904 (SS: 14317740, Status: scheduled)...
    Error fetching lineups for 14317740: Failed to fetch /event/14317740/lineups: 404
  Processing Fixture 4905 (SS: 14317736, Status: scheduled)...
    Error fetching lineups for 14317736: Failed to fetch /event/14317736/lineups: 404
  Processing Fixture 22441 (SS: 15362695, Status: scheduled)...
    Error fetching lineups for 15362695: Failed to fetch /event/15362695/lineups: 404
  Processing Fixture 607 (SS: 14023980, Status: scheduled)...
    Error fetching lineups for 14023980: Failed to fetch /event/14023980/lineups: 404
  Processing Fixture 608 (SS: 14023982, Status: scheduled)...
    Error fetching lineups for 14023982: Failed to fetch /event/14023982/lineups: 404
  Processing Fixture 609 (SS: 14023941, Status: scheduled)...
    Error fetching lineups for 14023941: Failed to fetch /event/14023941/lineups: 404
  Processing Fixture 1124 (SS: 15441642, Status: scheduled)...
    Error fetching lineups for 15441642: Failed to fetch /event/15441642/lineups: 404
  Processing Fixture 1661 (SS: 15437893, Status: scheduled)...
    Error fetching lineups for 15437893: Failed to fetch /event/15437893/lineups: 404
  Processing Fixture 1662 (SS: 15285161, Status: scheduled)...
    Error fetching lineups for 15285161: Failed to fetch /event/15285161/lineups: 404
  Processing Fixture 1663 (SS: 15285166, Status: scheduled)...
    Error fetching lineups for 15285166: Failed to fetch /event/15285166/lineups: 404
  Processing Fixture 2214 (SS: 15340557, Status: scheduled)...
    Error fetching lineups for 15340557: Failed to fetch /event/15340557/lineups: 404
  Processing Fixture 2215 (SS: 15395628, Status: scheduled)...
    Error fetching lineups for 15395628: Failed to fetch /event/15395628/lineups: 404
  Processing Fixture 2216 (SS: 15456993, Status: scheduled)...
    Error fetching lineups for 15456993: Failed to fetch /event/15456993/lineups: 404
  Processing Fixture 2217 (SS: 15422413, Status: scheduled)...
    Error fetching lineups for 15422413: Failed to fetch /event/15422413/lineups: 404
  Processing Fixture 2768 (SS: 15395661, Status: scheduled)...
    Error fetching lineups for 15395661: Failed to fetch /event/15395661/lineups: 404
  Processing Fixture 2769 (SS: 15578580, Status: scheduled)...
    Error fetching lineups for 15578580: Failed to fetch /event/15578580/lineups: 404
  Processing Fixture 2770 (SS: 15489538, Status: scheduled)...
    Error fetching lineups for 15489538: Failed to fetch /event/15489538/lineups: 404
  Processing Fixture 2771 (SS: 15467073, Status: scheduled)...
    Error fetching lineups for 15467073: Failed to fetch /event/15467073/lineups: 404
  Processing Fixture 2772 (SS: 15379423, Status: scheduled)...
    Error fetching lineups for 15379423: Failed to fetch /event/15379423/lineups: 404
  Processing Fixture 2773 (SS: 15445407, Status: scheduled)...
    Error fetching lineups for 15445407: Failed to fetch /event/15445407/lineups: 404
  Processing Fixture 2774 (SS: 15338278, Status: scheduled)...
    Error fetching lineups for 15338278: Failed to fetch /event/15338278/lineups: 404
  Processing Fixture 3077 (SS: 15538757, Status: scheduled)...
    Error fetching lineups for 15538757: Failed to fetch /event/15538757/lineups: 404
  Processing Fixture 3235 (SS: 15573411, Status: scheduled)...
    Error fetching lineups for 15573411: Failed to fetch /event/15573411/lineups: 404
  Processing Fixture 3236 (SS: 15416459, Status: scheduled)...
    Error fetching lineups for 15416459: Failed to fetch /event/15416459/lineups: 404
  Processing Fixture 3414 (SS: 15490658, Status: scheduled)...
    Error fetching lineups for 15490658: Failed to fetch /event/15490658/lineups: 404
  Processing Fixture 3592 (SS: 15458714, Status: scheduled)...
    Error fetching lineups for 15458714: Failed to fetch /event/15458714/lineups: 404
  Processing Fixture 3415 (SS: 15490775, Status: scheduled)...
    Error fetching lineups for 15490775: Failed to fetch /event/15490775/lineups: 404
  Processing Fixture 610 (SS: 14023985, Status: scheduled)...
    Error fetching lineups for 14023985: Failed to fetch /event/14023985/lineups: 404
  Processing Fixture 21413 (SS: 15238965, Status: scheduled)...
    Error fetching lineups for 15238965: Failed to fetch /event/15238965/lineups: 404
  Processing Fixture 21414 (SS: 15238966, Status: scheduled)...
    Error fetching lineups for 15238966: Failed to fetch /event/15238966/lineups: 404
  Processing Fixture 21415 (SS: 15238969, Status: scheduled)...
    Error fetching lineups for 15238969: Failed to fetch /event/15238969/lineups: 404
  Processing Fixture 21416 (SS: 15238967, Status: scheduled)...
    Error fetching lineups for 15238967: Failed to fetch /event/15238967/lineups: 404
  Processing Fixture 20144 (SS: 15477451, Status: scheduled)...
    Error fetching lineups for 15477451: Failed to fetch /event/15477451/lineups: 404
  Processing Fixture 20145 (SS: 15474042, Status: scheduled)...
    Error fetching lineups for 15474042: Failed to fetch /event/15474042/lineups: 404
  Processing Fixture 4906 (SS: 14317728, Status: scheduled)...
    Error fetching lineups for 14317728: Failed to fetch /event/14317728/lineups: 404
  Processing Fixture 5139 (SS: 15534915, Status: scheduled)...
    Error fetching lineups for 15534915: Failed to fetch /event/15534915/lineups: 404
  Processing Fixture 4907 (SS: 14317734, Status: scheduled)...
    Error fetching lineups for 14317734: Failed to fetch /event/14317734/lineups: 404
  Processing Fixture 4908 (SS: 14317739, Status: scheduled)...
    Error fetching lineups for 14317739: Failed to fetch /event/14317739/lineups: 404
  Processing Fixture 4909 (SS: 14317737, Status: scheduled)...
    Error fetching lineups for 14317737: Failed to fetch /event/14317737/lineups: 404
  Processing Fixture 4910 (SS: 14317733, Status: scheduled)...
    Error fetching lineups for 14317733: Failed to fetch /event/14317733/lineups: 404
  Processing Fixture 3854 (SS: 15380505, Status: scheduled)...
    Error fetching lineups for 15380505: Failed to fetch /event/15380505/lineups: 404
  Processing Fixture 22442 (SS: 15362696, Status: scheduled)...
    Error fetching lineups for 15362696: Failed to fetch /event/15362696/lineups: 404
  Processing Fixture 22443 (SS: 15362694, Status: scheduled)...
    Error fetching lineups for 15362694: Failed to fetch /event/15362694/lineups: 404
  Processing Fixture 22444 (SS: 15362693, Status: scheduled)...
    Error fetching lineups for 15362693: Failed to fetch /event/15362693/lineups: 404
  Processing Fixture 611 (SS: 14023947, Status: scheduled)...
    Error fetching lineups for 14023947: Failed to fetch /event/14023947/lineups: 404
  Processing Fixture 612 (SS: 14023984, Status: scheduled)...
    Error fetching lineups for 14023984: Failed to fetch /event/14023984/lineups: 404
  Processing Fixture 613 (SS: 14023933, Status: scheduled)...
    Error fetching lineups for 14023933: Failed to fetch /event/14023933/lineups: 404
  Processing Fixture 614 (SS: 14023986, Status: scheduled)...
    Error fetching lineups for 14023986: Failed to fetch /event/14023986/lineups: 404
  Processing Fixture 3078 (SS: 15495671, Status: scheduled)...
    Error fetching lineups for 15495671: Failed to fetch /event/15495671/lineups: 404
  Processing Fixture 615 (SS: 14023983, Status: scheduled)...
    Error fetching lineups for 14023983: Failed to fetch /event/14023983/lineups: 404
  Processing Fixture 21417 (SS: 15238970, Status: scheduled)...
    Error fetching lineups for 15238970: Failed to fetch /event/15238970/lineups: 404
  Processing Fixture 21418 (SS: 15238971, Status: scheduled)...
    Error fetching lineups for 15238971: Failed to fetch /event/15238971/lineups: 404
  Processing Fixture 21419 (SS: 15238973, Status: scheduled)...
    Error fetching lineups for 15238973: Failed to fetch /event/15238973/lineups: 404
  Processing Fixture 21420 (SS: 15238972, Status: scheduled)...
    Error fetching lineups for 15238972: Failed to fetch /event/15238972/lineups: 404
  Processing Fixture 22445 (SS: 15362699, Status: scheduled)...
    Error fetching lineups for 15362699: Failed to fetch /event/15362699/lineups: 404
  Processing Fixture 22446 (SS: 15362697, Status: scheduled)...
    Error fetching lineups for 15362697: Failed to fetch /event/15362697/lineups: 404
  Processing Fixture 616 (SS: 14023981, Status: scheduled)...
    Error fetching lineups for 14023981: Failed to fetch /event/14023981/lineups: 404
  Processing Fixture 4161 (SS: 14065464, Status: scheduled)...
    Error fetching lineups for 14065464: Failed to fetch /event/14065464/lineups: 404
  Processing Fixture 4162 (SS: 14065475, Status: scheduled)...
    Error fetching lineups for 14065475: Failed to fetch /event/14065475/lineups: 404
  Processing Fixture 22597 (SS: 15204335, Status: scheduled)...
    Error fetching lineups for 15204335: Failed to fetch /event/15204335/lineups: 404
  Processing Fixture 22598 (SS: 15204336, Status: scheduled)...
    Error fetching lineups for 15204336: Failed to fetch /event/15204336/lineups: 404
  Processing Fixture 12138 (SS: 14064720, Status: scheduled)...
    Error fetching lineups for 14064720: Failed to fetch /event/14064720/lineups: 404
  Processing Fixture 12139 (SS: 14064721, Status: scheduled)...
    Error fetching lineups for 14064721: Failed to fetch /event/14064721/lineups: 404
  Processing Fixture 12140 (SS: 14064728, Status: scheduled)...
    Error fetching lineups for 14064728: Failed to fetch /event/14064728/lineups: 404
  Processing Fixture 12141 (SS: 14383028, Status: scheduled)...
    Error fetching lineups for 14383028: Failed to fetch /event/14383028/lineups: 404
  Processing Fixture 12142 (SS: 14064722, Status: scheduled)...
    Error fetching lineups for 14064722: Failed to fetch /event/14064722/lineups: 404
  Processing Fixture 19060 (SS: 14053687, Status: scheduled)...
    Error fetching lineups for 14053687: Failed to fetch /event/14053687/lineups: 404
  Processing Fixture 22599 (SS: 15204343, Status: scheduled)...
    Error fetching lineups for 15204343: Failed to fetch /event/15204343/lineups: 404
  Processing Fixture 3855 (SS: 14062228, Status: scheduled)...
    Error fetching lineups for 14062228: Failed to fetch /event/14062228/lineups: 404
  Processing Fixture 5538 (SS: 14083363, Status: scheduled)...
    Error fetching lineups for 14083363: Failed to fetch /event/14083363/lineups: 404
  Processing Fixture 21700 (SS: 13981958, Status: scheduled)...
    Error fetching lineups for 13981958: Failed to fetch /event/13981958/lineups: 404
  Processing Fixture 5908 (SS: 14167912, Status: scheduled)...
    Error fetching lineups for 14167912: Failed to fetch /event/14167912/lineups: 404
  Processing Fixture 19349 (SS: 14032361, Status: scheduled)...
    Error fetching lineups for 14032361: Failed to fetch /event/14032361/lineups: 404
  Processing Fixture 5140 (SS: 14081805, Status: scheduled)...
    Error fetching lineups for 14081805: Failed to fetch /event/14081805/lineups: 404
  Processing Fixture 21031 (SS: 15345895, Status: scheduled)...
    Error fetching lineups for 15345895: Failed to fetch /event/15345895/lineups: 404
  Processing Fixture 2219 (SS: 14060824, Status: scheduled)...
    Error fetching lineups for 14060824: Failed to fetch /event/14060824/lineups: 404
  Processing Fixture 20830 (SS: 15238027, Status: scheduled)...
    Error fetching lineups for 15238027: Failed to fetch /event/15238027/lineups: 404
  Processing Fixture 20831 (SS: 15238029, Status: scheduled)...
    Error fetching lineups for 15238029: Failed to fetch /event/15238029/lineups: 404
  Processing Fixture 1125 (SS: 14059882, Status: scheduled)...
    Error fetching lineups for 14059882: Failed to fetch /event/14059882/lineups: 404
  Processing Fixture 20832 (SS: 15238030, Status: scheduled)...
    Error fetching lineups for 15238030: Failed to fetch /event/15238030/lineups: 404
  Processing Fixture 20833 (SS: 15238028, Status: scheduled)...
    Error fetching lineups for 15238028: Failed to fetch /event/15238028/lineups: 404
  Processing Fixture 21032 (SS: 15345912, Status: scheduled)...
    Error fetching lineups for 15345912: Failed to fetch /event/15345912/lineups: 404
  Processing Fixture 21033 (SS: 15345893, Status: scheduled)...
    Error fetching lineups for 15345893: Failed to fetch /event/15345893/lineups: 404
  Processing Fixture 21034 (SS: 15345898, Status: scheduled)...
    Error fetching lineups for 15345898: Failed to fetch /event/15345898/lineups: 404
  Processing Fixture 21035 (SS: 15342018, Status: scheduled)...
    Error fetching lineups for 15342018: Failed to fetch /event/15342018/lineups: 404
  Processing Fixture 21036 (SS: 15345899, Status: scheduled)...
    Error fetching lineups for 15345899: Failed to fetch /event/15345899/lineups: 404
  Processing Fixture 21037 (SS: 15342024, Status: scheduled)...
    Error fetching lineups for 15342024: Failed to fetch /event/15342024/lineups: 404
  Processing Fixture 21421 (SS: 15238974, Status: scheduled)...
    Error fetching lineups for 15238974: Failed to fetch /event/15238974/lineups: 404
  Processing Fixture 21422 (SS: 15238975, Status: scheduled)...
    Error fetching lineups for 15238975: Failed to fetch /event/15238975/lineups: 404
  Processing Fixture 19895 (SS: 14109837, Status: scheduled)...
    Error fetching lineups for 14109837: Failed to fetch /event/14109837/lineups: 404
  Processing Fixture 22191 (SS: 14038615, Status: scheduled)...
    Error fetching lineups for 14038615: Failed to fetch /event/14038615/lineups: 404
  Processing Fixture 4163 (SS: 14065471, Status: scheduled)...
    Error fetching lineups for 14065471: Failed to fetch /event/14065471/lineups: 404
  Processing Fixture 4164 (SS: 14065470, Status: scheduled)...
    Error fetching lineups for 14065470: Failed to fetch /event/14065470/lineups: 404
  Processing Fixture 4165 (SS: 14065466, Status: scheduled)...
    Error fetching lineups for 14065466: Failed to fetch /event/14065466/lineups: 404
  Processing Fixture 5141 (SS: 14081801, Status: scheduled)...
    Error fetching lineups for 14081801: Failed to fetch /event/14081801/lineups: 404
  Processing Fixture 12143 (SS: 14064726, Status: scheduled)...
    Error fetching lineups for 14064726: Failed to fetch /event/14064726/lineups: 404
  Processing Fixture 12144 (SS: 14064723, Status: scheduled)...
    Error fetching lineups for 14064723: Failed to fetch /event/14064723/lineups: 404
  Processing Fixture 1126 (SS: 14059886, Status: scheduled)...
    Error fetching lineups for 14059886: Failed to fetch /event/14059886/lineups: 404
  Processing Fixture 1128 (SS: 14059878, Status: scheduled)...
    Error fetching lineups for 14059878: Failed to fetch /event/14059878/lineups: 404
  Processing Fixture 1664 (SS: 14061383, Status: scheduled)...
    Error fetching lineups for 14061383: Failed to fetch /event/14061383/lineups: 404
  Processing Fixture 1665 (SS: 14061377, Status: scheduled)...
    Error fetching lineups for 14061377: Failed to fetch /event/14061377/lineups: 404
  Processing Fixture 2220 (SS: 14060843, Status: scheduled)...
    Error fetching lineups for 14060843: Failed to fetch /event/14060843/lineups: 404
  Processing Fixture 2221 (SS: 14060857, Status: scheduled)...
    Error fetching lineups for 14060857: Failed to fetch /event/14060857/lineups: 404
  Processing Fixture 2775 (SS: 14391503, Status: scheduled)...
    Error fetching lineups for 14391503: Failed to fetch /event/14391503/lineups: 404
  Processing Fixture 21701 (SS: 13981957, Status: scheduled)...
    Error fetching lineups for 13981957: Failed to fetch /event/13981957/lineups: 404
  Processing Fixture 3237 (SS: 14035458, Status: scheduled)...
    Error fetching lineups for 14035458: Failed to fetch /event/14035458/lineups: 404
  Processing Fixture 4911 (SS: 14317752, Status: scheduled)...
    Error fetching lineups for 14317752: Failed to fetch /event/14317752/lineups: 404
  Processing Fixture 4912 (SS: 14317744, Status: scheduled)...
    Error fetching lineups for 14317744: Failed to fetch /event/14317744/lineups: 404
  Processing Fixture 4913 (SS: 14317748, Status: scheduled)...
    Error fetching lineups for 14317748: Failed to fetch /event/14317748/lineups: 404
  Processing Fixture 20146 (SS: 14159166, Status: scheduled)...
    Error fetching lineups for 14159166: Failed to fetch /event/14159166/lineups: 404
  Processing Fixture 22192 (SS: 14038619, Status: scheduled)...
    Error fetching lineups for 14038619: Failed to fetch /event/14038619/lineups: 404
  Processing Fixture 3856 (SS: 14065186, Status: scheduled)...
    Error fetching lineups for 14065186: Failed to fetch /event/14065186/lineups: 404
  Processing Fixture 3857 (SS: 14065178, Status: scheduled)...
    Error fetching lineups for 14065178: Failed to fetch /event/14065178/lineups: 404
  Processing Fixture 3858 (SS: 14065179, Status: scheduled)...
    Error fetching lineups for 14065179: Failed to fetch /event/14065179/lineups: 404
  Processing Fixture 3859 (SS: 14065180, Status: scheduled)...
    Error fetching lineups for 14065180: Failed to fetch /event/14065180/lineups: 404
  Processing Fixture 3860 (SS: 14062233, Status: scheduled)...
    Error fetching lineups for 14062233: Failed to fetch /event/14062233/lineups: 404
  Processing Fixture 19350 (SS: 14032357, Status: scheduled)...
    Error fetching lineups for 14032357: Failed to fetch /event/14032357/lineups: 404
  Processing Fixture 19896 (SS: 14109838, Status: scheduled)...
    Error fetching lineups for 14109838: Failed to fetch /event/14109838/lineups: 404
  Processing Fixture 20147 (SS: 14159162, Status: scheduled)...
    Error fetching lineups for 14159162: Failed to fetch /event/14159162/lineups: 404
  Processing Fixture 22031 (SS: 14065046, Status: scheduled)...
    Error fetching lineups for 14065046: Failed to fetch /event/14065046/lineups: 404
  Processing Fixture 22032 (SS: 14065051, Status: scheduled)...
    Error fetching lineups for 14065051: Failed to fetch /event/14065051/lineups: 404
  Processing Fixture 22033 (SS: 14065055, Status: scheduled)...
    Error fetching lineups for 14065055: Failed to fetch /event/14065055/lineups: 404
  Processing Fixture 22034 (SS: 14065048, Status: scheduled)...
    Error fetching lineups for 14065048: Failed to fetch /event/14065048/lineups: 404
  Processing Fixture 22035 (SS: 14065052, Status: scheduled)...
    Error fetching lineups for 14065052: Failed to fetch /event/14065052/lineups: 404
  Processing Fixture 22036 (SS: 14065047, Status: scheduled)...
    Error fetching lineups for 14065047: Failed to fetch /event/14065047/lineups: 404
  Processing Fixture 22037 (SS: 14065050, Status: scheduled)...
    Error fetching lineups for 14065050: Failed to fetch /event/14065050/lineups: 404
  Processing Fixture 22038 (SS: 14065049, Status: scheduled)...
    Error fetching lineups for 14065049: Failed to fetch /event/14065049/lineups: 404
  Processing Fixture 5142 (SS: 14081802, Status: scheduled)...
    Error fetching lineups for 14081802: Failed to fetch /event/14081802/lineups: 404
  Processing Fixture 5539 (SS: 14083380, Status: scheduled)...
    Error fetching lineups for 14083380: Failed to fetch /event/14083380/lineups: 404
  Processing Fixture 5540 (SS: 14083377, Status: scheduled)...
    Error fetching lineups for 14083377: Failed to fetch /event/14083377/lineups: 404
  Processing Fixture 19061 (SS: 14053678, Status: scheduled)...
    Error fetching lineups for 14053678: Failed to fetch /event/14053678/lineups: 404
  Processing Fixture 1129 (SS: 14059881, Status: scheduled)...
    Error fetching lineups for 14059881: Failed to fetch /event/14059881/lineups: 404
  Processing Fixture 1131 (SS: 14059888, Status: scheduled)...
    Error fetching lineups for 14059888: Failed to fetch /event/14059888/lineups: 404
  Processing Fixture 1132 (SS: 14059880, Status: scheduled)...
    Error fetching lineups for 14059880: Failed to fetch /event/14059880/lineups: 404
  Processing Fixture 1133 (SS: 14059883, Status: scheduled)...
    Error fetching lineups for 14059883: Failed to fetch /event/14059883/lineups: 404
  Processing Fixture 1134 (SS: 14059879, Status: scheduled)...
    Error fetching lineups for 14059879: Failed to fetch /event/14059879/lineups: 404
  Processing Fixture 1135 (SS: 14059885, Status: scheduled)...
    Error fetching lineups for 14059885: Failed to fetch /event/14059885/lineups: 404
  Processing Fixture 1666 (SS: 14061395, Status: scheduled)...
    Error fetching lineups for 14061395: Failed to fetch /event/14061395/lineups: 404
  Processing Fixture 1667 (SS: 14061346, Status: scheduled)...
    Error fetching lineups for 14061346: Failed to fetch /event/14061346/lineups: 404
  Processing Fixture 1668 (SS: 14061365, Status: scheduled)...
    Error fetching lineups for 14061365: Failed to fetch /event/14061365/lineups: 404
  Processing Fixture 1669 (SS: 14061359, Status: scheduled)...
    Error fetching lineups for 14061359: Failed to fetch /event/14061359/lineups: 404
  Processing Fixture 1670 (SS: 14061389, Status: scheduled)...
    Error fetching lineups for 14061389: Failed to fetch /event/14061389/lineups: 404
  Processing Fixture 1671 (SS: 14061371, Status: scheduled)...
    Error fetching lineups for 14061371: Failed to fetch /event/14061371/lineups: 404
  Processing Fixture 1672 (SS: 14061352, Status: scheduled)...
    Error fetching lineups for 14061352: Failed to fetch /event/14061352/lineups: 404
  Processing Fixture 1673 (SS: 14061402, Status: scheduled)...
    Error fetching lineups for 14061402: Failed to fetch /event/14061402/lineups: 404
  Processing Fixture 1674 (SS: 14061408, Status: scheduled)...
    Error fetching lineups for 14061408: Failed to fetch /event/14061408/lineups: 404
  Processing Fixture 2222 (SS: 14060867, Status: scheduled)...
    Error fetching lineups for 14060867: Failed to fetch /event/14060867/lineups: 404
