Log file: artifacts/logs/manual_score_repair_20260306.log
Skipping settle phase (--skip-settle).
Skipping predict phase (--skip-predict).
COMMAND: /home/louis/developer/footy-model/.venv/bin/python /mnt/c/Developer/soccer/footy-model/src/modeling/evaluation/score_market_outcomes_fixtures_first.py --league E0 --since-days 365 --limit 2000
Scanned 2000 predictions, scored 2000, skipped 0 (missing required settlement inputs).
COMMAND: /home/louis/developer/footy-model/.venv/bin/python /mnt/c/Developer/soccer/footy-model/src/modeling/evaluation/score_market_outcomes_fixtures_first.py --league E1 --since-days 365 --limit 2000
Scanned 2000 predictions, scored 2000, skipped 0 (missing required settlement inputs).
COMMAND: /home/louis/developer/footy-model/.venv/bin/python /mnt/c/Developer/soccer/footy-model/src/modeling/evaluation/score_market_outcomes_fixtures_first.py --league E2 --since-days 365 --limit 2000
Scanned 2000 predictions, scored 2000, skipped 0 (missing required settlement inputs).
COMMAND: /home/louis/developer/footy-model/.venv/bin/python /mnt/c/Developer/soccer/footy-model/src/modeling/evaluation/score_market_outcomes_fixtures_first.py --league E3 --since-days 365 --limit 2000
Scanned 2000 predictions, scored 2000, skipped 0 (missing required settlement inputs).
COMMAND: /home/louis/developer/footy-model/.venv/bin/python /mnt/c/Developer/soccer/footy-model/src/modeling/evaluation/score_market_outcomes_fixtures_first.py --league EC --since-days 365 --limit 2000
Scanned 2000 predictions, scored 2000, skipped 0 (missing required settlement inputs).
COMMAND: /home/louis/developer/footy-model/.venv/bin/python /mnt/c/Developer/soccer/footy-model/src/modeling/evaluation/score_market_outcomes_fixtures_first.py --league SC0 --since-days 365 --limit 2000
Scanned 2000 predictions, scored 2000, skipped 0 (missing required settlement inputs).
COMMAND: /home/louis/developer/footy-model/.venv/bin/python /mnt/c/Developer/soccer/footy-model/src/modeling/evaluation/score_market_outcomes_fixtures_first.py --league SC1 --since-days 365 --limit 2000
Scanned 1729 predictions, scored 1729, skipped 0 (missing required settlement inputs).
COMMAND: /home/louis/developer/footy-model/.venv/bin/python /mnt/c/Developer/soccer/footy-model/src/modeling/evaluation/score_market_outcomes_fixtures_first.py --league SC2 --since-days 365 --limit 2000
Scanned 1581 predictions, scored 1581, skipped 0 (missing required settlement inputs).
COMMAND: /home/louis/developer/footy-model/.venv/bin/python /mnt/c/Developer/soccer/footy-model/src/modeling/evaluation/score_market_outcomes_fixtures_first.py --league SC3 --since-days 365 --limit 2000
Scanned 1559 predictions, scored 1559, skipped 0 (missing required settlement inputs).
COMMAND: /home/louis/developer/footy-model/.venv/bin/python /mnt/c/Developer/soccer/footy-model/src/modeling/evaluation/score_market_outcomes_fixtures_first.py --league D1 --since-days 365 --limit 2000
Scanned 2000 predictions, scored 2000, skipped 0 (missing required settlement inputs).
COMMAND: /home/louis/developer/footy-model/.venv/bin/python /mnt/c/Developer/soccer/footy-model/src/modeling/evaluation/score_market_outcomes_fixtures_first.py --league D2 --since-days 365 --limit 2000
Scanned 2000 predictions, scored 2000, skipped 0 (missing required settlement inputs).
COMMAND: /home/louis/developer/footy-model/.venv/bin/python /mnt/c/Developer/soccer/footy-model/src/modeling/evaluation/score_market_outcomes_fixtures_first.py --league I1 --since-days 365 --limit 2000
Scanned 2000 predictions, scored 2000, skipped 0 (missing required settlement inputs).
COMMAND: /home/louis/developer/footy-model/.venv/bin/python /mnt/c/Developer/soccer/footy-model/src/modeling/evaluation/score_market_outcomes_fixtures_first.py --league I2 --since-days 365 --limit 2000
Scanned 2000 predictions, scored 2000, skipped 0 (missing required settlement inputs).
COMMAND: /home/louis/developer/footy-model/.venv/bin/python /mnt/c/Developer/soccer/footy-model/src/modeling/evaluation/score_market_outcomes_fixtures_first.py --league SP1 --since-days 365 --limit 2000
Scanned 1646 predictions, scored 1646, skipped 0 (missing required settlement inputs).
COMMAND: /home/louis/developer/footy-model/.venv/bin/python /mnt/c/Developer/soccer/footy-model/src/modeling/evaluation/score_market_outcomes_fixtures_first.py --league SP2 --since-days 365 --limit 2000
Scanned 2000 predictions, scored 2000, skipped 0 (missing required settlement inputs).
COMMAND: /home/louis/developer/footy-model/.venv/bin/python /mnt/c/Developer/soccer/footy-model/src/modeling/evaluation/score_market_outcomes_fixtures_first.py --league F1 --since-days 365 --limit 2000
Scanned 2000 predictions, scored 2000, skipped 0 (missing required settlement inputs).
COMMAND: /home/louis/developer/footy-model/.venv/bin/python /mnt/c/Developer/soccer/footy-model/src/modeling/evaluation/score_market_outcomes_fixtures_first.py --league F2 --since-days 365 --limit 2000
Scanned 2000 predictions, scored 2000, skipped 0 (missing required settlement inputs).
COMMAND: /home/louis/developer/footy-model/.venv/bin/python /mnt/c/Developer/soccer/footy-model/src/modeling/evaluation/score_market_outcomes_fixtures_first.py --league N1 --since-days 365 --limit 2000
Scanned 2000 predictions, scored 2000, skipped 0 (missing required settlement inputs).
COMMAND: /home/louis/developer/footy-model/.venv/bin/python /mnt/c/Developer/soccer/footy-model/src/modeling/evaluation/score_market_outcomes_fixtures_first.py --league B1 --since-days 365 --limit 2000
Scanned 2000 predictions, scored 2000, skipped 0 (missing required settlement inputs).
COMMAND: /home/louis/developer/footy-model/.venv/bin/python /mnt/c/Developer/soccer/footy-model/src/modeling/evaluation/score_market_outcomes_fixtures_first.py --league P1 --since-days 365 --limit 2000
Scanned 2000 predictions, scored 2000, skipped 0 (missing required settlement inputs).
COMMAND: /home/louis/developer/footy-model/.venv/bin/python /mnt/c/Developer/soccer/footy-model/src/modeling/evaluation/score_market_outcomes_fixtures_first.py --league T1 --since-days 365 --limit 2000
Scanned 2000 predictions, scored 2000, skipped 0 (missing required settlement inputs).
COMMAND: /home/louis/developer/footy-model/.venv/bin/python /mnt/c/Developer/soccer/footy-model/src/modeling/evaluation/score_market_outcomes_fixtures_first.py --league G1 --since-days 365 --limit 2000
Scanned 2000 predictions, scored 2000, skipped 0 (missing required settlement inputs).
COMMAND: /home/louis/developer/footy-model/.venv/bin/python /mnt/c/Developer/soccer/footy-model/src/modeling/evaluation/score_market_outcomes_fixtures_first.py --league AT1 --since-days 365 --limit 2000
Scanned 1608 predictions, scored 1608, skipped 0 (missing required settlement inputs).
COMMAND: /home/louis/developer/footy-model/.venv/bin/python /mnt/c/Developer/soccer/footy-model/src/modeling/evaluation/score_market_outcomes_fixtures_first.py --league BR1 --since-days 365 --limit 2000
Scanned 468 predictions, scored 468, skipped 0 (missing required settlement inputs).
COMMAND: /home/louis/developer/footy-model/.venv/bin/python /mnt/c/Developer/soccer/footy-model/src/modeling/evaluation/score_market_outcomes_fixtures_first.py --league DK1 --since-days 365 --limit 2000
Scanned 1686 predictions, scored 1686, skipped 0 (missing required settlement inputs).
COMMAND: /home/louis/developer/footy-model/.venv/bin/python /mnt/c/Developer/soccer/footy-model/src/modeling/evaluation/score_market_outcomes_fixtures_first.py --league IE1 --since-days 365 --limit 2000
Scanned 219 predictions, scored 219, skipped 0 (missing required settlement inputs).
COMMAND: /home/louis/developer/footy-model/.venv/bin/python /mnt/c/Developer/soccer/footy-model/src/modeling/evaluation/score_market_outcomes_fixtures_first.py --league JP1 --since-days 365 --limit 2000
Scanned 480 predictions, scored 480, skipped 0 (missing required settlement inputs).
COMMAND: /home/louis/developer/footy-model/.venv/bin/python /mnt/c/Developer/soccer/footy-model/src/modeling/evaluation/score_market_outcomes_fixtures_first.py --league MX1 --since-days 365 --limit 2000
Scanned 2000 predictions, scored 2000, skipped 0 (missing required settlement inputs).
COMMAND: /home/louis/developer/footy-model/.venv/bin/python /mnt/c/Developer/soccer/footy-model/src/modeling/evaluation/score_market_outcomes_fixtures_first.py --league PL1 --since-days 365 --limit 2000
Scanned 2000 predictions, scored 2000, skipped 0 (missing required settlement inputs).
COMMAND: /home/louis/developer/footy-model/.venv/bin/python /mnt/c/Developer/soccer/footy-model/src/modeling/evaluation/score_market_outcomes_fixtures_first.py --league RO1 --since-days 365 --limit 2000
Scanned 2000 predictions, scored 2000, skipped 0 (missing required settlement inputs).
COMMAND: /home/louis/developer/footy-model/.venv/bin/python /mnt/c/Developer/soccer/footy-model/src/modeling/evaluation/score_market_outcomes_fixtures_first.py --league RU1 --since-days 365 --limit 2000
Scanned 27 predictions, scored 27, skipped 0 (missing required settlement inputs).
COMMAND: /home/louis/developer/footy-model/.venv/bin/python /mnt/c/Developer/soccer/footy-model/src/modeling/evaluation/score_market_outcomes_fixtures_first.py --league CH1 --since-days 365 --limit 2000
Scanned 2000 predictions, scored 2000, skipped 0 (missing required settlement inputs).
COMMAND: /home/louis/developer/footy-model/.venv/bin/python /mnt/c/Developer/soccer/footy-model/src/modeling/evaluation/score_market_outcomes_fixtures_first.py --league CH2 --since-days 365 --limit 2000
Scanned 1659 predictions, scored 1659, skipped 0 (missing required settlement inputs).
COMMAND: /home/louis/developer/footy-model/.venv/bin/python /mnt/c/Developer/soccer/footy-model/src/modeling/evaluation/score_market_outcomes_fixtures_first.py --league CL --since-days 365 --limit 2000
Scanned 2000 predictions, scored 2000, skipped 0 (missing required settlement inputs).
COMMAND: /home/louis/developer/footy-model/.venv/bin/python /mnt/c/Developer/soccer/footy-model/src/modeling/evaluation/score_market_outcomes_fixtures_first.py --league EL --since-days 365 --limit 2000
Scanned 2000 predictions, scored 2000, skipped 0 (missing required settlement inputs).
COMMAND: /home/louis/developer/footy-model/.venv/bin/python /mnt/c/Developer/soccer/footy-model/src/modeling/evaluation/score_market_outcomes_fixtures_first.py --league ECL --since-days 365 --limit 2000
Scanned 1790 predictions, scored 1790, skipped 0 (missing required settlement inputs).
