Log file: C:\Developer\soccer\footy-model\artifacts\logs\reconcile_stale_ft_matches_20260228T191602Z.log
============================================================
Sofa Reconcile: Stale/FT Missing Results
============================================================
started_at=2026-02-28T19:16:02.755926+00:00 dry_run=False league=None limit=200
Fixture 22187 (Sofa=14038607, kickoff=2026-02-28 13:30:00+00:00)
  Settled to FT: 2-1
Fixture 19890 (Sofa=14109823, kickoff=2026-02-28 14:00:00+00:00)
  Settled to FT: 3-1
Fixture 19891 (Sofa=14109820, kickoff=2026-02-28 14:00:00+00:00)
  Settled to FT: 0-0
Fixture 20138 (Sofa=14159154, kickoff=2026-02-28 15:30:00+00:00)
  Not terminal yet (status.type=inprogress).
Fixture 4513 (Sofa=13981694, kickoff=2026-02-28 16:00:00+00:00)
  Settled to FT: 1-2
Fixture 20139 (Sofa=14159158, kickoff=2026-02-28 16:00:00+00:00)
  Not terminal yet (status.type=inprogress).
Fixture 22026 (Sofa=14065042, kickoff=2026-02-28 16:00:00+00:00)
  Not terminal yet (status.type=inprogress).
Fixture 22435 (Sofa=15362679, kickoff=2026-02-28 16:00:00+00:00)
  Settled to FT: 2-1
Fixture 22436 (Sofa=15362684, kickoff=2026-02-28 16:00:00+00:00)
  Settled to FT: 2-1
Fixture 22594 (Sofa=15204332, kickoff=2026-02-28 16:00:00+00:00)
  Settled to FT: 0-1
Fixture 19343 (Sofa=14032350, kickoff=2026-02-28 16:15:00+00:00)
  Not terminal yet (status.type=inprogress).

Summary:
  processed: 11
  settled: 7
  cancelled_or_postponed: 0
  unfinished: 4
  missing_scores: 0
  fetch_errors: 0
