Log file: C:\Developer\soccer\footy-model\artifacts\logs\reconcile_stale_ft_matches_20260226T031327Z.log
============================================================
Sofa Reconcile: Stale/FT Missing Results
============================================================
started_at=2026-02-26T03:13:27.863405+00:00 dry_run=False league=None limit=500
Fixture 21236 (Sofa=13984875, kickoff=2025-09-14 07:00:00+00:00)
  Settled to FT: 2-2
Fixture 21237 (Sofa=13984877, kickoff=2025-09-14 07:00:00+00:00)
  Settled to FT: 0-0
Fixture 21238 (Sofa=13984879, kickoff=2025-09-14 09:00:00+00:00)
  Settled to FT: 3-1
Fixture 21239 (Sofa=13984867, kickoff=2025-09-14 09:15:00+00:00)
  Settled to FT: 1-2
Fixture 20001 (Sofa=14151961, kickoff=2025-09-14 12:00:00+00:00)
  Settled to FT: 3-2
Fixture 20002 (Sofa=14151970, kickoff=2025-09-14 12:00:00+00:00)
  Settled to FT: 2-2
Fixture 20003 (Sofa=14151976, kickoff=2025-09-14 14:00:00+00:00)
  Settled to FT: 0-1
Fixture 21240 (Sofa=13984881, kickoff=2025-09-15 05:00:00+00:00)
  Settled to FT: 0-1
Fixture 21241 (Sofa=13984883, kickoff=2025-09-15 07:00:00+00:00)
  Settled to FT: 1-1
Fixture 21242 (Sofa=13984769, kickoff=2025-09-18 07:07:00+00:00)
  Settled to FT: 0-0
Fixture 19721 (Sofa=14109652, kickoff=2025-09-19 14:00:00+00:00)
  Settled to FT: 3-0
Fixture 21243 (Sofa=13984885, kickoff=2025-09-20 07:00:00+00:00)
  Settled to FT: 3-2
Fixture 21244 (Sofa=13984887, kickoff=2025-09-20 07:00:00+00:00)
  Settled to FT: 1-0
Fixture 21245 (Sofa=13984891, kickoff=2025-09-20 09:00:00+00:00)
  Settled to FT: 1-1
Fixture 21246 (Sofa=13984889, kickoff=2025-09-20 09:05:00+00:00)
  Settled to FT: 5-0
Fixture 3493 (Sofa=14035691, kickoff=2025-09-20 13:00:00+00:00)
  Settled to FT: 2-1
Fixture 3494 (Sofa=14035694, kickoff=2025-09-20 13:00:00+00:00)
  Settled to FT: 1-1
Fixture 3495 (Sofa=14035693, kickoff=2025-09-20 13:00:00+00:00)
  Settled to FT: 1-3
Fixture 3496 (Sofa=14035697, kickoff=2025-09-20 13:00:00+00:00)
  Settled to FT: 1-1
Fixture 3497 (Sofa=14035690, kickoff=2025-09-20 13:00:00+00:00)
  Settled to FT: 1-0
Fixture 21247 (Sofa=13984893, kickoff=2025-09-21 05:00:00+00:00)
  Settled to FT: 0-2
Fixture 21248 (Sofa=13984897, kickoff=2025-09-21 07:00:00+00:00)
  Settled to FT: 1-1
Fixture 21249 (Sofa=13984895, kickoff=2025-09-21 07:07:00+00:00)
  Settled to FT: 0-3
Fixture 21250 (Sofa=13984899, kickoff=2025-09-21 09:05:00+00:00)
  Settled to FT: 2-2
Fixture 21251 (Sofa=13984901, kickoff=2025-09-22 05:00:00+00:00)
  Settled to FT: 1-4
Fixture 21252 (Sofa=13984905, kickoff=2025-09-24 07:00:00+00:00)
  Settled to FT: 2-2
Fixture 21253 (Sofa=13984903, kickoff=2025-09-24 07:07:00+00:00)
  Settled to FT: 3-1
Fixture 21254 (Sofa=13984910, kickoff=2025-09-24 09:00:00+00:00)
  Settled to FT: 3-1
Fixture 21255 (Sofa=13984908, kickoff=2025-09-24 09:05:00+00:00)
  Settled to FT: 2-2
Fixture 21256 (Sofa=13984913, kickoff=2025-09-25 06:00:00+00:00)
  Settled to FT: 2-2
Fixture 21257 (Sofa=13984915, kickoff=2025-09-25 07:00:00+00:00)
  Settled to FT: 2-0
Fixture 21258 (Sofa=13984917, kickoff=2025-09-25 08:00:00+00:00)
  Settled to FT: 6-2
Fixture 21259 (Sofa=13984919, kickoff=2025-09-25 09:00:00+00:00)
  Settled to FT: 0-1
Fixture 21260 (Sofa=13984921, kickoff=2025-09-25 09:00:00+00:00)
  Settled to FT: 1-0
Fixture 21261 (Sofa=13984923, kickoff=2025-09-27 07:00:00+00:00)
  Settled to FT: 2-0
Fixture 3498 (Sofa=14035700, kickoff=2025-09-27 13:00:00+00:00)
  Settled to FT: 2-3
Fixture 3499 (Sofa=14035696, kickoff=2025-09-27 13:00:00+00:00)
  Settled to FT: 1-1
Fixture 3500 (Sofa=14035703, kickoff=2025-09-27 13:00:00+00:00)
  Settled to FT: 3-1
Fixture 3501 (Sofa=14035698, kickoff=2025-09-27 13:00:00+00:00)
  Settled to FT: 1-2
Fixture 3502 (Sofa=14035699, kickoff=2025-09-27 13:00:00+00:00)
  Settled to FT: 2-4
Fixture 21262 (Sofa=13984925, kickoff=2025-09-28 05:00:00+00:00)
  Settled to FT: 0-2
Fixture 21263 (Sofa=13984929, kickoff=2025-09-28 05:00:00+00:00)
  Settled to FT: 3-2
Fixture 21264 (Sofa=13984927, kickoff=2025-09-28 05:00:00+00:00)
  Settled to FT: 2-1
Fixture 21265 (Sofa=13984931, kickoff=2025-09-28 07:00:00+00:00)
  Settled to FT: 1-0
Fixture 21266 (Sofa=13984934, kickoff=2025-09-28 07:00:00+00:00)
  Settled to FT: 3-1
Fixture 21267 (Sofa=13984932, kickoff=2025-09-28 09:05:00+00:00)
  Settled to FT: 4-1
Fixture 21268 (Sofa=13984933, kickoff=2025-09-29 05:00:00+00:00)
  Settled to FT: 0-2
Fixture 21269 (Sofa=13984935, kickoff=2025-09-29 09:05:00+00:00)
  Settled to FT: 2-0
Fixture 21270 (Sofa=13984936, kickoff=2025-10-04 07:00:00+00:00)
  Settled to FT: 0-1
Fixture 21271 (Sofa=13984937, kickoff=2025-10-04 09:00:00+00:00)
  Settled to FT: 2-1
Fixture 21272 (Sofa=13984938, kickoff=2025-10-04 09:05:00+00:00)
  Settled to FT: 3-1
Fixture 3503 (Sofa=14035704, kickoff=2025-10-04 13:00:00+00:00)
  Settled to FT: 2-2
Fixture 3504 (Sofa=14035701, kickoff=2025-10-04 13:00:00+00:00)
  Settled to FT: 2-1
Fixture 3505 (Sofa=14035705, kickoff=2025-10-04 13:00:00+00:00)
  Settled to FT: 0-1
Fixture 3506 (Sofa=14035706, kickoff=2025-10-04 13:00:00+00:00)
  Settled to FT: 0-1
Fixture 3507 (Sofa=14035702, kickoff=2025-10-04 13:00:00+00:00)
  Settled to FT: 2-2
Fixture 21273 (Sofa=13984939, kickoff=2025-10-05 05:00:00+00:00)
  Settled to FT: 3-1
Fixture 21274 (Sofa=13984941, kickoff=2025-10-05 07:00:00+00:00)
  Settled to FT: 1-1
Fixture 21275 (Sofa=13984940, kickoff=2025-10-05 07:00:00+00:00)
  Settled to FT: 2-4
Fixture 21276 (Sofa=13984942, kickoff=2025-10-05 09:05:00+00:00)
  Settled to FT: 3-0
Fixture 21277 (Sofa=13984943, kickoff=2025-10-06 07:00:00+00:00)
  Settled to FT: 1-2
Fixture 21278 (Sofa=13984944, kickoff=2025-10-06 09:05:00+00:00)
  Settled to FT: 2-2
Fixture 21279 (Sofa=13984945, kickoff=2025-10-18 07:00:00+00:00)
  Settled to FT: 4-3
Fixture 21280 (Sofa=13984946, kickoff=2025-10-18 09:00:00+00:00)
  Settled to FT: 2-0
Fixture 21281 (Sofa=13984947, kickoff=2025-10-18 09:00:00+00:00)
  Settled to FT: 5-3
Fixture 3508 (Sofa=14035708, kickoff=2025-10-18 13:00:00+00:00)
  Settled to FT: 1-2
Fixture 3509 (Sofa=14035710, kickoff=2025-10-18 13:00:00+00:00)
  Settled to FT: 1-3
Fixture 3510 (Sofa=14035707, kickoff=2025-10-18 13:00:00+00:00)
  Settled to FT: 1-1
Fixture 3511 (Sofa=14035709, kickoff=2025-10-18 13:00:00+00:00)
  Settled to FT: 3-0
Fixture 3512 (Sofa=14035711, kickoff=2025-10-18 13:00:00+00:00)
  Settled to FT: 0-0
Fixture 21282 (Sofa=13984953, kickoff=2025-10-19 05:00:00+00:00)
  Settled to FT: 4-0
Fixture 21283 (Sofa=13984949, kickoff=2025-10-19 05:00:00+00:00)
  Settled to FT: 2-0
Fixture 21284 (Sofa=13984948, kickoff=2025-10-19 05:00:00+00:00)
  Settled to FT: 2-2
Fixture 21285 (Sofa=13984951, kickoff=2025-10-19 07:00:00+00:00)
  Settled to FT: 1-1
Fixture 21286 (Sofa=13984950, kickoff=2025-10-19 07:07:00+00:00)
  Settled to FT: 2-0
Fixture 21287 (Sofa=13984952, kickoff=2025-10-19 09:05:00+00:00)
  Settled to FT: 2-1
Fixture 21901 (Sofa=14054769, kickoff=2025-10-20 12:00:00+00:00)
  Settled to FT: 0-2
Fixture 21288 (Sofa=13984954, kickoff=2025-10-22 07:00:00+00:00)
  Settled to FT: 2-1
Fixture 21289 (Sofa=13984955, kickoff=2025-10-22 07:00:00+00:00)
  Settled to FT: 1-1
Fixture 21290 (Sofa=13984956, kickoff=2025-10-22 09:00:00+00:00)
  Settled to FT: 2-2
Fixture 21291 (Sofa=13984957, kickoff=2025-10-22 09:05:00+00:00)
  Settled to FT: 4-2
Fixture 21292 (Sofa=13984959, kickoff=2025-10-23 07:00:00+00:00)
  Settled to FT: 1-0
Fixture 21293 (Sofa=13984958, kickoff=2025-10-23 07:00:00+00:00)
  Settled to FT: 1-2
Fixture 21294 (Sofa=13984961, kickoff=2025-10-23 09:00:00+00:00)
  Settled to FT: 0-0
Fixture 21295 (Sofa=13984960, kickoff=2025-10-23 09:00:00+00:00)
  Settled to FT: 2-0
Fixture 21296 (Sofa=13984962, kickoff=2025-10-23 09:05:00+00:00)
  Settled to FT: 0-1
Fixture 21297 (Sofa=13984963, kickoff=2025-10-25 07:00:00+00:00)
  Settled to FT: 4-4
Fixture 21298 (Sofa=13984964, kickoff=2025-10-25 09:00:00+00:00)
  Settled to FT: 2-2
Fixture 21299 (Sofa=13984965, kickoff=2025-10-26 05:00:00+00:00)
  Settled to FT: 2-0
Fixture 21300 (Sofa=13984966, kickoff=2025-10-26 06:00:00+00:00)
  Settled to FT: 1-1
Fixture 21301 (Sofa=13984969, kickoff=2025-10-26 06:07:00+00:00)
  Settled to FT: 4-1
Fixture 21302 (Sofa=13984968, kickoff=2025-10-26 09:05:00+00:00)
  Settled to FT: 2-0
Fixture 21303 (Sofa=13984970, kickoff=2025-10-27 05:00:00+00:00)
  Settled to FT: 3-1
Fixture 21304 (Sofa=13984971, kickoff=2025-10-27 07:00:00+00:00)
  Settled to FT: 3-4
Fixture 21305 (Sofa=13984967, kickoff=2025-10-27 07:00:00+00:00)
  Settled to FT: 2-2
Fixture 21306 (Sofa=13984972, kickoff=2025-11-01 07:00:00+00:00)
  Settled to FT: 4-1
Fixture 21307 (Sofa=13984974, kickoff=2025-11-01 09:00:00+00:00)
  Settled to FT: 1-2
Fixture 21308 (Sofa=13984973, kickoff=2025-11-01 09:05:00+00:00)
  Settled to FT: 0-3
Fixture 3513 (Sofa=14035713, kickoff=2025-11-01 15:00:00+00:00)
  Settled to FT: 0-1
Fixture 3514 (Sofa=14035714, kickoff=2025-11-01 15:00:00+00:00)
  Settled to FT: 3-1
Fixture 3515 (Sofa=14035712, kickoff=2025-11-01 15:00:00+00:00)
  Settled to FT: 2-0
Fixture 3516 (Sofa=14035716, kickoff=2025-11-01 15:00:00+00:00)
  Settled to FT: 2-1
Fixture 3517 (Sofa=14035715, kickoff=2025-11-01 15:00:00+00:00)
  Settled to FT: 3-1
Fixture 21309 (Sofa=13984975, kickoff=2025-11-02 05:00:00+00:00)
  Settled to FT: 0-0
Fixture 21310 (Sofa=13984976, kickoff=2025-11-02 07:05:00+00:00)
  Settled to FT: 1-1
Fixture 21311 (Sofa=13984977, kickoff=2025-11-02 09:10:00+00:00)
  Settled to FT: 2-0
Fixture 21312 (Sofa=13984978, kickoff=2025-11-03 00:00:00+00:00)
  Settled to FT: 4-1
Fixture 21313 (Sofa=13984979, kickoff=2025-11-03 05:00:00+00:00)
  Settled to FT: 1-0
Fixture 21314 (Sofa=13984980, kickoff=2025-11-03 07:00:00+00:00)
  Settled to FT: 0-1
Fixture 19778 (Sofa=14109711, kickoff=2025-11-07 14:00:00+00:00)
  Settled to FT: 2-1
Fixture 21315 (Sofa=13984981, kickoff=2025-11-08 07:00:00+00:00)
  Settled to FT: 1-2
Fixture 21316 (Sofa=13984983, kickoff=2025-11-08 09:00:00+00:00)
  Settled to FT: 1-1
Fixture 21317 (Sofa=13984982, kickoff=2025-11-08 09:00:00+00:00)
  Settled to FT: 2-0
Fixture 3518 (Sofa=14035735, kickoff=2025-11-08 15:00:00+00:00)
  Settled to FT: 0-0
Fixture 3519 (Sofa=14035719, kickoff=2025-11-08 15:00:00+00:00)
  Settled to FT: 1-1
Fixture 3520 (Sofa=14035718, kickoff=2025-11-08 15:00:00+00:00)
  Settled to FT: 2-1
Fixture 3521 (Sofa=14035717, kickoff=2025-11-08 15:00:00+00:00)
  Settled to FT: 1-3
Fixture 3522 (Sofa=14035720, kickoff=2025-11-08 15:00:00+00:00)
  Settled to FT: 2-0
Fixture 21318 (Sofa=13984985, kickoff=2025-11-09 05:00:00+00:00)
  Settled to FT: 3-1
Fixture 21319 (Sofa=13984984, kickoff=2025-11-09 05:07:00+00:00)
  Settled to FT: 4-2
Fixture 21320 (Sofa=13984986, kickoff=2025-11-09 07:00:00+00:00)
  Settled to FT: 1-2
Fixture 21321 (Sofa=13984987, kickoff=2025-11-09 07:00:00+00:00)
  Settled to FT: 2-0
Fixture 21322 (Sofa=13984988, kickoff=2025-11-09 09:05:00+00:00)
  Settled to FT: 2-3
Fixture 21323 (Sofa=13984989, kickoff=2025-11-10 05:00:00+00:00)
  Settled to FT: 1-0
Fixture 3523 (Sofa=14035724, kickoff=2025-11-15 15:00:00+00:00)
  Settled to FT: 1-3
Fixture 3524 (Sofa=14035723, kickoff=2025-11-15 15:00:00+00:00)
  Settled to FT: 0-4
Fixture 3525 (Sofa=14035721, kickoff=2025-11-15 15:00:00+00:00)
  Settled to FT: 1-1
Fixture 3526 (Sofa=14035725, kickoff=2025-11-15 15:00:00+00:00)
  Settled to FT: 1-1
Fixture 3527 (Sofa=14035722, kickoff=2025-11-15 15:00:00+00:00)
  Settled to FT: 2-0
Fixture 21324 (Sofa=15029791, kickoff=2025-11-21 07:00:00+00:00)
  Settled to FT: 3-1
Fixture 21325 (Sofa=15029788, kickoff=2025-11-21 09:00:00+00:00)
  Settled to FT: 3-1
Fixture 3528 (Sofa=14035728, kickoff=2025-11-22 15:00:00+00:00)
  Settled to FT: 1-1
Fixture 3529 (Sofa=14035726, kickoff=2025-11-22 15:00:00+00:00)
  Settled to FT: 1-0
Fixture 3530 (Sofa=14035729, kickoff=2025-11-22 15:00:00+00:00)
  Settled to FT: 1-1
Fixture 3531 (Sofa=14035730, kickoff=2025-11-22 15:00:00+00:00)
  Settled to FT: 0-4
Fixture 3532 (Sofa=14035727, kickoff=2025-11-22 15:00:00+00:00)
  Settled to FT: 1-4
Fixture 18945 (Sofa=14053627, kickoff=2025-11-22 16:45:00+00:00)
  Settled to FT: 1-1
Fixture 21326 (Sofa=15131513, kickoff=2025-11-24 07:00:00+00:00)
  Settled to FT: 2-1
Fixture 21327 (Sofa=15142154, kickoff=2025-11-27 07:00:00+00:00)
  Settled to FT: 1-2
Fixture 21328 (Sofa=15035436, kickoff=2025-11-27 09:05:00+00:00)
  Settled to FT: 2-0
Fixture 21329 (Sofa=15131922, kickoff=2025-11-27 11:00:00+00:00)
  Settled to FT: 3-0
Fixture 21330 (Sofa=15035435, kickoff=2025-11-28 08:07:00+00:00)
  Settled to FT: 0-0
Fixture 21331 (Sofa=15037748, kickoff=2025-11-30 05:00:00+00:00)
  Settled to FT: 2-1
Fixture 21332 (Sofa=15144939, kickoff=2025-11-30 07:05:00+00:00)
  Settled to FT: 0-0
Fixture 21333 (Sofa=15133531, kickoff=2025-11-30 09:10:00+00:00)
  Settled to FT: 5-0
Fixture 21334 (Sofa=15037744, kickoff=2025-12-01 07:00:00+00:00)
  Settled to FT: 3-2
Fixture 21335 (Sofa=15168005, kickoff=2025-12-04 07:00:00+00:00)
  Settled to FT: 1-1
Fixture 21336 (Sofa=15168004, kickoff=2025-12-04 09:10:00+00:00)
  Settled to FT: 1-0
Fixture 12051 (Sofa=14064792, kickoff=2025-12-05 18:00:00+00:00)
  Settled to FT: 0-3
Fixture 3533 (Sofa=14035736, kickoff=2025-12-06 15:00:00+00:00)
  Settled to FT: 3-2
Fixture 3534 (Sofa=14035733, kickoff=2025-12-06 15:00:00+00:00)
  Settled to FT: 1-1
Fixture 3535 (Sofa=14035732, kickoff=2025-12-06 15:00:00+00:00)
  Settled to FT: 4-3
Fixture 3536 (Sofa=14035734, kickoff=2025-12-06 15:00:00+00:00)
  Settled to FT: 0-3
Fixture 3537 (Sofa=14035731, kickoff=2025-12-06 15:00:00+00:00)
  Settled to FT: 1-1
Fixture 21337 (Sofa=15168006, kickoff=2025-12-07 07:00:00+00:00)
  Settled to FT: 3-2
Fixture 21338 (Sofa=15168021, kickoff=2025-12-07 09:10:00+00:00)
  Settled to FT: 1-1
Fixture 5028 (Sofa=14083163, kickoff=2025-12-07 14:15:00+00:00)
  Settled to FT: 1-1
Fixture 934 (Sofa=14059692, kickoff=2025-12-09 19:45:00+00:00)
  Settled to FT: 1-1
Fixture 21339 (Sofa=15192302, kickoff=2025-12-12 08:00:00+00:00)
  Settled to FT: 1-0
Fixture 3538 (Sofa=14035740, kickoff=2025-12-13 15:00:00+00:00)
  Settled to FT: 1-4
Fixture 3539 (Sofa=14035738, kickoff=2025-12-13 15:00:00+00:00)
  Settled to FT: 1-1
Fixture 3540 (Sofa=14035741, kickoff=2025-12-13 15:00:00+00:00)
  Settled to FT: 1-2
Fixture 3541 (Sofa=14035739, kickoff=2025-12-13 15:00:00+00:00)
  Settled to FT: 2-0
Fixture 3542 (Sofa=14035737, kickoff=2025-12-13 15:00:00+00:00)
  Settled to FT: 3-1
Fixture 21340 (Sofa=15192483, kickoff=2025-12-15 07:00:00+00:00)
  Settled to FT: 2-1
Fixture 3543 (Sofa=14035745, kickoff=2025-12-20 15:00:00+00:00)
  Settled to FT: 1-1
Fixture 3544 (Sofa=14035743, kickoff=2025-12-20 15:00:00+00:00)
  Settled to FT: 1-2
Fixture 3545 (Sofa=14035742, kickoff=2025-12-20 15:00:00+00:00)
  Settled to FT: 1-3
Fixture 3546 (Sofa=14035747, kickoff=2025-12-20 15:00:00+00:00)
  Settled to FT: 1-0
Fixture 3547 (Sofa=14035744, kickoff=2025-12-20 15:00:00+00:00)
  Settled to FT: 2-3
Fixture 3376 (Sofa=14035576, kickoff=2025-12-27 15:00:00+00:00)
  Settled to FT: 0-1
Fixture 3548 (Sofa=14035746, kickoff=2025-12-27 15:00:00+00:00)
  Settled to FT: 2-2
Fixture 3549 (Sofa=14035748, kickoff=2025-12-27 15:00:00+00:00)
  Settled to FT: 1-2
Fixture 3550 (Sofa=14035749, kickoff=2025-12-27 15:00:00+00:00)
  Settled to FT: 1-1
Fixture 3551 (Sofa=14035751, kickoff=2025-12-27 15:00:00+00:00)
  Settled to FT: 4-2
Fixture 3552 (Sofa=14035750, kickoff=2025-12-27 15:00:00+00:00)
  Settled to FT: 1-3
Fixture 3553 (Sofa=14035755, kickoff=2026-01-03 15:00:00+00:00)
  Settled to FT: 2-0
Fixture 3554 (Sofa=14035756, kickoff=2026-01-03 15:00:00+00:00)
  Settled to FT: 1-1
Fixture 3555 (Sofa=14035752, kickoff=2026-01-03 15:00:00+00:00)
  Settled to FT: 1-1
Fixture 21341 (Sofa=15238893, kickoff=2026-01-10 07:00:00+00:00)
  Settled to FT: 1-2
Fixture 21342 (Sofa=15238891, kickoff=2026-01-10 09:00:00+00:00)
  Settled to FT: 1-0
Fixture 21343 (Sofa=15238892, kickoff=2026-01-10 09:00:00+00:00)
  Settled to FT: 0-0
Fixture 3556 (Sofa=14035760, kickoff=2026-01-10 15:00:00+00:00)
  Settled to FT: 1-4
Fixture 3557 (Sofa=14035761, kickoff=2026-01-10 15:00:00+00:00)
  Settled to FT: 2-2
Fixture 21344 (Sofa=15238894, kickoff=2026-01-11 05:07:00+00:00)
  Settled to FT: 2-0
Fixture 21345 (Sofa=15238896, kickoff=2026-01-11 07:00:00+00:00)
  Settled to FT: 1-3
Fixture 21346 (Sofa=15238895, kickoff=2026-01-11 07:00:00+00:00)
  Settled to FT: 2-1
Fixture 21347 (Sofa=15238897, kickoff=2026-01-11 09:05:00+00:00)
  Settled to FT: 0-1
Fixture 21348 (Sofa=15238898, kickoff=2026-01-12 00:00:00+00:00)
  Settled to FT: 1-1
Fixture 21349 (Sofa=15238899, kickoff=2026-01-12 07:00:00+00:00)
  Settled to FT: 1-2
Fixture 21350 (Sofa=15238902, kickoff=2026-01-14 05:00:00+00:00)
  Settled to FT: 2-1
Fixture 21351 (Sofa=15238900, kickoff=2026-01-14 07:00:00+00:00)
  Settled to FT: 0-2
Fixture 21352 (Sofa=15238901, kickoff=2026-01-14 07:06:00+00:00)
  Settled to FT: 2-1
Fixture 21353 (Sofa=15238904, kickoff=2026-01-14 09:10:00+00:00)
  Settled to FT: 0-1
Fixture 21354 (Sofa=15238903, kickoff=2026-01-15 05:00:00+00:00)
  Settled to FT: 2-0
Fixture 21355 (Sofa=15238906, kickoff=2026-01-15 07:00:00+00:00)
  Settled to FT: 1-2
Fixture 21356 (Sofa=15238905, kickoff=2026-01-15 07:05:00+00:00)
  Settled to FT: 0-2
Fixture 21357 (Sofa=15238907, kickoff=2026-01-15 09:06:00+00:00)
  Settled to FT: 0-1
Fixture 21358 (Sofa=15238908, kickoff=2026-01-15 09:10:00+00:00)
  Settled to FT: 3-1
Fixture 21359 (Sofa=15238909, kickoff=2026-01-17 09:00:00+00:00)
  Settled to FT: 1-5
Fixture 3558 (Sofa=14035767, kickoff=2026-01-17 15:00:00+00:00)
  Settled to FT: 1-2
Fixture 21360 (Sofa=15238912, kickoff=2026-01-18 05:00:00+00:00)
  Settled to FT: 0-1
Fixture 21361 (Sofa=15238911, kickoff=2026-01-18 05:07:00+00:00)
  Settled to FT: 2-1
Fixture 21362 (Sofa=15238913, kickoff=2026-01-18 07:00:00+00:00)
  Settled to FT: 0-0
Fixture 21363 (Sofa=15238915, kickoff=2026-01-18 09:05:00+00:00)
  Settled to FT: 1-0
Fixture 21364 (Sofa=15238914, kickoff=2026-01-18 09:06:00+00:00)
  Settled to FT: 1-1
Fixture 21365 (Sofa=15238916, kickoff=2026-01-19 00:00:00+00:00)
  Settled to FT: 1-1
Fixture 21366 (Sofa=15238917, kickoff=2026-01-19 05:00:00+00:00)
  Settled to FT: 2-2
Fixture 21367 (Sofa=15238918, kickoff=2026-01-19 07:06:00+00:00)
  Settled to FT: 0-0
Fixture 3559 (Sofa=14035770, kickoff=2026-01-24 15:00:00+00:00)
  Settled to FT: 0-1
Fixture 3560 (Sofa=14035769, kickoff=2026-01-24 15:00:00+00:00)
  Settled to FT: 0-2
Fixture 3561 (Sofa=14035766, kickoff=2026-01-24 15:00:00+00:00)
  Settled to FT: 2-0
Fixture 3562 (Sofa=14035768, kickoff=2026-01-24 15:00:00+00:00)
  Settled to FT: 2-2
Fixture 3563 (Sofa=14035771, kickoff=2026-01-24 15:00:00+00:00)
  Settled to FT: 2-2
Fixture 3564 (Sofa=15399014, kickoff=2026-01-27 19:45:00+00:00)
  Settled to FT: 0-6
Fixture 21368 (Sofa=15238919, kickoff=2026-01-31 07:00:00+00:00)
  Settled to FT: 0-0
Fixture 21369 (Sofa=15238921, kickoff=2026-01-31 09:00:00+00:00)
  Settled to FT: 4-0
Fixture 21370 (Sofa=15238920, kickoff=2026-01-31 09:06:00+00:00)
  Settled to FT: 3-4
Fixture 1593 (Sofa=14061236, kickoff=2026-01-31 15:00:00+00:00)
  Settled to FT: 0-0
Fixture 1594 (Sofa=14061231, kickoff=2026-01-31 15:00:00+00:00)
  Settled to FT: 0-4
Fixture 1595 (Sofa=14061228, kickoff=2026-01-31 15:00:00+00:00)
  Settled to FT: 2-2
Fixture 3565 (Sofa=14035773, kickoff=2026-01-31 15:00:00+00:00)
  Settled to FT: 3-3
Fixture 3566 (Sofa=14035775, kickoff=2026-01-31 15:00:00+00:00)
  Settled to FT: 3-1
Fixture 3567 (Sofa=14035774, kickoff=2026-01-31 15:00:00+00:00)
  Settled to FT: 1-2
Fixture 3568 (Sofa=14035776, kickoff=2026-01-31 15:00:00+00:00)
  Settled to FT: 1-1
Fixture 3569 (Sofa=14035772, kickoff=2026-01-31 15:00:00+00:00)
  Settled to FT: 1-1
Fixture 21371 (Sofa=15238925, kickoff=2026-02-01 04:00:00+00:00)
  Settled to FT: 2-0
Fixture 21372 (Sofa=15238927, kickoff=2026-02-01 05:00:00+00:00)
  Settled to FT: 2-3
Fixture 21373 (Sofa=15238922, kickoff=2026-02-01 05:00:00+00:00)
  Settled to FT: 1-0
Fixture 21374 (Sofa=15238924, kickoff=2026-02-01 07:00:00+00:00)
  Settled to FT: 2-2
Fixture 21375 (Sofa=15238923, kickoff=2026-02-01 07:10:00+00:00)
  Settled to FT: 1-2
Fixture 21376 (Sofa=15238926, kickoff=2026-02-02 05:00:00+00:00)
  Settled to FT: 0-0
Fixture 1596 (Sofa=15440837, kickoff=2026-02-03 19:00:00+00:00)
  Settled to FT: 0-1
Fixture 1597 (Sofa=15437866, kickoff=2026-02-03 19:45:00+00:00)
  Settled to FT: 1-2
Fixture 20991 (Sofa=15272832, kickoff=2026-02-06 01:00:00+00:00)
  Settled to FT: 1-3
Fixture 20992 (Sofa=15272831, kickoff=2026-02-06 01:00:00+00:00)
  Settled to FT: 1-1
Fixture 20993 (Sofa=15272830, kickoff=2026-02-06 01:00:00+00:00)
  Settled to FT: 2-3
Fixture 20994 (Sofa=15272833, kickoff=2026-02-06 19:00:00+00:00)
  Settled to FT: 0-2
Fixture 20995 (Sofa=15272834, kickoff=2026-02-06 19:30:00+00:00)
  Settled to FT: 1-1
Fixture 20996 (Sofa=15272838, kickoff=2026-02-06 22:00:00+00:00)
  Settled to FT: 0-0
Fixture 21377 (Sofa=15238929, kickoff=2026-02-07 07:00:00+00:00)
  Settled to FT: 5-1
Fixture 21378 (Sofa=15238928, kickoff=2026-02-07 07:00:00+00:00)
  Settled to FT: 4-1
Fixture 21379 (Sofa=15238931, kickoff=2026-02-07 09:06:00+00:00)
  Settled to FT: 1-2
Fixture 21380 (Sofa=15238930, kickoff=2026-02-07 09:06:00+00:00)
  Settled to FT: 0-0
Fixture 3570 (Sofa=14035782, kickoff=2026-02-07 15:00:00+00:00)
  Settled to FT: 0-2
Fixture 3571 (Sofa=14035781, kickoff=2026-02-07 15:00:00+00:00)
  Settled to FT: 0-0
Fixture 3572 (Sofa=14035777, kickoff=2026-02-07 15:00:00+00:00)
  Settled to FT: 2-0
Fixture 20997 (Sofa=15272839, kickoff=2026-02-07 19:05:00+00:00)
  Settled to FT: 1-1
Fixture 20998 (Sofa=15272837, kickoff=2026-02-07 20:00:00+00:00)
  Settled to FT: 1-0
Fixture 20999 (Sofa=15272836, kickoff=2026-02-07 21:00:00+00:00)
  Settled to FT: 5-3
Fixture 21000 (Sofa=15272835, kickoff=2026-02-07 22:00:00+00:00)
  Settled to FT: 3-1
Fixture 21381 (Sofa=15238932, kickoff=2026-02-08 05:00:00+00:00)
  Settled to FT: 2-0
Fixture 21382 (Sofa=15238933, kickoff=2026-02-08 05:00:00+00:00)
  Settled to FT: 1-1
Fixture 21383 (Sofa=15238934, kickoff=2026-02-08 07:05:00+00:00)
  Settled to FT: 2-2
Fixture 21384 (Sofa=15238935, kickoff=2026-02-08 07:06:00+00:00)
  Settled to FT: 2-0
Fixture 21385 (Sofa=15238936, kickoff=2026-02-08 09:10:00+00:00)
  Settled to FT: 1-0
Fixture 4860 (Sofa=14317708, kickoff=2026-02-08 13:00:00+00:00)
  Settled to FT: 2-1
Fixture 3573 (Sofa=15416466, kickoff=2026-02-10 19:45:00+00:00)
  Settled to FT: 1-1
Fixture 3574 (Sofa=15336943, kickoff=2026-02-10 19:45:00+00:00)
  Settled to FT: 1-0
Fixture 21001 (Sofa=15279315, kickoff=2026-02-13 01:00:00+00:00)
  Settled to FT: 2-0
Fixture 21002 (Sofa=15279324, kickoff=2026-02-13 20:00:00+00:00)
  Settled to FT: 2-2
Fixture 21003 (Sofa=15279325, kickoff=2026-02-13 20:00:00+00:00)
  Settled to FT: 1-1
Fixture 21004 (Sofa=15279311, kickoff=2026-02-13 20:00:00+00:00)
  Settled to FT: 1-1
Fixture 21005 (Sofa=15279312, kickoff=2026-02-13 21:00:00+00:00)
  Settled to FT: 1-1
Fixture 21006 (Sofa=15279319, kickoff=2026-02-13 21:00:00+00:00)
  Settled to FT: 1-0
Fixture 21386 (Sofa=15238937, kickoff=2026-02-14 07:00:00+00:00)
  Settled to FT: 2-3
Fixture 21387 (Sofa=15238939, kickoff=2026-02-14 09:05:00+00:00)
  Settled to FT: 1-0
Fixture 3575 (Sofa=14035787, kickoff=2026-02-14 15:00:00+00:00)
  Settled to FT: 0-0
Fixture 3576 (Sofa=14035778, kickoff=2026-02-14 15:00:00+00:00)
  Settled to FT: 2-4
Fixture 21007 (Sofa=15279322, kickoff=2026-02-14 19:00:00+00:00)
  Settled to FT: 0-0
Fixture 21008 (Sofa=15279307, kickoff=2026-02-14 20:00:00+00:00)
  Settled to FT: 1-2
Fixture 21009 (Sofa=15279317, kickoff=2026-02-14 21:00:00+00:00)
  Settled to FT: 0-2
Fixture 21010 (Sofa=15279314, kickoff=2026-02-14 22:00:00+00:00)
  Settled to FT: 0-0
Fixture 21388 (Sofa=15238943, kickoff=2026-02-15 05:00:00+00:00)
  Settled to FT: 3-1
Fixture 21389 (Sofa=15238940, kickoff=2026-02-15 05:00:00+00:00)
  Settled to FT: 3-0
Fixture 21390 (Sofa=15238942, kickoff=2026-02-15 07:00:00+00:00)
  Settled to FT: 1-0
Fixture 21391 (Sofa=15238938, kickoff=2026-02-15 07:06:00+00:00)
  Settled to FT: 1-2
Fixture 21392 (Sofa=15238944, kickoff=2026-02-15 09:07:00+00:00)
  Settled to FT: 1-0
Fixture 21393 (Sofa=15238946, kickoff=2026-02-16 04:30:00+00:00)
  Settled to FT: 2-1
Fixture 21394 (Sofa=15238945, kickoff=2026-02-16 05:00:00+00:00)
  Settled to FT: 1-2
Fixture 3577 (Sofa=15366428, kickoff=2026-02-17 19:45:00+00:00)
  Settled to FT: 1-6
Fixture 3578 (Sofa=15547533, kickoff=2026-02-17 19:45:00+00:00)
  Settled to FT: 0-3
Fixture 4143 (Sofa=14065448, kickoff=2026-02-20 16:30:00+00:00)
  Settled to FT: 1-1
Fixture 4144 (Sofa=14065452, kickoff=2026-02-20 16:30:00+00:00)
  Settled to FT: 2-1
Fixture 12120 (Sofa=14064841, kickoff=2026-02-20 18:00:00+00:00)
  Settled to FT: 2-1
Fixture 12121 (Sofa=14064834, kickoff=2026-02-20 18:00:00+00:00)
  Settled to FT: 1-0
Fixture 12122 (Sofa=14064837, kickoff=2026-02-20 18:00:00+00:00)
  Settled to FT: 0-0
Fixture 12123 (Sofa=14064836, kickoff=2026-02-20 18:00:00+00:00)
  Settled to FT: 1-1
Fixture 12124 (Sofa=14383026, kickoff=2026-02-20 18:00:00+00:00)
  Settled to FT: 0-2
Fixture 19042 (Sofa=14053613, kickoff=2026-02-20 18:00:00+00:00)
  Settled to FT: 2-1
Fixture 3836 (Sofa=14062216, kickoff=2026-02-20 18:30:00+00:00)
  Settled to FT: 1-1
Fixture 4881 (Sofa=14317572, kickoff=2026-02-20 18:30:00+00:00)
  Settled to FT: 2-2
Fixture 5515 (Sofa=14083801, kickoff=2026-02-20 18:30:00+00:00)
  Settled to FT: 2-1
Fixture 4501 (Sofa=13981681, kickoff=2026-02-20 18:45:00+00:00)
  Settled to FT: 3-0
Fixture 5890 (Sofa=14167866, kickoff=2026-02-20 18:45:00+00:00)
  Settled to FT: 2-0
Fixture 19333 (Sofa=14032411, kickoff=2026-02-20 18:45:00+00:00)
  Settled to FT: 0-1
Fixture 5119 (Sofa=14083549, kickoff=2026-02-20 19:00:00+00:00)
  Settled to FT: 2-1
Fixture 3223 (Sofa=14035447, kickoff=2026-02-20 19:45:00+00:00)
  Settled to FT: 0-0
Fixture 1088 (Sofa=14059839, kickoff=2026-02-20 20:00:00+00:00)
  Settled to FT: 1-0
Fixture 21011 (Sofa=15345876, kickoff=2026-02-20 20:00:00+00:00)
  Settled to FT: 2-2
Fixture 21012 (Sofa=15345873, kickoff=2026-02-20 20:00:00+00:00)
  Settled to FT: 0-2
Fixture 21013 (Sofa=15342011, kickoff=2026-02-20 20:30:00+00:00)
  Settled to FT: 1-0
Fixture 19571 (Sofa=14288798, kickoff=2026-02-20 20:45:00+00:00)
  Settled to FT: 0-2
Fixture 21014 (Sofa=15342012, kickoff=2026-02-20 21:00:00+00:00)
  Settled to FT: 1-3
Fixture 21015 (Sofa=15345865, kickoff=2026-02-20 21:00:00+00:00)
  Settled to FT: 1-2
Fixture 4146 (Sofa=14065450, kickoff=2026-02-21 11:00:00+00:00)
  Settled to FT: 3-1
Fixture 4147 (Sofa=14065451, kickoff=2026-02-21 11:00:00+00:00)
  Settled to FT: 2-1
Fixture 5120 (Sofa=14081792, kickoff=2026-02-21 12:00:00+00:00)
  Settled to FT: 3-3
Fixture 12125 (Sofa=14064842, kickoff=2026-02-21 12:00:00+00:00)
  Settled to FT: 4-3
Fixture 1092 (Sofa=14059849, kickoff=2026-02-21 12:30:00+00:00)
  Settled to FT: 2-2
Fixture 1634 (Sofa=14061091, kickoff=2026-02-21 12:30:00+00:00)
  Settled to FT: 5-2
Fixture 4884 (Sofa=14317567, kickoff=2026-02-21 13:00:00+00:00)
  Settled to FT: 3-2
Fixture 4885 (Sofa=14317649, kickoff=2026-02-21 13:00:00+00:00)
  Settled to FT: 1-3
Fixture 4886 (Sofa=14317558, kickoff=2026-02-21 13:00:00+00:00)
  Settled to FT: 2-1
Fixture 20130 (Sofa=14159152, kickoff=2026-02-21 13:00:00+00:00)
  Settled to FT: 1-2
Fixture 20131 (Sofa=14159153, kickoff=2026-02-21 13:00:00+00:00)
  Settled to FT: 2-0
Fixture 21683 (Sofa=13981940, kickoff=2026-02-21 13:00:00+00:00)
  Settled to FT: 1-0
Fixture 3837 (Sofa=14062220, kickoff=2026-02-21 13:30:00+00:00)
  Settled to FT: 2-3
Fixture 3838 (Sofa=14062219, kickoff=2026-02-21 13:30:00+00:00)
  Settled to FT: 1-0
Fixture 3839 (Sofa=14062215, kickoff=2026-02-21 13:30:00+00:00)
  Settled to FT: 3-2
Fixture 3840 (Sofa=14062223, kickoff=2026-02-21 13:30:00+00:00)
  Settled to FT: 2-2
Fixture 19334 (Sofa=14032428, kickoff=2026-02-21 14:00:00+00:00)
  Settled to FT: 1-4
Fixture 19880 (Sofa=14109818, kickoff=2026-02-21 14:00:00+00:00)
  Settled to FT: 2-0
Fixture 22017 (Sofa=14065031, kickoff=2026-02-21 14:00:00+00:00)
  Settled to FT: 2-1
Fixture 5121 (Sofa=14083572, kickoff=2026-02-21 14:15:00+00:00)
  Settled to FT: 1-1
Fixture 5517 (Sofa=14083802, kickoff=2026-02-21 14:15:00+00:00)
  Settled to FT: 1-0
Fixture 5518 (Sofa=14083803, kickoff=2026-02-21 14:15:00+00:00)
  Settled to FT: 1-2
Fixture 587 (Sofa=14024006, kickoff=2026-02-21 15:00:00+00:00)
  Settled to FT: 0-2
Fixture 588 (Sofa=14025215, kickoff=2026-02-21 15:00:00+00:00)
  Settled to FT: 1-1
Fixture 589 (Sofa=14024007, kickoff=2026-02-21 15:00:00+00:00)
  Settled to FT: 1-1
Fixture 1093 (Sofa=14059843, kickoff=2026-02-21 15:00:00+00:00)
  Settled to FT: 1-3
Fixture 1094 (Sofa=14059845, kickoff=2026-02-21 15:00:00+00:00)
  Settled to FT: 1-1
Fixture 1095 (Sofa=14059842, kickoff=2026-02-21 15:00:00+00:00)
  Settled to FT: 0-0
Fixture 1096 (Sofa=14059846, kickoff=2026-02-21 15:00:00+00:00)
  Settled to FT: 1-2
Fixture 1097 (Sofa=14059852, kickoff=2026-02-21 15:00:00+00:00)
  Settled to FT: 5-3
Fixture 1098 (Sofa=14059850, kickoff=2026-02-21 15:00:00+00:00)
  Settled to FT: 2-0
Fixture 1636 (Sofa=14061117, kickoff=2026-02-21 15:00:00+00:00)
  Settled to FT: 1-1
Fixture 1637 (Sofa=14061062, kickoff=2026-02-21 15:00:00+00:00)
  Settled to FT: 3-3
Fixture 1638 (Sofa=14061171, kickoff=2026-02-21 15:00:00+00:00)
  Settled to FT: 4-2
Fixture 1639 (Sofa=14061310, kickoff=2026-02-21 15:00:00+00:00)
  Settled to FT: 3-1
Fixture 1640 (Sofa=14060996, kickoff=2026-02-21 15:00:00+00:00)
  Settled to FT: 0-2
Fixture 1641 (Sofa=14061032, kickoff=2026-02-21 15:00:00+00:00)
  Settled to FT: 1-2
Fixture 1642 (Sofa=14061313, kickoff=2026-02-21 15:00:00+00:00)
  Settled to FT: 2-2
Fixture 1643 (Sofa=14061314, kickoff=2026-02-21 15:00:00+00:00)
  Settled to FT: 2-1
Fixture 1644 (Sofa=14061315, kickoff=2026-02-21 15:00:00+00:00)
  Settled to FT: 1-1
Fixture 2190 (Sofa=14060743, kickoff=2026-02-21 15:00:00+00:00)
  Settled to FT: 5-0
Fixture 2191 (Sofa=14060737, kickoff=2026-02-21 15:00:00+00:00)
  Settled to FT: 0-2
Fixture 2192 (Sofa=14060729, kickoff=2026-02-21 15:00:00+00:00)
  Settled to FT: 0-3
Fixture 2193 (Sofa=14060732, kickoff=2026-02-21 15:00:00+00:00)
  Settled to FT: 0-0
Fixture 2194 (Sofa=14061206, kickoff=2026-02-21 15:00:00+00:00)
  Settled to FT: 3-1
Fixture 2195 (Sofa=14061210, kickoff=2026-02-21 15:00:00+00:00)
  Settled to FT: 3-2
Fixture 2196 (Sofa=14060716, kickoff=2026-02-21 15:00:00+00:00)
  Settled to FT: 1-1
Fixture 2197 (Sofa=14061203, kickoff=2026-02-21 15:00:00+00:00)
  Settled to FT: 0-2
Fixture 2198 (Sofa=14061212, kickoff=2026-02-21 15:00:00+00:00)
  Settled to FT: 4-1
Fixture 2735 (Sofa=14391477, kickoff=2026-02-21 15:00:00+00:00)
  Settled to FT: 4-1
Fixture 2736 (Sofa=14391474, kickoff=2026-02-21 15:00:00+00:00)
  Settled to FT: 3-4
Fixture 2737 (Sofa=14391469, kickoff=2026-02-21 15:00:00+00:00)
  Settled to FT: 0-0
Fixture 2738 (Sofa=14391473, kickoff=2026-02-21 15:00:00+00:00)
  Settled to FT: 3-0
Fixture 2739 (Sofa=14391472, kickoff=2026-02-21 15:00:00+00:00)
  Settled to FT: 4-0
Fixture 2740 (Sofa=14391467, kickoff=2026-02-21 15:00:00+00:00)
  Settled to FT: 2-1
Fixture 2741 (Sofa=14391471, kickoff=2026-02-21 15:00:00+00:00)
  Settled to FT: 3-0
Fixture 2742 (Sofa=14391468, kickoff=2026-02-21 15:00:00+00:00)
  Settled to FT: 1-1
Fixture 2743 (Sofa=14391475, kickoff=2026-02-21 15:00:00+00:00)
  Settled to FT: 3-0
Fixture 2744 (Sofa=14391466, kickoff=2026-02-21 15:00:00+00:00)
  Settled to FT: 3-1
Fixture 2745 (Sofa=14391470, kickoff=2026-02-21 15:00:00+00:00)
  Settled to FT: 0-3
Fixture 3064 (Sofa=14035282, kickoff=2026-02-21 15:00:00+00:00)
  Settled to FT: 1-1
Fixture 3065 (Sofa=14035283, kickoff=2026-02-21 15:00:00+00:00)
  Settled to FT: 1-0
Fixture 3066 (Sofa=14035281, kickoff=2026-02-21 15:00:00+00:00)
  Settled to FT: 2-3
Fixture 3224 (Sofa=14035442, kickoff=2026-02-21 15:00:00+00:00)
  Settled to FT: 0-0
Fixture 3225 (Sofa=14035445, kickoff=2026-02-21 15:00:00+00:00)
  Settled to FT: 3-2
Fixture 3226 (Sofa=14035444, kickoff=2026-02-21 15:00:00+00:00)
  Settled to FT: 1-0
Fixture 3227 (Sofa=14035443, kickoff=2026-02-21 15:00:00+00:00)
  Settled to FT: 4-2
Fixture 3404 (Sofa=14035607, kickoff=2026-02-21 15:00:00+00:00)
  Settled to FT: 1-1
Fixture 3405 (Sofa=14035611, kickoff=2026-02-21 15:00:00+00:00)
  Settled to FT: 3-1
Fixture 3406 (Sofa=14035609, kickoff=2026-02-21 15:00:00+00:00)
  Settled to FT: 3-0
Fixture 3407 (Sofa=14035610, kickoff=2026-02-21 15:00:00+00:00)
  Settled to FT: 3-2
Fixture 3408 (Sofa=14035608, kickoff=2026-02-21 15:00:00+00:00)
  Settled to FT: 1-1
Fixture 3579 (Sofa=14035792, kickoff=2026-02-21 15:00:00+00:00)
  Settled to FT: 2-1
Fixture 3580 (Sofa=14035789, kickoff=2026-02-21 15:00:00+00:00)
  Settled to FT: 1-0
Fixture 3581 (Sofa=14035788, kickoff=2026-02-21 15:00:00+00:00)
  Settled to FT: 5-0
Fixture 3582 (Sofa=14035790, kickoff=2026-02-21 15:00:00+00:00)
  Settled to FT: 2-1
Fixture 3583 (Sofa=14035786, kickoff=2026-02-21 15:00:00+00:00)
  Settled to FT: 3-1
Fixture 5891 (Sofa=14167892, kickoff=2026-02-21 15:00:00+00:00)
  Settled to FT: 2-3
Fixture 20281 (Sofa=14065678, kickoff=2026-02-21 15:00:00+00:00)
  Settled to FT: 2-0
Fixture 20282 (Sofa=14065687, kickoff=2026-02-21 15:00:00+00:00)
  Settled to FT: 2-1
Fixture 20283 (Sofa=14065676, kickoff=2026-02-21 15:00:00+00:00)
  Settled to FT: 1-0
Fixture 4887 (Sofa=14317554, kickoff=2026-02-21 15:15:00+00:00)
  Settled to FT: 2-3
Fixture 19572 (Sofa=14288800, kickoff=2026-02-21 15:30:00+00:00)
  Settled to FT: 3-0
Fixture 19573 (Sofa=14288799, kickoff=2026-02-21 15:30:00+00:00)
  Settled to FT: 1-1
Fixture 21684 (Sofa=13981934, kickoff=2026-02-21 15:45:00+00:00)
  Settled to FT: 0-1
Fixture 4503 (Sofa=13981679, kickoff=2026-02-21 16:00:00+00:00)
  Settled to FT: 0-2
Fixture 22429 (Sofa=15362690, kickoff=2026-02-21 16:00:00+00:00)
  Settled to FT: 1-1
Fixture 22430 (Sofa=15362688, kickoff=2026-02-21 16:00:00+00:00)
  Updated fixture status to postponed
Fixture 19335 (Sofa=14032418, kickoff=2026-02-21 16:15:00+00:00)
  Settled to FT: 2-1
Fixture 3841 (Sofa=14062218, kickoff=2026-02-21 16:30:00+00:00)
  Settled to FT: 2-2
Fixture 5122 (Sofa=14081794, kickoff=2026-02-21 16:30:00+00:00)
  Settled to FT: 2-1
Fixture 5519 (Sofa=14083807, kickoff=2026-02-21 16:30:00+00:00)
  Settled to FT: 2-1
Fixture 22018 (Sofa=14065036, kickoff=2026-02-21 16:30:00+00:00)
  Settled to FT: 2-1
Fixture 19043 (Sofa=14053638, kickoff=2026-02-21 16:45:00+00:00)
  Settled to FT: 3-1
Fixture 5892 (Sofa=14167871, kickoff=2026-02-21 17:00:00+00:00)
  Settled to FT: 1-1
Fixture 590 (Sofa=14023969, kickoff=2026-02-21 17:30:00+00:00)
  Settled to FT: 0-0
Fixture 2746 (Sofa=14391476, kickoff=2026-02-21 17:30:00+00:00)
  Settled to FT: 1-2
Fixture 4888 (Sofa=14317555, kickoff=2026-02-21 17:30:00+00:00)
  Settled to FT: 0-1
Fixture 12127 (Sofa=14064833, kickoff=2026-02-21 18:00:00+00:00)
  Settled to FT: 2-1
Fixture 19044 (Sofa=14053631, kickoff=2026-02-21 18:00:00+00:00)
  Settled to FT: 1-0
Fixture 19574 (Sofa=14289000, kickoff=2026-02-21 18:00:00+00:00)
  Settled to FT: 3-0
Fixture 19575 (Sofa=14288802, kickoff=2026-02-21 18:00:00+00:00)
  Settled to FT: 0-3
Fixture 4148 (Sofa=14065454, kickoff=2026-02-21 18:30:00+00:00)
  Settled to FT: 5-3
Fixture 21685 (Sofa=13981932, kickoff=2026-02-21 18:30:00+00:00)
  Settled to FT: 2-1
Fixture 22431 (Sofa=15362672, kickoff=2026-02-21 18:30:00+00:00)
  Settled to FT: 1-2
Fixture 4504 (Sofa=13981674, kickoff=2026-02-21 18:45:00+00:00)
  Settled to FT: 0-0
Fixture 19336 (Sofa=14032356, kickoff=2026-02-21 18:45:00+00:00)
  Settled to FT: 2-1
Fixture 5123 (Sofa=14083561, kickoff=2026-02-21 19:00:00+00:00)
  Settled to FT: 4-2
Fixture 5520 (Sofa=14083811, kickoff=2026-02-21 19:00:00+00:00)
  Settled to FT: 1-1
Fixture 19045 (Sofa=14053625, kickoff=2026-02-21 19:00:00+00:00)
  Settled to FT: 1-1
Fixture 5893 (Sofa=14167865, kickoff=2026-02-21 19:05:00+00:00)
  Settled to FT: 3-0
Fixture 3067 (Sofa=14035285, kickoff=2026-02-21 19:30:00+00:00)
  Settled to FT: 0-5
Fixture 591 (Sofa=14024010, kickoff=2026-02-21 20:00:00+00:00)
  Settled to FT: 2-1
Fixture 21017 (Sofa=15342013, kickoff=2026-02-21 20:00:00+00:00)
  Settled to FT: 2-0
Fixture 21018 (Sofa=15342014, kickoff=2026-02-21 20:00:00+00:00)
  Settled to FT: 1-2
Fixture 21019 (Sofa=15345885, kickoff=2026-02-21 20:00:00+00:00)
  Settled to FT: 1-1
Fixture 19576 (Sofa=14288803, kickoff=2026-02-21 20:30:00+00:00)
  Settled to FT: 3-2
Fixture 21020 (Sofa=15342015, kickoff=2026-02-21 21:00:00+00:00)
  Settled to FT: 1-2
Fixture 21397 (Sofa=15238949, kickoff=2026-02-22 05:00:00+00:00)
  Settled to FT: 3-2
Fixture 21398 (Sofa=15238950, kickoff=2026-02-22 07:00:00+00:00)
  Settled to FT: 2-1
Fixture 21399 (Sofa=15238951, kickoff=2026-02-22 07:00:00+00:00)
  Settled to FT: 0-3
Fixture 19881 (Sofa=14109812, kickoff=2026-02-22 07:30:00+00:00)
  Settled to FT: 1-0
Fixture 21400 (Sofa=15238952, kickoff=2026-02-22 09:05:00+00:00)
  Settled to FT: 2-1
Fixture 19882 (Sofa=14109814, kickoff=2026-02-22 10:00:00+00:00)
  Settled to FT: 1-2
Fixture 19046 (Sofa=14053616, kickoff=2026-02-22 10:15:00+00:00)
  Settled to FT: 2-1
Fixture 21686 (Sofa=13981937, kickoff=2026-02-22 10:15:00+00:00)
  Settled to FT: 2-1
Fixture 4505 (Sofa=13981676, kickoff=2026-02-22 10:30:00+00:00)
  Settled to FT: 3-0
Fixture 22019 (Sofa=14065033, kickoff=2026-02-22 11:00:00+00:00)
  Settled to FT: 1-0
Fixture 21401 (Sofa=15238955, kickoff=2026-02-22 11:10:00+00:00)
  Settled to FT: 1-1
Fixture 4149 (Sofa=14065449, kickoff=2026-02-22 11:30:00+00:00)
  Settled to FT: 5-2
Fixture 4150 (Sofa=14065456, kickoff=2026-02-22 11:30:00+00:00)
  Settled to FT: 2-3
Fixture 4151 (Sofa=14065453, kickoff=2026-02-22 11:30:00+00:00)
  Settled to FT: 0-0
Fixture 19337 (Sofa=14032352, kickoff=2026-02-22 11:30:00+00:00)
  Settled to FT: 0-3
Fixture 1099 (Sofa=14059853, kickoff=2026-02-22 12:00:00+00:00)
  Settled to FT: 2-1
Fixture 5124 (Sofa=14083582, kickoff=2026-02-22 12:00:00+00:00)
  Settled to FT: 0-1
Fixture 5521 (Sofa=14083806, kickoff=2026-02-22 12:00:00+00:00)
  Settled to FT: 2-2
Fixture 20132 (Sofa=14159157, kickoff=2026-02-22 12:00:00+00:00)
  Settled to FT: 0-2
Fixture 20133 (Sofa=14159156, kickoff=2026-02-22 12:00:00+00:00)
  Settled to FT: 2-1
Fixture 20801 (Sofa=13984680, kickoff=2026-02-22 12:00:00+00:00)
  Settled to FT: 1-2
Fixture 22432 (Sofa=15362669, kickoff=2026-02-22 12:00:00+00:00)
  Settled to FT: 3-1
Fixture 22590 (Sofa=15204331, kickoff=2026-02-22 12:00:00+00:00)
  Settled to FT: 1-0
Fixture 22591 (Sofa=15204329, kickoff=2026-02-22 12:00:00+00:00)
  Settled to FT: 1-0
Fixture 19047 (Sofa=14053635, kickoff=2026-02-22 12:30:00+00:00)
  Settled to FT: 1-1
Fixture 19048 (Sofa=14053628, kickoff=2026-02-22 12:30:00+00:00)
  Settled to FT: 4-0
Fixture 20284 (Sofa=14065681, kickoff=2026-02-22 12:30:00+00:00)
  Settled to FT: 1-1
Fixture 20285 (Sofa=14065686, kickoff=2026-02-22 12:30:00+00:00)
  Settled to FT: 1-0
Fixture 21687 (Sofa=13981939, kickoff=2026-02-22 12:45:00+00:00)
  Settled to FT: 1-1
Fixture 4506 (Sofa=13981673, kickoff=2026-02-22 13:00:00+00:00)
  Settled to FT: 2-1
Fixture 4889 (Sofa=14317551, kickoff=2026-02-22 13:00:00+00:00)
  Settled to FT: 1-2
Fixture 5894 (Sofa=14167875, kickoff=2026-02-22 13:00:00+00:00)
  Settled to FT: 0-3
Fixture 3842 (Sofa=14062217, kickoff=2026-02-22 13:30:00+00:00)
  Settled to FT: 2-1
Fixture 592 (Sofa=14024013, kickoff=2026-02-22 14:00:00+00:00)
  Settled to FT: 0-1
Fixture 593 (Sofa=14024008, kickoff=2026-02-22 14:00:00+00:00)
  Settled to FT: 1-0
Fixture 594 (Sofa=14024011, kickoff=2026-02-22 14:00:00+00:00)
  Settled to FT: 1-3
Fixture 19338 (Sofa=14032416, kickoff=2026-02-22 14:00:00+00:00)
  Settled to FT: 0-2
Fixture 19883 (Sofa=14109817, kickoff=2026-02-22 14:00:00+00:00)
  Settled to FT: 4-0
Fixture 19884 (Sofa=14109815, kickoff=2026-02-22 14:00:00+00:00)
  Settled to FT: 0-0
Fixture 20134 (Sofa=14159150, kickoff=2026-02-22 14:00:00+00:00)
  Settled to FT: 1-1
Fixture 20802 (Sofa=13984682, kickoff=2026-02-22 14:00:00+00:00)
  Settled to FT: 0-4
Fixture 5125 (Sofa=14083567, kickoff=2026-02-22 14:15:00+00:00)
  Settled to FT: 3-0
Fixture 5522 (Sofa=14083808, kickoff=2026-02-22 14:15:00+00:00)
  Settled to FT: 2-1
Fixture 22433 (Sofa=15362665, kickoff=2026-02-22 14:30:00+00:00)
  Settled to FT: 2-1
Fixture 22434 (Sofa=15362666, kickoff=2026-02-22 14:30:00+00:00)
  Settled to FT: 4-2
Fixture 19049 (Sofa=14053622, kickoff=2026-02-22 14:45:00+00:00)
  Settled to FT: 3-1
Fixture 3068 (Sofa=14035284, kickoff=2026-02-22 15:00:00+00:00)
  Settled to FT: 2-2
Fixture 3069 (Sofa=14035280, kickoff=2026-02-22 15:00:00+00:00)
  Settled to FT: 1-2
Fixture 20135 (Sofa=14159155, kickoff=2026-02-22 15:00:00+00:00)
  Settled to FT: 1-1
Fixture 20286 (Sofa=14065679, kickoff=2026-02-22 15:00:00+00:00)
  Settled to FT: 1-5
Fixture 4890 (Sofa=14317566, kickoff=2026-02-22 15:15:00+00:00)
  Settled to FT: 1-1
Fixture 5895 (Sofa=14167869, kickoff=2026-02-22 15:15:00+00:00)
  Settled to FT: 2-0
Fixture 5896 (Sofa=14167867, kickoff=2026-02-22 15:15:00+00:00)
  Settled to FT: 3-3
Fixture 5897 (Sofa=14167873, kickoff=2026-02-22 15:15:00+00:00)
  Settled to FT: 0-1
Fixture 3843 (Sofa=14062221, kickoff=2026-02-22 15:30:00+00:00)
  Settled to FT: 2-1
Fixture 21688 (Sofa=13981938, kickoff=2026-02-22 15:30:00+00:00)
  Settled to FT: 1-2
Fixture 4507 (Sofa=13981680, kickoff=2026-02-22 16:00:00+00:00)
  Settled to FT: 0-1
Fixture 20136 (Sofa=14159149, kickoff=2026-02-22 16:00:00+00:00)
  Settled to FT: 4-0
Fixture 20803 (Sofa=13984674, kickoff=2026-02-22 16:00:00+00:00)
  Settled to FT: 5-2
Fixture 22020 (Sofa=14065037, kickoff=2026-02-22 16:00:00+00:00)
  Settled to FT: 0-3
Fixture 595 (Sofa=14024012, kickoff=2026-02-22 16:30:00+00:00)
  Settled to FT: 1-4
Fixture 5126 (Sofa=14083577, kickoff=2026-02-22 16:30:00+00:00)
  Settled to FT: 2-0
Fixture 5523 (Sofa=14083810, kickoff=2026-02-22 16:30:00+00:00)
  Settled to FT: 1-0
Fixture 19339 (Sofa=14032426, kickoff=2026-02-22 16:30:00+00:00)
  Settled to FT: 2-4
Fixture 19340 (Sofa=14032429, kickoff=2026-02-22 17:15:00+00:00)
  Settled to FT: 2-1
Fixture 3844 (Sofa=14062222, kickoff=2026-02-22 17:30:00+00:00)
  Settled to FT: 3-3
Fixture 19050 (Sofa=14053619, kickoff=2026-02-22 18:00:00+00:00)
  Settled to FT: 2-1
Fixture 19577 (Sofa=14288797, kickoff=2026-02-22 18:00:00+00:00)
  Settled to FT: 3-1
Fixture 4508 (Sofa=13981682, kickoff=2026-02-22 18:45:00+00:00)
  Settled to FT: 3-0
Fixture 5898 (Sofa=14064501, kickoff=2026-02-22 18:45:00+00:00)
  Settled to FT: 3-1
Fixture 5127 (Sofa=14081796, kickoff=2026-02-22 19:00:00+00:00)
  Settled to FT: 2-1
Fixture 5524 (Sofa=14083809, kickoff=2026-02-22 19:00:00+00:00)
  Settled to FT: 1-0
Fixture 19578 (Sofa=14288801, kickoff=2026-02-22 20:30:00+00:00)
  Settled to FT: 1-0
Fixture 21402 (Sofa=15238953, kickoff=2026-02-23 05:00:00+00:00)
  Settled to FT: 2-0
Fixture 21403 (Sofa=15238954, kickoff=2026-02-23 07:00:00+00:00)
  Updated fixture status to postponed
Fixture 22021 (Sofa=14065032, kickoff=2026-02-23 13:00:00+00:00)
  Settled to FT: 2-1
Fixture 19885 (Sofa=14109811, kickoff=2026-02-23 14:00:00+00:00)
  Settled to FT: 1-1

Summary:
  processed: 500
  settled: 498
  cancelled_or_postponed: 2
  unfinished: 0
  missing_scores: 0
  fetch_errors: 0
