Log file: C:\Developer\soccer\footy-model\artifacts\logs\reconcile_stale_ft_matches_20260227T191602Z.log
============================================================
Sofa Reconcile: Stale/FT Missing Results
============================================================
started_at=2026-02-27T19:16:02.914791+00:00 dry_run=False league=None limit=200
Fixture 19886 (Sofa=14109824, kickoff=2026-02-27 14:00:00+00:00)
  Settled to FT: 3-1
Fixture 19887 (Sofa=14109821, kickoff=2026-02-27 14:00:00+00:00)
  Settled to FT: 2-0
Fixture 21690 (Sofa=13981948, kickoff=2026-02-27 16:00:00+00:00)
  Settled to FT: 2-3
Fixture 22024 (Sofa=14065038, kickoff=2026-02-27 16:00:00+00:00)
  Not terminal yet (status.type=inprogress).

Summary:
  processed: 4
  settled: 3
  cancelled_or_postponed: 0
  unfinished: 1
  missing_scores: 0
  fetch_errors: 0
