Log file: C:\Developer\soccer\footy-model\artifacts\logs\reconcile_stale_ft_matches_20260301T021603Z.log
============================================================
Sofa Reconcile: Stale/FT Missing Results
============================================================
started_at=2026-03-01T02:16:03.297580+00:00 dry_run=False league=None limit=200
Fixture 602 (Sofa=14023974, kickoff=2026-02-28 17:30:00+00:00)
  Settled to FT: 0-1
Fixture 2767 (Sofa=14391496, kickoff=2026-02-28 17:30:00+00:00)
  Settled to FT: 0-1
Fixture 4897 (Sofa=14317559, kickoff=2026-02-28 17:30:00+00:00)
  Settled to FT: 0-0
Fixture 12136 (Sofa=14064850, kickoff=2026-02-28 18:00:00+00:00)
  Settled to FT: 0-3
Fixture 19583 (Sofa=14288809, kickoff=2026-02-28 18:00:00+00:00)
  Settled to FT: 1-2
Fixture 21694 (Sofa=13981949, kickoff=2026-02-28 18:15:00+00:00)
  Settled to FT: 3-1
Fixture 4157 (Sofa=14065462, kickoff=2026-02-28 18:30:00+00:00)
  Settled to FT: 1-1
Fixture 22437 (Sofa=15362683, kickoff=2026-02-28 18:30:00+00:00)
  Settled to FT: 0-0
Fixture 4514 (Sofa=13981684, kickoff=2026-02-28 18:45:00+00:00)
  Settled to FT: 2-0
Fixture 19344 (Sofa=14032425, kickoff=2026-02-28 18:45:00+00:00)
  Settled to FT: 5-1
Fixture 5133 (Sofa=14081795, kickoff=2026-02-28 19:00:00+00:00)
  Settled to FT: 0-1
Fixture 5531 (Sofa=14083813, kickoff=2026-02-28 19:00:00+00:00)
  Settled to FT: 1-3
Fixture 19054 (Sofa=14053653, kickoff=2026-02-28 19:00:00+00:00)
  Settled to FT: 2-3
Fixture 5902 (Sofa=14167877, kickoff=2026-02-28 19:05:00+00:00)
  Settled to FT: 0-1
Fixture 21029 (Sofa=15342032, kickoff=2026-02-28 20:00:00+00:00)
  Not terminal yet (status.type=notstarted).
Fixture 19584 (Sofa=14288805, kickoff=2026-02-28 20:30:00+00:00)
  Settled to FT: 1-1
Fixture 21030 (Sofa=15345892, kickoff=2026-02-28 22:00:00+00:00)
  Not terminal yet (status.type=notstarted).

Summary:
  processed: 17
  settled: 15
  cancelled_or_postponed: 0
  unfinished: 2
  missing_scores: 0
  fetch_errors: 0
