Log file: C:\Developer\soccer\footy-model\artifacts\logs\reconcile_stale_ft_matches_20260228T171603Z.log
============================================================
Sofa Reconcile: Stale/FT Missing Results
============================================================
started_at=2026-02-28T17:16:03.360355+00:00 dry_run=False league=None limit=200
Fixture 20137 (Sofa=14159160, kickoff=2026-02-28 13:00:00+00:00)
  Settled to FT: 3-0
Fixture 22187 (Sofa=14038607, kickoff=2026-02-28 13:30:00+00:00)
  Not terminal yet (status.type=inprogress).
Fixture 19342 (Sofa=14032354, kickoff=2026-02-28 14:00:00+00:00)
  Settled to FT: 2-1
Fixture 19890 (Sofa=14109823, kickoff=2026-02-28 14:00:00+00:00)
  Not terminal yet (status.type=inprogress).
Fixture 19891 (Sofa=14109820, kickoff=2026-02-28 14:00:00+00:00)
  Not terminal yet (status.type=inprogress).
Fixture 5131 (Sofa=14081789, kickoff=2026-02-28 14:15:00+00:00)
  Settled to FT: 4-1
Fixture 5528 (Sofa=14083340, kickoff=2026-02-28 14:15:00+00:00)
  Settled to FT: 0-1

Summary:
  processed: 7
  settled: 4
  cancelled_or_postponed: 0
  unfinished: 3
  missing_scores: 0
  fetch_errors: 0
