Log file: C:\Developer\soccer\footy-model\artifacts\logs\reconcile_stale_ft_matches_20260228T004603Z.log
============================================================
Sofa Reconcile: Stale/FT Missing Results
============================================================
started_at=2026-02-28T00:46:03.034745+00:00 dry_run=False league=None limit=200
Fixture 21024 (Sofa=15345891, kickoff=2026-02-27 19:00:00+00:00)
  Not terminal yet (status.type=notstarted).
Fixture 21025 (Sofa=15345896, kickoff=2026-02-27 20:00:00+00:00)
  Not terminal yet (status.type=notstarted).
Fixture 21026 (Sofa=15345894, kickoff=2026-02-27 21:00:00+00:00)
  Not terminal yet (status.type=notstarted).
Fixture 21027 (Sofa=15342017, kickoff=2026-02-27 21:00:00+00:00)
  Not terminal yet (status.type=notstarted).

Summary:
  processed: 4
  settled: 0
  cancelled_or_postponed: 0
  unfinished: 4
  missing_scores: 0
  fetch_errors: 0
