Log file: C:\Developer\soccer\footy-model\artifacts\logs\reconcile_stale_ft_matches_20260226T211608Z.log
============================================================
Sofa Reconcile: Stale/FT Missing Results
============================================================
started_at=2026-02-26T21:16:08.291335+00:00 dry_run=False league=None limit=200
Fixture 24962 (Sofa=15453088, kickoff=2026-02-26 17:45:00+00:00)
  Settled to FT: 1-1
Fixture 24963 (Sofa=15453099, kickoff=2026-02-26 17:45:00+00:00)
  Settled to FT: 0-2
Fixture 24964 (Sofa=15453067, kickoff=2026-02-26 17:45:00+00:00)
  Settled to FT: 2-0
Fixture 24965 (Sofa=15453079, kickoff=2026-02-26 17:45:00+00:00)
  Settled to FT: 0-1
Fixture 25628 (Sofa=15380216, kickoff=2026-02-26 17:45:00+00:00)
  Settled to FT: 2-4
Fixture 25629 (Sofa=15380217, kickoff=2026-02-26 17:45:00+00:00)
  Settled to FT: 3-1
Fixture 25630 (Sofa=15380215, kickoff=2026-02-26 17:45:00+00:00)
  Settled to FT: 3-2
Fixture 25631 (Sofa=15380213, kickoff=2026-02-26 17:45:00+00:00)
  Settled to FT: 4-0

Summary:
  processed: 8
  settled: 8
  cancelled_or_postponed: 0
  unfinished: 0
  missing_scores: 0
  fetch_errors: 0
