Log file: C:\Developer\soccer\footy-model\artifacts\logs\reconcile_stale_ft_matches_20260227T214602Z.log
============================================================
Sofa Reconcile: Stale/FT Missing Results
============================================================
started_at=2026-02-27T21:46:02.755248+00:00 dry_run=False league=None limit=200
Fixture 3845 (Sofa=14062232, kickoff=2026-02-27 18:30:00+00:00)
  Settled to FT: 2-0
Fixture 5527 (Sofa=14083812, kickoff=2026-02-27 18:30:00+00:00)
  Settled to FT: 1-1
Fixture 21691 (Sofa=13981943, kickoff=2026-02-27 18:30:00+00:00)
  Settled to FT: 2-2
Fixture 4511 (Sofa=13981687, kickoff=2026-02-27 18:45:00+00:00)
  Settled to FT: 1-1
Fixture 5899 (Sofa=14167891, kickoff=2026-02-27 18:45:00+00:00)
  Settled to FT: 1-1
Fixture 19341 (Sofa=14032353, kickoff=2026-02-27 18:45:00+00:00)
  Settled to FT: 1-1
Fixture 19580 (Sofa=14288806, kickoff=2026-02-27 18:45:00+00:00)
  Settled to FT: 3-1

Summary:
  processed: 7
  settled: 7
  cancelled_or_postponed: 0
  unfinished: 0
  missing_scores: 0
  fetch_errors: 0
