Log file: C:\Developer\soccer\footy-model\artifacts\logs\reconcile_stale_ft_matches_20260228T154602Z.log
============================================================
Sofa Reconcile: Stale/FT Missing Results
============================================================
started_at=2026-02-28T15:46:02.670227+00:00 dry_run=False league=None limit=200
Fixture 19889 (Sofa=14109822, kickoff=2026-02-28 10:00:00+00:00)
  Settled to FT: 0-1
Fixture 22025 (Sofa=14065045, kickoff=2026-02-28 11:00:00+00:00)
  Settled to FT: 2-1
Fixture 22186 (Sofa=14038610, kickoff=2026-02-28 11:00:00+00:00)
  Not terminal yet (status.type=inprogress).
Fixture 5130 (Sofa=14081790, kickoff=2026-02-28 12:00:00+00:00)
  Settled to FT: 1-1
Fixture 12134 (Sofa=14064839, kickoff=2026-02-28 12:00:00+00:00)
  Settled to FT: 0-0
Fixture 12135 (Sofa=14064847, kickoff=2026-02-28 12:00:00+00:00)
  Settled to FT: 0-0
Fixture 598 (Sofa=14023970, kickoff=2026-02-28 12:30:00+00:00)
  Settled to FT: 1-1
Fixture 1113 (Sofa=14059871, kickoff=2026-02-28 12:30:00+00:00)
  Settled to FT: 3-1
Fixture 1114 (Sofa=14059872, kickoff=2026-02-28 12:30:00+00:00)
  Settled to FT: 0-2
Fixture 1115 (Sofa=14059874, kickoff=2026-02-28 12:30:00+00:00)
  Settled to FT: 0-1
Fixture 1649 (Sofa=14061241, kickoff=2026-02-28 12:30:00+00:00)
  Settled to FT: 1-3
Fixture 1650 (Sofa=14061278, kickoff=2026-02-28 12:30:00+00:00)
  Settled to FT: 1-1
Fixture 2203 (Sofa=14060771, kickoff=2026-02-28 12:30:00+00:00)
  Settled to FT: 1-1
Fixture 2204 (Sofa=14060805, kickoff=2026-02-28 12:30:00+00:00)
  Settled to FT: 1-2
Fixture 2205 (Sofa=14060810, kickoff=2026-02-28 12:30:00+00:00)
  Settled to FT: 1-1
Fixture 21692 (Sofa=13981947, kickoff=2026-02-28 12:45:00+00:00)
  Settled to FT: 1-0

Summary:
  processed: 16
  settled: 15
  cancelled_or_postponed: 0
  unfinished: 1
  missing_scores: 0
  fetch_errors: 0
