Log file: C:\Developer\soccer\footy-model\artifacts\logs\reconcile_stale_ft_matches_20260228T140629Z.log
============================================================
Sofa Reconcile: Stale/FT Missing Results
============================================================
started_at=2026-02-28T14:06:29.829409+00:00 dry_run=False league=None limit=200
Fixture 21024 (Sofa=15345891, kickoff=2026-02-27 19:00:00+00:00)
  Settled to FT: 3-2
Fixture 21025 (Sofa=15345896, kickoff=2026-02-27 20:00:00+00:00)
  Settled to FT: 2-3
Fixture 21026 (Sofa=15345894, kickoff=2026-02-27 21:00:00+00:00)
  Settled to FT: 0-2
Fixture 21027 (Sofa=15342017, kickoff=2026-02-27 21:00:00+00:00)
  Settled to FT: 2-2
Fixture 21028 (Sofa=15342016, kickoff=2026-02-27 23:00:00+00:00)
  Settled to FT: 1-0
Fixture 22184 (Sofa=14167189, kickoff=2026-02-28 06:00:00+00:00)
  Settled to FT: 2-0
Fixture 21404 (Sofa=15238956, kickoff=2026-02-28 07:00:00+00:00)
  Settled to FT: 1-0
Fixture 21405 (Sofa=15238957, kickoff=2026-02-28 07:00:00+00:00)
  Settled to FT: 2-2
Fixture 19888 (Sofa=14109827, kickoff=2026-02-28 07:30:00+00:00)
  Settled to FT: 0-3
Fixture 22185 (Sofa=14038606, kickoff=2026-02-28 08:30:00+00:00)
  Settled to FT: 2-1
Fixture 21406 (Sofa=15238959, kickoff=2026-02-28 09:00:00+00:00)
  Settled to FT: 3-1
Fixture 21407 (Sofa=15238958, kickoff=2026-02-28 09:06:00+00:00)
  Settled to FT: 1-1
Fixture 19889 (Sofa=14109822, kickoff=2026-02-28 10:00:00+00:00)
  Not terminal yet (status.type=inprogress).
Fixture 4154 (Sofa=14065458, kickoff=2026-02-28 11:00:00+00:00)
  Settled to FT: 1-2
Fixture 4155 (Sofa=14065455, kickoff=2026-02-28 11:00:00+00:00)
  Settled to FT: 1-1
Fixture 4156 (Sofa=14065463, kickoff=2026-02-28 11:00:00+00:00)
  Settled to FT: 0-1
Fixture 22025 (Sofa=14065045, kickoff=2026-02-28 11:00:00+00:00)
  Not terminal yet (status.type=inprogress).
Fixture 22186 (Sofa=14038610, kickoff=2026-02-28 11:00:00+00:00)
  Not terminal yet (status.type=inprogress).

Summary:
  processed: 18
  settled: 15
  cancelled_or_postponed: 0
  unfinished: 3
  missing_scores: 0
  fetch_errors: 0
