Log file: C:\Developer\soccer\footy-model\artifacts\logs\reconcile_stale_ft_matches_20260228T174602Z.log
============================================================
Sofa Reconcile: Stale/FT Missing Results
============================================================
started_at=2026-02-28T17:46:02.703292+00:00 dry_run=False league=None limit=200
Fixture 22187 (Sofa=14038607, kickoff=2026-02-28 13:30:00+00:00)
  Not terminal yet (status.type=inprogress).
Fixture 19890 (Sofa=14109823, kickoff=2026-02-28 14:00:00+00:00)
  Not terminal yet (status.type=inprogress).
Fixture 19891 (Sofa=14109820, kickoff=2026-02-28 14:00:00+00:00)
  Not terminal yet (status.type=inprogress).
Fixture 19052 (Sofa=14053659, kickoff=2026-02-28 14:30:00+00:00)
  Settled to FT: 2-1

Summary:
  processed: 4
  settled: 1
  cancelled_or_postponed: 0
  unfinished: 3
  missing_scores: 0
  fetch_errors: 0
