Log file: C:\Developer\soccer\footy-model\artifacts\logs\reconcile_stale_ft_matches_20260228T164602Z.log
============================================================
Sofa Reconcile: Stale/FT Missing Results
============================================================
started_at=2026-02-28T16:46:02.995159+00:00 dry_run=False league=None limit=200
Fixture 20137 (Sofa=14159160, kickoff=2026-02-28 13:00:00+00:00)
  Not terminal yet (status.type=inprogress).
Fixture 3846 (Sofa=14062226, kickoff=2026-02-28 13:30:00+00:00)
  Settled to FT: 1-0
Fixture 3847 (Sofa=14062227, kickoff=2026-02-28 13:30:00+00:00)
  Settled to FT: 1-1
Fixture 3848 (Sofa=14062231, kickoff=2026-02-28 13:30:00+00:00)
  Settled to FT: 0-1
Fixture 3849 (Sofa=14062230, kickoff=2026-02-28 13:30:00+00:00)
  Settled to FT: 2-0
Fixture 22187 (Sofa=14038607, kickoff=2026-02-28 13:30:00+00:00)
  Not terminal yet (status.type=notstarted).

Summary:
  processed: 6
  settled: 4
  cancelled_or_postponed: 0
  unfinished: 2
  missing_scores: 0
  fetch_errors: 0
