Log file: C:\Developer\soccer\footy-model\artifacts\logs\reconcile_stale_ft_matches_20260228T184603Z.log
============================================================
Sofa Reconcile: Stale/FT Missing Results
============================================================
started_at=2026-02-28T18:46:03.173459+00:00 dry_run=False league=None limit=200
Fixture 22187 (Sofa=14038607, kickoff=2026-02-28 13:30:00+00:00)
  Not terminal yet (status.type=inprogress).
Fixture 19890 (Sofa=14109823, kickoff=2026-02-28 14:00:00+00:00)
  Not terminal yet (status.type=inprogress).
Fixture 19891 (Sofa=14109820, kickoff=2026-02-28 14:00:00+00:00)
  Not terminal yet (status.type=inprogress).
Fixture 19582 (Sofa=14288811, kickoff=2026-02-28 15:30:00+00:00)
  Settled to FT: 0-0
Fixture 20138 (Sofa=14159154, kickoff=2026-02-28 15:30:00+00:00)
  Not terminal yet (status.type=inprogress).
Fixture 21693 (Sofa=13981946, kickoff=2026-02-28 15:30:00+00:00)
  Settled to FT: 2-0

Summary:
  processed: 6
  settled: 2
  cancelled_or_postponed: 0
  unfinished: 4
  missing_scores: 0
  fetch_errors: 0
