Log file: C:\Developer\soccer\footy-model\artifacts\logs\reconcile_stale_ft_matches_20260228T201602Z.log
============================================================
Sofa Reconcile: Stale/FT Missing Results
============================================================
started_at=2026-02-28T20:16:02.712533+00:00 dry_run=False league=None limit=200
Fixture 20138 (Sofa=14159154, kickoff=2026-02-28 15:30:00+00:00)
  Settled to FT: 1-0
Fixture 20139 (Sofa=14159158, kickoff=2026-02-28 16:00:00+00:00)
  Settled to FT: 1-0
Fixture 22026 (Sofa=14065042, kickoff=2026-02-28 16:00:00+00:00)
  Settled to FT: 1-2
Fixture 19343 (Sofa=14032350, kickoff=2026-02-28 16:15:00+00:00)
  Settled to FT: 1-0
Fixture 3850 (Sofa=14062225, kickoff=2026-02-28 16:30:00+00:00)
  Settled to FT: 2-3
Fixture 5132 (Sofa=14081818, kickoff=2026-02-28 16:30:00+00:00)
  Settled to FT: 0-1
Fixture 5529 (Sofa=14083814, kickoff=2026-02-28 16:30:00+00:00)
  Settled to FT: 0-1
Fixture 5530 (Sofa=14083353, kickoff=2026-02-28 16:30:00+00:00)
  Settled to FT: 1-0
Fixture 19053 (Sofa=14053644, kickoff=2026-02-28 16:45:00+00:00)
  Settled to FT: 1-3
Fixture 5901 (Sofa=14167881, kickoff=2026-02-28 17:00:00+00:00)
  Settled to FT: 2-0

Summary:
  processed: 10
  settled: 10
  cancelled_or_postponed: 0
  unfinished: 0
  missing_scores: 0
  fetch_errors: 0
