Log file: C:\Developer\soccer\footy-model\artifacts\logs\reconcile_stale_ft_matches_20260228T161602Z.log
============================================================
Sofa Reconcile: Stale/FT Missing Results
============================================================
started_at=2026-02-28T16:16:02.896763+00:00 dry_run=False league=None limit=200
Fixture 22186 (Sofa=14038610, kickoff=2026-02-28 11:00:00+00:00)
  Settled to FT: 2-1
Fixture 4512 (Sofa=13981683, kickoff=2026-02-28 13:00:00+00:00)
  Settled to FT: 3-1
Fixture 4893 (Sofa=14317729, kickoff=2026-02-28 13:00:00+00:00)
  Settled to FT: 1-1
Fixture 4894 (Sofa=14317726, kickoff=2026-02-28 13:00:00+00:00)
  Settled to FT: 1-1
Fixture 4895 (Sofa=14317725, kickoff=2026-02-28 13:00:00+00:00)
  Settled to FT: 1-2
Fixture 20137 (Sofa=14159160, kickoff=2026-02-28 13:00:00+00:00)
  Not terminal yet (status.type=inprogress).

Summary:
  processed: 6
  settled: 5
  cancelled_or_postponed: 0
  unfinished: 1
  missing_scores: 0
  fetch_errors: 0
