Log file: artifacts/logs/settle_scheduler.log
Skipping predict phase (--skip-predict).
Skipping score phase (--skip-score).
Log file: artifacts/logs/settle_scheduler.log
Skipping predict phase (--skip-predict).
Skipping score phase (--skip-score).
Log file: artifacts/logs/settle_scheduler.log
Skipping predict phase (--skip-predict).
Skipping score phase (--skip-score).
Log file: artifacts/logs/settle_scheduler.log
Skipping predict phase (--skip-predict).
Skipping score phase (--skip-score).
Log file: artifacts/logs/settle_scheduler.log
Skipping predict phase (--skip-predict).
Skipping score phase (--skip-score).
Log file: artifacts/logs/settle_scheduler.log
Skipping predict phase (--skip-predict).
Skipping score phase (--skip-score).
Log file: artifacts/logs/settle_scheduler.log
Skipping predict phase (--skip-predict).
Skipping score phase (--skip-score).
Log file: artifacts/logs/settle_scheduler.log
Skipping predict phase (--skip-predict).
Skipping score phase (--skip-score).
Log file: artifacts/logs/settle_scheduler.log
Skipping predict phase (--skip-predict).
Skipping score phase (--skip-score).
Log file: artifacts/logs/settle_scheduler.log
Skipping predict phase (--skip-predict).
Skipping score phase (--skip-score).
Log file: artifacts/logs/settle_scheduler.log
Skipping predict phase (--skip-predict).
Skipping score phase (--skip-score).
Log file: artifacts\logs\settle_scheduler.log
Sofa reconcile targets: 1
COMMAND: C:\Python313\python.exe C:\Developer\soccer\footy-model\scripts\reconcile_stale_ft_matches.py --fixture-ids 1681
Log file: C:\Developer\soccer\footy-model\artifacts\logs\reconcile_stale_ft_matches_20260311T084004Z.log
============================================================
Sofa Reconcile: Stale/FT Missing Results
============================================================
started_at=2026-03-11T08:40:04.687808+00:00 dry_run=False league=None limit=200
Fixture 1681 (Sofa=15285162, kickoff=2026-03-10 19:45:00+00:00)
  Not terminal yet (status.type=notstarted).

Summary:
  processed: 1
  settled: 0
  cancelled_or_postponed: 0
  unfinished: 1
  missing_scores: 0
  fetch_errors: 0
COMMAND: C:\Python313\python.exe C:\Developer\soccer\footy-model\src\ingest\ingest_sofascore_stats.py --league E2 --limit 1
Traceback (most recent call last):
  File "C:\Developer\soccer\footy-model\src\ingest\ingest_sofascore_stats.py", line 11, in <module>
    from src.db.db_utils import connect_db
ModuleNotFoundError: No module named 'src'
Tick failed: Command '['C:\\Python313\\python.exe', 'C:\\Developer\\soccer\\footy-model\\src\\ingest\\ingest_sofascore_stats.py', '--league', 'E2', '--limit', '1']' returned non-zero exit status 1.
Log file: artifacts\logs\settle_scheduler.log
Sofa reconcile targets: 1
COMMAND: C:\Python313\python.exe C:\Developer\soccer\footy-model\scripts\reconcile_stale_ft_matches.py --fixture-ids 1681
Log file: C:\Developer\soccer\footy-model\artifacts\logs\reconcile_stale_ft_matches_20260311T090005Z.log
============================================================
Sofa Reconcile: Stale/FT Missing Results
============================================================
started_at=2026-03-11T09:00:05.598657+00:00 dry_run=False league=None limit=200
Fixture 1681 (Sofa=15285162, kickoff=2026-03-10 19:45:00+00:00)
  Not terminal yet (status.type=notstarted).

Summary:
  processed: 1
  settled: 0
  cancelled_or_postponed: 0
  unfinished: 1
  missing_scores: 0
  fetch_errors: 0
COMMAND: C:\Python313\python.exe C:\Developer\soccer\footy-model\src\ingest\ingest_sofascore_stats.py --league E2 --limit 1
Traceback (most recent call last):
  File "C:\Developer\soccer\footy-model\src\ingest\ingest_sofascore_stats.py", line 11, in <module>
    from src.db.db_utils import connect_db
ModuleNotFoundError: No module named 'src'
Tick failed: Command '['C:\\Python313\\python.exe', 'C:\\Developer\\soccer\\footy-model\\src\\ingest\\ingest_sofascore_stats.py', '--league', 'E2', '--limit', '1']' returned non-zero exit status 1.
Log file: artifacts\logs\settle_scheduler.log
Sofa reconcile targets: 1
COMMAND: C:\Python313\python.exe C:\Developer\soccer\footy-model\scripts\reconcile_stale_ft_matches.py --fixture-ids 1681
Log file: C:\Developer\soccer\footy-model\artifacts\logs\reconcile_stale_ft_matches_20260311T092004Z.log
============================================================
Sofa Reconcile: Stale/FT Missing Results
============================================================
started_at=2026-03-11T09:20:04.545676+00:00 dry_run=False league=None limit=200
Fixture 1681 (Sofa=15285162, kickoff=2026-03-10 19:45:00+00:00)
  Not terminal yet (status.type=notstarted).

Summary:
  processed: 1
  settled: 0
  cancelled_or_postponed: 0
  unfinished: 1
  missing_scores: 0
  fetch_errors: 0
COMMAND: C:\Python313\python.exe C:\Developer\soccer\footy-model\src\ingest\ingest_sofascore_stats.py --league E2 --limit 1
Traceback (most recent call last):
  File "C:\Developer\soccer\footy-model\src\ingest\ingest_sofascore_stats.py", line 11, in <module>
    from src.db.db_utils import connect_db
ModuleNotFoundError: No module named 'src'
Tick failed: Command '['C:\\Python313\\python.exe', 'C:\\Developer\\soccer\\footy-model\\src\\ingest\\ingest_sofascore_stats.py', '--league', 'E2', '--limit', '1']' returned non-zero exit status 1.
Log file: artifacts\logs\settle_scheduler.log
Sofa reconcile targets: 1
COMMAND: C:\Python313\python.exe C:\Developer\soccer\footy-model\scripts\reconcile_stale_ft_matches.py --fixture-ids 1681
Log file: C:\Developer\soccer\footy-model\artifacts\logs\reconcile_stale_ft_matches_20260311T094004Z.log
============================================================
Sofa Reconcile: Stale/FT Missing Results
============================================================
started_at=2026-03-11T09:40:04.508521+00:00 dry_run=False league=None limit=200
Fixture 1681 (Sofa=15285162, kickoff=2026-03-10 19:45:00+00:00)
  Not terminal yet (status.type=notstarted).

Summary:
  processed: 1
  settled: 0
  cancelled_or_postponed: 0
  unfinished: 1
  missing_scores: 0
  fetch_errors: 0
COMMAND: C:\Python313\python.exe C:\Developer\soccer\footy-model\src\ingest\ingest_sofascore_stats.py --league E2 --limit 1
Traceback (most recent call last):
  File "C:\Developer\soccer\footy-model\src\ingest\ingest_sofascore_stats.py", line 11, in <module>
    from src.db.db_utils import connect_db
ModuleNotFoundError: No module named 'src'
Tick failed: Command '['C:\\Python313\\python.exe', 'C:\\Developer\\soccer\\footy-model\\src\\ingest\\ingest_sofascore_stats.py', '--league', 'E2', '--limit', '1']' returned non-zero exit status 1.
Log file: artifacts\logs\settle_scheduler.log
Sofa reconcile targets: 1
COMMAND: C:\Python313\python.exe C:\Developer\soccer\footy-model\scripts\reconcile_stale_ft_matches.py --fixture-ids 1681
Log file: C:\Developer\soccer\footy-model\artifacts\logs\reconcile_stale_ft_matches_20260311T100005Z.log
============================================================
Sofa Reconcile: Stale/FT Missing Results
============================================================
started_at=2026-03-11T10:00:05.394676+00:00 dry_run=False league=None limit=200
Fixture 1681 (Sofa=15285162, kickoff=2026-03-10 19:45:00+00:00)
  Not terminal yet (status.type=notstarted).

Summary:
  processed: 1
  settled: 0
  cancelled_or_postponed: 0
  unfinished: 1
  missing_scores: 0
  fetch_errors: 0
COMMAND: C:\Python313\python.exe C:\Developer\soccer\footy-model\src\ingest\ingest_sofascore_stats.py --league E2 --limit 1
Traceback (most recent call last):
  File "C:\Developer\soccer\footy-model\src\ingest\ingest_sofascore_stats.py", line 11, in <module>
    from src.db.db_utils import connect_db
ModuleNotFoundError: No module named 'src'
Tick failed: Command '['C:\\Python313\\python.exe', 'C:\\Developer\\soccer\\footy-model\\src\\ingest\\ingest_sofascore_stats.py', '--league', 'E2', '--limit', '1']' returned non-zero exit status 1.
Log file: artifacts\logs\settle_scheduler.log
Sofa reconcile targets: 1
COMMAND: C:\Python313\python.exe C:\Developer\soccer\footy-model\scripts\reconcile_stale_ft_matches.py --fixture-ids 1681
Log file: C:\Developer\soccer\footy-model\artifacts\logs\reconcile_stale_ft_matches_20260311T102005Z.log
============================================================
Sofa Reconcile: Stale/FT Missing Results
============================================================
started_at=2026-03-11T10:20:05.220245+00:00 dry_run=False league=None limit=200
Fixture 1681 (Sofa=15285162, kickoff=2026-03-10 19:45:00+00:00)
  Not terminal yet (status.type=notstarted).

Summary:
  processed: 1
  settled: 0
  cancelled_or_postponed: 0
  unfinished: 1
  missing_scores: 0
  fetch_errors: 0
COMMAND: C:\Python313\python.exe C:\Developer\soccer\footy-model\src\ingest\ingest_sofascore_stats.py --league E2 --limit 1
Traceback (most recent call last):
  File "C:\Developer\soccer\footy-model\src\ingest\ingest_sofascore_stats.py", line 11, in <module>
    from src.db.db_utils import connect_db
ModuleNotFoundError: No module named 'src'
Tick failed: Command '['C:\\Python313\\python.exe', 'C:\\Developer\\soccer\\footy-model\\src\\ingest\\ingest_sofascore_stats.py', '--league', 'E2', '--limit', '1']' returned non-zero exit status 1.
Log file: artifacts\logs\settle_scheduler.log
Sofa reconcile targets: 1
COMMAND: C:\Python313\python.exe C:\Developer\soccer\footy-model\scripts\reconcile_stale_ft_matches.py --fixture-ids 1681
Log file: C:\Developer\soccer\footy-model\artifacts\logs\reconcile_stale_ft_matches_20260311T104005Z.log
============================================================
Sofa Reconcile: Stale/FT Missing Results
============================================================
started_at=2026-03-11T10:40:05.534297+00:00 dry_run=False league=None limit=200
Fixture 1681 (Sofa=15285162, kickoff=2026-03-10 19:45:00+00:00)
  Not terminal yet (status.type=notstarted).

Summary:
  processed: 1
  settled: 0
  cancelled_or_postponed: 0
  unfinished: 1
  missing_scores: 0
  fetch_errors: 0
COMMAND: C:\Python313\python.exe C:\Developer\soccer\footy-model\src\ingest\ingest_sofascore_stats.py --league E2 --limit 1
Traceback (most recent call last):
  File "C:\Developer\soccer\footy-model\src\ingest\ingest_sofascore_stats.py", line 11, in <module>
    from src.db.db_utils import connect_db
ModuleNotFoundError: No module named 'src'
Tick failed: Command '['C:\\Python313\\python.exe', 'C:\\Developer\\soccer\\footy-model\\src\\ingest\\ingest_sofascore_stats.py', '--league', 'E2', '--limit', '1']' returned non-zero exit status 1.
Log file: artifacts\logs\settle_scheduler.log
Sofa reconcile targets: 1
COMMAND: C:\Python313\python.exe C:\Developer\soccer\footy-model\scripts\reconcile_stale_ft_matches.py --fixture-ids 1681
Log file: C:\Developer\soccer\footy-model\artifacts\logs\reconcile_stale_ft_matches_20260311T110005Z.log
============================================================
Sofa Reconcile: Stale/FT Missing Results
============================================================
started_at=2026-03-11T11:00:05.645606+00:00 dry_run=False league=None limit=200
Fixture 1681 (Sofa=15285162, kickoff=2026-03-10 19:45:00+00:00)
  Not terminal yet (status.type=notstarted).

Summary:
  processed: 1
  settled: 0
  cancelled_or_postponed: 0
  unfinished: 1
  missing_scores: 0
  fetch_errors: 0
COMMAND: C:\Python313\python.exe C:\Developer\soccer\footy-model\src\ingest\ingest_sofascore_stats.py --league E2 --limit 1
Traceback (most recent call last):
  File "C:\Developer\soccer\footy-model\src\ingest\ingest_sofascore_stats.py", line 11, in <module>
    from src.db.db_utils import connect_db
ModuleNotFoundError: No module named 'src'
Tick failed: Command '['C:\\Python313\\python.exe', 'C:\\Developer\\soccer\\footy-model\\src\\ingest\\ingest_sofascore_stats.py', '--league', 'E2', '--limit', '1']' returned non-zero exit status 1.
Log file: artifacts\logs\settle_scheduler.log
Sofa reconcile targets: 1
COMMAND: C:\Python313\python.exe C:\Developer\soccer\footy-model\scripts\reconcile_stale_ft_matches.py --fixture-ids 1681
Log file: C:\Developer\soccer\footy-model\artifacts\logs\reconcile_stale_ft_matches_20260311T112005Z.log
============================================================
Sofa Reconcile: Stale/FT Missing Results
============================================================
started_at=2026-03-11T11:20:05.567211+00:00 dry_run=False league=None limit=200
Fixture 1681 (Sofa=15285162, kickoff=2026-03-10 19:45:00+00:00)
  Not terminal yet (status.type=notstarted).

Summary:
  processed: 1
  settled: 0
  cancelled_or_postponed: 0
  unfinished: 1
  missing_scores: 0
  fetch_errors: 0
COMMAND: C:\Python313\python.exe C:\Developer\soccer\footy-model\src\ingest\ingest_sofascore_stats.py --league E2 --limit 1
Traceback (most recent call last):
  File "C:\Developer\soccer\footy-model\src\ingest\ingest_sofascore_stats.py", line 11, in <module>
    from src.db.db_utils import connect_db
ModuleNotFoundError: No module named 'src'
Tick failed: Command '['C:\\Python313\\python.exe', 'C:\\Developer\\soccer\\footy-model\\src\\ingest\\ingest_sofascore_stats.py', '--league', 'E2', '--limit', '1']' returned non-zero exit status 1.
Log file: artifacts\logs\settle_scheduler.log
Sofa reconcile targets: 1
COMMAND: C:\Python313\python.exe C:\Developer\soccer\footy-model\scripts\reconcile_stale_ft_matches.py --fixture-ids 1681
Log file: C:\Developer\soccer\footy-model\artifacts\logs\reconcile_stale_ft_matches_20260311T114006Z.log
============================================================
Sofa Reconcile: Stale/FT Missing Results
============================================================
started_at=2026-03-11T11:40:06.590296+00:00 dry_run=False league=None limit=200
Fixture 1681 (Sofa=15285162, kickoff=2026-03-10 19:45:00+00:00)
  Not terminal yet (status.type=notstarted).

Summary:
  processed: 1
  settled: 0
  cancelled_or_postponed: 0
  unfinished: 1
  missing_scores: 0
  fetch_errors: 0
COMMAND: C:\Python313\python.exe C:\Developer\soccer\footy-model\src\ingest\ingest_sofascore_stats.py --league E2 --limit 1
Traceback (most recent call last):
  File "C:\Developer\soccer\footy-model\src\ingest\ingest_sofascore_stats.py", line 11, in <module>
    from src.db.db_utils import connect_db
ModuleNotFoundError: No module named 'src'
Tick failed: Command '['C:\\Python313\\python.exe', 'C:\\Developer\\soccer\\footy-model\\src\\ingest\\ingest_sofascore_stats.py', '--league', 'E2', '--limit', '1']' returned non-zero exit status 1.
Log file: artifacts\logs\settle_scheduler.log
Sofa reconcile targets: 1
COMMAND: C:\Python313\python.exe C:\Developer\soccer\footy-model\scripts\reconcile_stale_ft_matches.py --fixture-ids 1681
Log file: C:\Developer\soccer\footy-model\artifacts\logs\reconcile_stale_ft_matches_20260311T120007Z.log
============================================================
Sofa Reconcile: Stale/FT Missing Results
============================================================
started_at=2026-03-11T12:00:07.247881+00:00 dry_run=False league=None limit=200
Fixture 1681 (Sofa=15285162, kickoff=2026-03-10 19:45:00+00:00)
  Not terminal yet (status.type=notstarted).

Summary:
  processed: 1
  settled: 0
  cancelled_or_postponed: 0
  unfinished: 1
  missing_scores: 0
  fetch_errors: 0
COMMAND: C:\Python313\python.exe C:\Developer\soccer\footy-model\src\ingest\ingest_sofascore_stats.py --league E2 --limit 1
Traceback (most recent call last):
  File "C:\Developer\soccer\footy-model\src\ingest\ingest_sofascore_stats.py", line 11, in <module>
    from src.db.db_utils import connect_db
ModuleNotFoundError: No module named 'src'
Tick failed: Command '['C:\\Python313\\python.exe', 'C:\\Developer\\soccer\\footy-model\\src\\ingest\\ingest_sofascore_stats.py', '--league', 'E2', '--limit', '1']' returned non-zero exit status 1.
Log file: artifacts\logs\settle_scheduler.log
Sofa reconcile targets: 1
COMMAND: C:\Python313\python.exe C:\Developer\soccer\footy-model\scripts\reconcile_stale_ft_matches.py --fixture-ids 1681
Log file: C:\Developer\soccer\footy-model\artifacts\logs\reconcile_stale_ft_matches_20260311T122007Z.log
============================================================
Sofa Reconcile: Stale/FT Missing Results
============================================================
started_at=2026-03-11T12:20:07.923805+00:00 dry_run=False league=None limit=200
Fixture 1681 (Sofa=15285162, kickoff=2026-03-10 19:45:00+00:00)
  Not terminal yet (status.type=notstarted).

Summary:
  processed: 1
  settled: 0
  cancelled_or_postponed: 0
  unfinished: 1
  missing_scores: 0
  fetch_errors: 0
COMMAND: C:\Python313\python.exe C:\Developer\soccer\footy-model\src\ingest\ingest_sofascore_stats.py --league E2 --limit 1
Traceback (most recent call last):
  File "C:\Developer\soccer\footy-model\src\ingest\ingest_sofascore_stats.py", line 11, in <module>
    from src.db.db_utils import connect_db
ModuleNotFoundError: No module named 'src'
Tick failed: Command '['C:\\Python313\\python.exe', 'C:\\Developer\\soccer\\footy-model\\src\\ingest\\ingest_sofascore_stats.py', '--league', 'E2', '--limit', '1']' returned non-zero exit status 1.
Log file: artifacts\logs\settle_scheduler.log
Sofa reconcile targets: 1
COMMAND: C:\Python313\python.exe C:\Developer\soccer\footy-model\scripts\reconcile_stale_ft_matches.py --fixture-ids 1681
Log file: C:\Developer\soccer\footy-model\artifacts\logs\reconcile_stale_ft_matches_20260311T124006Z.log
============================================================
Sofa Reconcile: Stale/FT Missing Results
============================================================
started_at=2026-03-11T12:40:06.433513+00:00 dry_run=False league=None limit=200
Fixture 1681 (Sofa=15285162, kickoff=2026-03-10 19:45:00+00:00)
  Not terminal yet (status.type=notstarted).

Summary:
  processed: 1
  settled: 0
  cancelled_or_postponed: 0
  unfinished: 1
  missing_scores: 0
  fetch_errors: 0
COMMAND: C:\Python313\python.exe C:\Developer\soccer\footy-model\src\ingest\ingest_sofascore_stats.py --league E2 --limit 1
Traceback (most recent call last):
  File "C:\Developer\soccer\footy-model\src\ingest\ingest_sofascore_stats.py", line 11, in <module>
    from src.db.db_utils import connect_db
ModuleNotFoundError: No module named 'src'
Tick failed: Command '['C:\\Python313\\python.exe', 'C:\\Developer\\soccer\\footy-model\\src\\ingest\\ingest_sofascore_stats.py', '--league', 'E2', '--limit', '1']' returned non-zero exit status 1.
Log file: artifacts\logs\settle_scheduler.log
Sofa reconcile targets: 1
COMMAND: C:\Python313\python.exe C:\Developer\soccer\footy-model\scripts\reconcile_stale_ft_matches.py --fixture-ids 1681
Log file: C:\Developer\soccer\footy-model\artifacts\logs\reconcile_stale_ft_matches_20260311T130006Z.log
============================================================
Sofa Reconcile: Stale/FT Missing Results
============================================================
started_at=2026-03-11T13:00:06.664767+00:00 dry_run=False league=None limit=200
Fixture 1681 (Sofa=15285162, kickoff=2026-03-10 19:45:00+00:00)
  Not terminal yet (status.type=notstarted).

Summary:
  processed: 1
  settled: 0
  cancelled_or_postponed: 0
  unfinished: 1
  missing_scores: 0
  fetch_errors: 0
COMMAND: C:\Python313\python.exe C:\Developer\soccer\footy-model\src\ingest\ingest_sofascore_stats.py --league E2 --limit 1
Traceback (most recent call last):
  File "C:\Developer\soccer\footy-model\src\ingest\ingest_sofascore_stats.py", line 11, in <module>
    from src.db.db_utils import connect_db
ModuleNotFoundError: No module named 'src'
Tick failed: Command '['C:\\Python313\\python.exe', 'C:\\Developer\\soccer\\footy-model\\src\\ingest\\ingest_sofascore_stats.py', '--league', 'E2', '--limit', '1']' returned non-zero exit status 1.
Log file: artifacts\logs\settle_scheduler.log
Sofa reconcile targets: 1
COMMAND: C:\Python313\python.exe C:\Developer\soccer\footy-model\scripts\reconcile_stale_ft_matches.py --fixture-ids 1681
Log file: C:\Developer\soccer\footy-model\artifacts\logs\reconcile_stale_ft_matches_20260311T132006Z.log
============================================================
Sofa Reconcile: Stale/FT Missing Results
============================================================
started_at=2026-03-11T13:20:06.441824+00:00 dry_run=False league=None limit=200
Fixture 1681 (Sofa=15285162, kickoff=2026-03-10 19:45:00+00:00)
  Not terminal yet (status.type=notstarted).

Summary:
  processed: 1
  settled: 0
  cancelled_or_postponed: 0
  unfinished: 1
  missing_scores: 0
  fetch_errors: 0
COMMAND: C:\Python313\python.exe C:\Developer\soccer\footy-model\src\ingest\ingest_sofascore_stats.py --league E2 --limit 1
Traceback (most recent call last):
  File "C:\Developer\soccer\footy-model\src\ingest\ingest_sofascore_stats.py", line 11, in <module>
    from src.db.db_utils import connect_db
ModuleNotFoundError: No module named 'src'
Tick failed: Command '['C:\\Python313\\python.exe', 'C:\\Developer\\soccer\\footy-model\\src\\ingest\\ingest_sofascore_stats.py', '--league', 'E2', '--limit', '1']' returned non-zero exit status 1.
Log file: artifacts\logs\settle_scheduler.log
Sofa reconcile targets: 1
COMMAND: C:\Python313\python.exe C:\Developer\soccer\footy-model\scripts\reconcile_stale_ft_matches.py --fixture-ids 1681
Log file: C:\Developer\soccer\footy-model\artifacts\logs\reconcile_stale_ft_matches_20260311T134005Z.log
============================================================
Sofa Reconcile: Stale/FT Missing Results
============================================================
started_at=2026-03-11T13:40:05.654055+00:00 dry_run=False league=None limit=200
Fixture 1681 (Sofa=15285162, kickoff=2026-03-10 19:45:00+00:00)
  Not terminal yet (status.type=notstarted).

Summary:
  processed: 1
  settled: 0
  cancelled_or_postponed: 0
  unfinished: 1
  missing_scores: 0
  fetch_errors: 0
COMMAND: C:\Python313\python.exe C:\Developer\soccer\footy-model\src\ingest\ingest_sofascore_stats.py --league E2 --limit 1
Traceback (most recent call last):
  File "C:\Developer\soccer\footy-model\src\ingest\ingest_sofascore_stats.py", line 11, in <module>
    from src.db.db_utils import connect_db
ModuleNotFoundError: No module named 'src'
Tick failed: Command '['C:\\Python313\\python.exe', 'C:\\Developer\\soccer\\footy-model\\src\\ingest\\ingest_sofascore_stats.py', '--league', 'E2', '--limit', '1']' returned non-zero exit status 1.
Log file: artifacts\logs\settle_scheduler.log
Sofa reconcile targets: 1
COMMAND: C:\Python313\python.exe C:\Developer\soccer\footy-model\scripts\reconcile_stale_ft_matches.py --fixture-ids 1681
Log file: C:\Developer\soccer\footy-model\artifacts\logs\reconcile_stale_ft_matches_20260311T140007Z.log
============================================================
Sofa Reconcile: Stale/FT Missing Results
============================================================
started_at=2026-03-11T14:00:07.538550+00:00 dry_run=False league=None limit=200
Fixture 1681 (Sofa=15285162, kickoff=2026-03-10 19:45:00+00:00)
  Not terminal yet (status.type=notstarted).

Summary:
  processed: 1
  settled: 0
  cancelled_or_postponed: 0
  unfinished: 1
  missing_scores: 0
  fetch_errors: 0
COMMAND: C:\Python313\python.exe C:\Developer\soccer\footy-model\src\ingest\ingest_sofascore_stats.py --league E2 --limit 1
Traceback (most recent call last):
  File "C:\Developer\soccer\footy-model\src\ingest\ingest_sofascore_stats.py", line 11, in <module>
    from src.db.db_utils import connect_db
ModuleNotFoundError: No module named 'src'
Tick failed: Command '['C:\\Python313\\python.exe', 'C:\\Developer\\soccer\\footy-model\\src\\ingest\\ingest_sofascore_stats.py', '--league', 'E2', '--limit', '1']' returned non-zero exit status 1.
Log file: artifacts\logs\settle_scheduler.log
Sofa reconcile targets: 1
COMMAND: C:\Python313\python.exe C:\Developer\soccer\footy-model\scripts\reconcile_stale_ft_matches.py --fixture-ids 1681
Log file: C:\Developer\soccer\footy-model\artifacts\logs\reconcile_stale_ft_matches_20260311T142007Z.log
============================================================
Sofa Reconcile: Stale/FT Missing Results
============================================================
started_at=2026-03-11T14:20:07.461754+00:00 dry_run=False league=None limit=200
Fixture 1681 (Sofa=15285162, kickoff=2026-03-10 19:45:00+00:00)
  Not terminal yet (status.type=notstarted).

Summary:
  processed: 1
  settled: 0
  cancelled_or_postponed: 0
  unfinished: 1
  missing_scores: 0
  fetch_errors: 0
COMMAND: C:\Python313\python.exe C:\Developer\soccer\footy-model\src\ingest\ingest_sofascore_stats.py --league E2 --limit 1
Traceback (most recent call last):
  File "C:\Developer\soccer\footy-model\src\ingest\ingest_sofascore_stats.py", line 11, in <module>
    from src.db.db_utils import connect_db
ModuleNotFoundError: No module named 'src'
Tick failed: Command '['C:\\Python313\\python.exe', 'C:\\Developer\\soccer\\footy-model\\src\\ingest\\ingest_sofascore_stats.py', '--league', 'E2', '--limit', '1']' returned non-zero exit status 1.
Log file: artifacts\logs\settle_scheduler.log
Sofa reconcile targets: 1
COMMAND: C:\Python313\python.exe C:\Developer\soccer\footy-model\scripts\reconcile_stale_ft_matches.py --fixture-ids 1681
Log file: C:\Developer\soccer\footy-model\artifacts\logs\reconcile_stale_ft_matches_20260311T170007Z.log
============================================================
Sofa Reconcile: Stale/FT Missing Results
============================================================
started_at=2026-03-11T17:00:07.158882+00:00 dry_run=False league=None limit=200
Fixture 1681 (Sofa=15285162, kickoff=2026-03-10 19:45:00+00:00)
  Not terminal yet (status.type=notstarted).

Summary:
  processed: 1
  settled: 0
  cancelled_or_postponed: 0
  unfinished: 1
  missing_scores: 0
  fetch_errors: 0
COMMAND: C:\Python313\python.exe C:\Developer\soccer\footy-model\src\ingest\ingest_sofascore_stats.py --league E2 --limit 1
Traceback (most recent call last):
  File "C:\Developer\soccer\footy-model\src\ingest\ingest_sofascore_stats.py", line 11, in <module>
    from src.db.db_utils import connect_db
ModuleNotFoundError: No module named 'src'
Tick failed: Command '['C:\\Python313\\python.exe', 'C:\\Developer\\soccer\\footy-model\\src\\ingest\\ingest_sofascore_stats.py', '--league', 'E2', '--limit', '1']' returned non-zero exit status 1.
Log file: artifacts\logs\settle_scheduler.log
Sofa reconcile targets: 1
COMMAND: C:\Python313\python.exe C:\Developer\soccer\footy-model\scripts\reconcile_stale_ft_matches.py --fixture-ids 1681
Log file: C:\Developer\soccer\footy-model\artifacts\logs\reconcile_stale_ft_matches_20260311T172006Z.log
============================================================
Sofa Reconcile: Stale/FT Missing Results
============================================================
started_at=2026-03-11T17:20:06.529981+00:00 dry_run=False league=None limit=200
Fixture 1681 (Sofa=15285162, kickoff=2026-03-10 19:45:00+00:00)
  Not terminal yet (status.type=notstarted).

Summary:
  processed: 1
  settled: 0
  cancelled_or_postponed: 0
  unfinished: 1
  missing_scores: 0
  fetch_errors: 0
COMMAND: C:\Python313\python.exe C:\Developer\soccer\footy-model\src\ingest\ingest_sofascore_stats.py --league E2 --limit 1
Traceback (most recent call last):
  File "C:\Developer\soccer\footy-model\src\ingest\ingest_sofascore_stats.py", line 11, in <module>
    from src.db.db_utils import connect_db
ModuleNotFoundError: No module named 'src'
Tick failed: Command '['C:\\Python313\\python.exe', 'C:\\Developer\\soccer\\footy-model\\src\\ingest\\ingest_sofascore_stats.py', '--league', 'E2', '--limit', '1']' returned non-zero exit status 1.
Log file: artifacts\logs\settle_scheduler.log
Sofa reconcile targets: 1
COMMAND: C:\Python313\python.exe C:\Developer\soccer\footy-model\scripts\reconcile_stale_ft_matches.py --fixture-ids 1681
Log file: C:\Developer\soccer\footy-model\artifacts\logs\reconcile_stale_ft_matches_20260311T174006Z.log
============================================================
Sofa Reconcile: Stale/FT Missing Results
============================================================
started_at=2026-03-11T17:40:06.967546+00:00 dry_run=False league=None limit=200
Fixture 1681 (Sofa=15285162, kickoff=2026-03-10 19:45:00+00:00)
  Not terminal yet (status.type=notstarted).

Summary:
  processed: 1
  settled: 0
  cancelled_or_postponed: 0
  unfinished: 1
  missing_scores: 0
  fetch_errors: 0
COMMAND: C:\Python313\python.exe C:\Developer\soccer\footy-model\src\ingest\ingest_sofascore_stats.py --league E2 --limit 1
Traceback (most recent call last):
  File "C:\Developer\soccer\footy-model\src\ingest\ingest_sofascore_stats.py", line 11, in <module>
    from src.db.db_utils import connect_db
ModuleNotFoundError: No module named 'src'
Tick failed: Command '['C:\\Python313\\python.exe', 'C:\\Developer\\soccer\\footy-model\\src\\ingest\\ingest_sofascore_stats.py', '--league', 'E2', '--limit', '1']' returned non-zero exit status 1.
Log file: artifacts\logs\settle_scheduler.log
Sofa reconcile targets: 1
COMMAND: C:\Python313\python.exe C:\Developer\soccer\footy-model\scripts\reconcile_stale_ft_matches.py --fixture-ids 1681
Log file: C:\Developer\soccer\footy-model\artifacts\logs\reconcile_stale_ft_matches_20260311T180003Z.log
============================================================
Sofa Reconcile: Stale/FT Missing Results
============================================================
started_at=2026-03-11T18:00:03.242194+00:00 dry_run=False league=None limit=200
Fixture 1681 (Sofa=15285162, kickoff=2026-03-10 19:45:00+00:00)
  Not terminal yet (status.type=notstarted).

Summary:
  processed: 1
  settled: 0
  cancelled_or_postponed: 0
  unfinished: 1
  missing_scores: 0
  fetch_errors: 0
COMMAND: C:\Python313\python.exe C:\Developer\soccer\footy-model\src\ingest\ingest_sofascore_stats.py --league E2 --limit 1
2026-03-11 18:00:06,199 - INFO - Found 1 fixtures needing stats ingestion.
2026-03-11 18:00:06,200 - INFO - Processing fixture 1265 (SofaID: 14060686)...
2026-03-11 18:00:07,969 - INFO -   Successfully ingested stats for fixture 1265
COMMAND: C:\Python313\python.exe C:\Developer\soccer\footy-model\src\ingest\ingest_sofascore_players.py --league E2 --limit 1
Found 1 fixtures to process.
Processing Fixture 1680 (SS: 15340571, League: E2)...
  Successfully ingested players for 1680
COMMAND: C:\Python313\python.exe C:\Developer\soccer\footy-model\src\ingest\ingest_sofascore_incidents.py --league E2 --limit 1 --status ft
Found 1 fixtures needing incidents ingestion.
Processing fixture 1680 (SS: 15340571, status=ft, league=E2)...
  incidents=21 goals=3
  committed incidents
Done: success=1 empty=0 not_found=0 error=0
COMMAND: C:\Python313\python.exe C:\Developer\soccer\footy-model\src\ingest\ingest_sofascore_availability.py --league E2 --limit 1 --status ft
Found 1 fixtures to process.
  Processing Fixture 1680 (SS: 15340571, Status: ft)...
    OK - committed availability for fixture 1680
COMMAND: C:\Python313\python.exe C:\Developer\soccer\footy-model\src\ingest\ingest_sofascore_formations.py --league E2 --limit 1 --status ft
No fixtures found needing formation ingestion.
Skipping predict phase (--skip-predict).
Skipping score phase (--skip-score).
Log file: artifacts\logs\settle_scheduler.log
Sofa reconcile targets: 1
COMMAND: C:\Python313\python.exe C:\Developer\soccer\footy-model\scripts\reconcile_stale_ft_matches.py --fixture-ids 1681
Log file: C:\Developer\soccer\footy-model\artifacts\logs\reconcile_stale_ft_matches_20260311T182006Z.log
============================================================
Sofa Reconcile: Stale/FT Missing Results
============================================================
started_at=2026-03-11T18:20:06.826668+00:00 dry_run=False league=None limit=200
Fixture 1681 (Sofa=15285162, kickoff=2026-03-10 19:45:00+00:00)
  Not terminal yet (status.type=notstarted).

Summary:
  processed: 1
  settled: 0
  cancelled_or_postponed: 0
  unfinished: 1
  missing_scores: 0
  fetch_errors: 0
COMMAND: C:\Python313\python.exe C:\Developer\soccer\footy-model\src\ingest\ingest_sofascore_stats.py --league E2 --limit 1
2026-03-11 18:20:13,379 - INFO - Found 1 fixtures needing stats ingestion.
2026-03-11 18:20:13,379 - INFO - Processing fixture 1265 (SofaID: 14060686)...
2026-03-11 18:20:15,194 - INFO -   Successfully ingested stats for fixture 1265
COMMAND: C:\Python313\python.exe C:\Developer\soccer\footy-model\src\ingest\ingest_sofascore_players.py --league E2 --limit 1
Found 1 fixtures to process.
Processing Fixture 1679 (SS: 15337182, League: E2)...
  Successfully ingested players for 1679
COMMAND: C:\Python313\python.exe C:\Developer\soccer\footy-model\src\ingest\ingest_sofascore_incidents.py --league E2 --limit 1 --status ft
Found 1 fixtures needing incidents ingestion.
Processing fixture 1679 (SS: 15337182, status=ft, league=E2)...
  incidents=21 goals=1
  committed incidents
Done: success=1 empty=0 not_found=0 error=0
COMMAND: C:\Python313\python.exe C:\Developer\soccer\footy-model\src\ingest\ingest_sofascore_availability.py --league E2 --limit 1 --status ft
Found 1 fixtures to process.
  Processing Fixture 1679 (SS: 15337182, Status: ft)...
    OK - committed availability for fixture 1679
COMMAND: C:\Python313\python.exe C:\Developer\soccer\footy-model\src\ingest\ingest_sofascore_formations.py --league E2 --limit 1 --status ft
No fixtures found needing formation ingestion.
Skipping predict phase (--skip-predict).
Skipping score phase (--skip-score).
Log file: artifacts\logs\settle_scheduler.log
Sofa reconcile targets: 1
COMMAND: C:\Python313\python.exe C:\Developer\soccer\footy-model\scripts\reconcile_stale_ft_matches.py --fixture-ids 1681
Log file: C:\Developer\soccer\footy-model\artifacts\logs\reconcile_stale_ft_matches_20260311T184006Z.log
============================================================
Sofa Reconcile: Stale/FT Missing Results
============================================================
started_at=2026-03-11T18:40:06.448762+00:00 dry_run=False league=None limit=200
Fixture 1681 (Sofa=15285162, kickoff=2026-03-10 19:45:00+00:00)
  Not terminal yet (status.type=notstarted).

Summary:
  processed: 1
  settled: 0
  cancelled_or_postponed: 0
  unfinished: 1
  missing_scores: 0
  fetch_errors: 0
COMMAND: C:\Python313\python.exe C:\Developer\soccer\footy-model\src\ingest\ingest_sofascore_stats.py --league E2 --limit 1
2026-03-11 18:40:14,973 - INFO - Found 1 fixtures needing stats ingestion.
2026-03-11 18:40:14,973 - INFO - Processing fixture 1265 (SofaID: 14060686)...
2026-03-11 18:40:17,460 - INFO -   Successfully ingested stats for fixture 1265
COMMAND: C:\Python313\python.exe C:\Developer\soccer\footy-model\src\ingest\ingest_sofascore_players.py --league E2 --limit 1
Found 1 fixtures to process.
Processing Fixture 1678 (SS: 15295041, League: E2)...
  Successfully ingested players for 1678
COMMAND: C:\Python313\python.exe C:\Developer\soccer\footy-model\src\ingest\ingest_sofascore_incidents.py --league E2 --limit 1 --status ft
Found 1 fixtures needing incidents ingestion.
Processing fixture 1678 (SS: 15295041, status=ft, league=E2)...
  incidents=19 goals=3
  committed incidents
Done: success=1 empty=0 not_found=0 error=0
COMMAND: C:\Python313\python.exe C:\Developer\soccer\footy-model\src\ingest\ingest_sofascore_availability.py --league E2 --limit 1 --status ft
Found 1 fixtures to process.
  Processing Fixture 1678 (SS: 15295041, Status: ft)...
    OK - committed availability for fixture 1678
COMMAND: C:\Python313\python.exe C:\Developer\soccer\footy-model\src\ingest\ingest_sofascore_formations.py --league E2 --limit 1 --status ft
No fixtures found needing formation ingestion.
Skipping predict phase (--skip-predict).
Skipping score phase (--skip-score).
Log file: artifacts\logs\settle_scheduler.log
Sofa reconcile targets: 1
COMMAND: C:\Python313\python.exe C:\Developer\soccer\footy-model\scripts\reconcile_stale_ft_matches.py --fixture-ids 1681
Log file: C:\Developer\soccer\footy-model\artifacts\logs\reconcile_stale_ft_matches_20260311T190007Z.log
============================================================
Sofa Reconcile: Stale/FT Missing Results
============================================================
started_at=2026-03-11T19:00:07.398623+00:00 dry_run=False league=None limit=200
Fixture 1681 (Sofa=15285162, kickoff=2026-03-10 19:45:00+00:00)
  Not terminal yet (status.type=notstarted).

Summary:
  processed: 1
  settled: 0
  cancelled_or_postponed: 0
  unfinished: 1
  missing_scores: 0
  fetch_errors: 0
COMMAND: C:\Python313\python.exe C:\Developer\soccer\footy-model\src\ingest\ingest_sofascore_stats.py --league E2 --limit 1
2026-03-11 19:00:18,932 - INFO - Found 1 fixtures needing stats ingestion.
2026-03-11 19:00:18,932 - INFO - Processing fixture 1265 (SofaID: 14060686)...
2026-03-11 19:00:21,157 - INFO -   Successfully ingested stats for fixture 1265
COMMAND: C:\Python313\python.exe C:\Developer\soccer\footy-model\src\ingest\ingest_sofascore_players.py --league E2 --limit 1
Found 1 fixtures to process.
Processing Fixture 1676 (SS: 15437897, League: E2)...
  Successfully ingested players for 1676
COMMAND: C:\Python313\python.exe C:\Developer\soccer\footy-model\src\ingest\ingest_sofascore_incidents.py --league E2 --limit 1 --status ft
Found 1 fixtures needing incidents ingestion.
Processing fixture 1676 (SS: 15437897, status=ft, league=E2)...
  incidents=17 goals=1
  committed incidents
Done: success=1 empty=0 not_found=0 error=0
COMMAND: C:\Python313\python.exe C:\Developer\soccer\footy-model\src\ingest\ingest_sofascore_availability.py --league E2 --limit 1 --status ft
Found 1 fixtures to process.
  Processing Fixture 1676 (SS: 15437897, Status: ft)...
    OK - committed availability for fixture 1676
COMMAND: C:\Python313\python.exe C:\Developer\soccer\footy-model\src\ingest\ingest_sofascore_formations.py --league E2 --limit 1 --status ft
No fixtures found needing formation ingestion.
Skipping predict phase (--skip-predict).
Skipping score phase (--skip-score).
Log file: artifacts\logs\settle_scheduler.log
Sofa reconcile targets: 1
COMMAND: C:\Python313\python.exe C:\Developer\soccer\footy-model\scripts\reconcile_stale_ft_matches.py --fixture-ids 1681
Log file: C:\Developer\soccer\footy-model\artifacts\logs\reconcile_stale_ft_matches_20260311T192006Z.log
============================================================
Sofa Reconcile: Stale/FT Missing Results
============================================================
started_at=2026-03-11T19:20:06.635051+00:00 dry_run=False league=None limit=200
Fixture 1681 (Sofa=15285162, kickoff=2026-03-10 19:45:00+00:00)
  Not terminal yet (status.type=notstarted).

Summary:
  processed: 1
  settled: 0
  cancelled_or_postponed: 0
  unfinished: 1
  missing_scores: 0
  fetch_errors: 0
COMMAND: C:\Python313\python.exe C:\Developer\soccer\footy-model\src\ingest\ingest_sofascore_stats.py --league E2 --limit 1
2026-03-11 19:20:13,886 - INFO - Found 1 fixtures needing stats ingestion.
2026-03-11 19:20:13,886 - INFO - Processing fixture 1265 (SofaID: 14060686)...
2026-03-11 19:20:15,708 - INFO -   Successfully ingested stats for fixture 1265
COMMAND: C:\Python313\python.exe C:\Developer\soccer\footy-model\src\ingest\ingest_sofascore_players.py --league E2 --limit 1
Found 1 fixtures to process.
Processing Fixture 1675 (SS: 14061340, League: E2)...
  Successfully ingested players for 1675
COMMAND: C:\Python313\python.exe C:\Developer\soccer\footy-model\src\ingest\ingest_sofascore_incidents.py --league E2 --limit 1 --status ft
Found 1 fixtures needing incidents ingestion.
Processing fixture 1675 (SS: 14061340, status=ft, league=E2)...
  incidents=16 goals=1
  committed incidents
Done: success=1 empty=0 not_found=0 error=0
COMMAND: C:\Python313\python.exe C:\Developer\soccer\footy-model\src\ingest\ingest_sofascore_availability.py --league E2 --limit 1 --status ft
Found 1 fixtures to process.
  Processing Fixture 1675 (SS: 14061340, Status: ft)...
    OK - committed availability for fixture 1675
COMMAND: C:\Python313\python.exe C:\Developer\soccer\footy-model\src\ingest\ingest_sofascore_formations.py --league E2 --limit 1 --status ft
No fixtures found needing formation ingestion.
Skipping predict phase (--skip-predict).
Skipping score phase (--skip-score).
Log file: artifacts\logs\settle_scheduler.log
Sofa reconcile targets: 1
COMMAND: C:\Python313\python.exe C:\Developer\soccer\footy-model\scripts\reconcile_stale_ft_matches.py --fixture-ids 1681
Log file: C:\Developer\soccer\footy-model\artifacts\logs\reconcile_stale_ft_matches_20260311T194006Z.log
============================================================
Sofa Reconcile: Stale/FT Missing Results
============================================================
started_at=2026-03-11T19:40:06.426636+00:00 dry_run=False league=None limit=200
Fixture 1681 (Sofa=15285162, kickoff=2026-03-10 19:45:00+00:00)
  Not terminal yet (status.type=notstarted).

Summary:
  processed: 1
  settled: 0
  cancelled_or_postponed: 0
  unfinished: 1
  missing_scores: 0
  fetch_errors: 0
COMMAND: C:\Python313\python.exe C:\Developer\soccer\footy-model\src\ingest\ingest_sofascore_stats.py --league E2 --limit 1
2026-03-11 19:40:13,391 - INFO - Found 1 fixtures needing stats ingestion.
2026-03-11 19:40:13,391 - INFO - Processing fixture 1265 (SofaID: 14060686)...
2026-03-11 19:40:15,970 - INFO -   Successfully ingested stats for fixture 1265
COMMAND: C:\Python313\python.exe C:\Developer\soccer\footy-model\src\ingest\ingest_sofascore_players.py --league E2 --limit 1
Found 1 fixtures to process.
Processing Fixture 1673 (SS: 14061402, League: E2)...
  Successfully ingested players for 1673
COMMAND: C:\Python313\python.exe C:\Developer\soccer\footy-model\src\ingest\ingest_sofascore_incidents.py --league E2 --limit 1 --status ft
Found 1 fixtures needing incidents ingestion.
Processing fixture 1673 (SS: 14061402, status=ft, league=E2)...
  incidents=26 goals=3
  committed incidents
Done: success=1 empty=0 not_found=0 error=0
COMMAND: C:\Python313\python.exe C:\Developer\soccer\footy-model\src\ingest\ingest_sofascore_availability.py --league E2 --limit 1 --status ft
Found 1 fixtures to process.
  Processing Fixture 1673 (SS: 14061402, Status: ft)...
    OK - committed availability for fixture 1673
COMMAND: C:\Python313\python.exe C:\Developer\soccer\footy-model\src\ingest\ingest_sofascore_formations.py --league E2 --limit 1 --status ft
No fixtures found needing formation ingestion.
Skipping predict phase (--skip-predict).
Skipping score phase (--skip-score).
Log file: artifacts\logs\settle_scheduler.log
Sofa reconcile targets: 1
COMMAND: C:\Python313\python.exe C:\Developer\soccer\footy-model\scripts\reconcile_stale_ft_matches.py --fixture-ids 1681
Log file: C:\Developer\soccer\footy-model\artifacts\logs\reconcile_stale_ft_matches_20260311T200006Z.log
============================================================
Sofa Reconcile: Stale/FT Missing Results
============================================================
started_at=2026-03-11T20:00:06.064948+00:00 dry_run=False league=None limit=200
Fixture 1681 (Sofa=15285162, kickoff=2026-03-10 19:45:00+00:00)
  Not terminal yet (status.type=inprogress).

Summary:
  processed: 1
  settled: 0
  cancelled_or_postponed: 0
  unfinished: 1
  missing_scores: 0
  fetch_errors: 0
COMMAND: C:\Python313\python.exe C:\Developer\soccer\footy-model\src\ingest\ingest_sofascore_stats.py --league E2 --limit 1
2026-03-11 20:00:20,543 - INFO - Found 1 fixtures needing stats ingestion.
2026-03-11 20:00:20,543 - INFO - Processing fixture 1265 (SofaID: 14060686)...
2026-03-11 20:00:22,340 - INFO -   Successfully ingested stats for fixture 1265
COMMAND: C:\Python313\python.exe C:\Developer\soccer\footy-model\src\ingest\ingest_sofascore_players.py --league E2 --limit 1
Found 1 fixtures to process.
Processing Fixture 1667 (SS: 14061346, League: E2)...
  Successfully ingested players for 1667
COMMAND: C:\Python313\python.exe C:\Developer\soccer\footy-model\src\ingest\ingest_sofascore_incidents.py --league E2 --limit 1 --status ft
Found 1 fixtures needing incidents ingestion.
Processing fixture 1672 (SS: 14061352, status=ft, league=E2)...
  incidents=17 goals=2
  committed incidents
Done: success=1 empty=0 not_found=0 error=0
COMMAND: C:\Python313\python.exe C:\Developer\soccer\footy-model\src\ingest\ingest_sofascore_availability.py --league E2 --limit 1 --status ft
Found 1 fixtures to process.
  Processing Fixture 1672 (SS: 14061352, Status: ft)...
    OK - committed availability for fixture 1672
COMMAND: C:\Python313\python.exe C:\Developer\soccer\footy-model\src\ingest\ingest_sofascore_formations.py --league E2 --limit 1 --status ft
No fixtures found needing formation ingestion.
Skipping predict phase (--skip-predict).
Skipping score phase (--skip-score).
Log file: artifacts\logs\settle_scheduler.log
Sofa reconcile targets: 1
COMMAND: C:\Python313\python.exe C:\Developer\soccer\footy-model\scripts\reconcile_stale_ft_matches.py --fixture-ids 1681
Log file: C:\Developer\soccer\footy-model\artifacts\logs\reconcile_stale_ft_matches_20260311T202006Z.log
============================================================
Sofa Reconcile: Stale/FT Missing Results
============================================================
started_at=2026-03-11T20:20:06.175075+00:00 dry_run=False league=None limit=200
Fixture 1681 (Sofa=15285162, kickoff=2026-03-10 19:45:00+00:00)
  Not terminal yet (status.type=inprogress).

Summary:
  processed: 1
  settled: 0
  cancelled_or_postponed: 0
  unfinished: 1
  missing_scores: 0
  fetch_errors: 0
COMMAND: C:\Python313\python.exe C:\Developer\soccer\footy-model\src\ingest\ingest_sofascore_stats.py --league E2 --limit 1
2026-03-11 20:20:19,249 - INFO - Found 1 fixtures needing stats ingestion.
2026-03-11 20:20:19,249 - INFO - Processing fixture 1265 (SofaID: 14060686)...
2026-03-11 20:20:21,059 - INFO -   Successfully ingested stats for fixture 1265
COMMAND: C:\Python313\python.exe C:\Developer\soccer\footy-model\src\ingest\ingest_sofascore_players.py --league E2 --limit 1
Found 1 fixtures to process.
Processing Fixture 1668 (SS: 14061365, League: E2)...
  Successfully ingested players for 1668
COMMAND: C:\Python313\python.exe C:\Developer\soccer\footy-model\src\ingest\ingest_sofascore_incidents.py --league E2 --limit 1 --status ft
Found 1 fixtures needing incidents ingestion.
Processing fixture 1671 (SS: 14061371, status=ft, league=E2)...
  incidents=19 goals=1
  committed incidents
Done: success=1 empty=0 not_found=0 error=0
COMMAND: C:\Python313\python.exe C:\Developer\soccer\footy-model\src\ingest\ingest_sofascore_availability.py --league E2 --limit 1 --status ft
Found 1 fixtures to process.
  Processing Fixture 1671 (SS: 14061371, Status: ft)...
    OK - committed availability for fixture 1671
COMMAND: C:\Python313\python.exe C:\Developer\soccer\footy-model\src\ingest\ingest_sofascore_formations.py --league E2 --limit 1 --status ft
No fixtures found needing formation ingestion.
Skipping predict phase (--skip-predict).
Skipping score phase (--skip-score).
Log file: artifacts\logs\settle_scheduler.log
Sofa reconcile targets: 1
COMMAND: C:\Python313\python.exe C:\Developer\soccer\footy-model\scripts\reconcile_stale_ft_matches.py --fixture-ids 1681
Log file: C:\Developer\soccer\footy-model\artifacts\logs\reconcile_stale_ft_matches_20260311T204006Z.log
============================================================
Sofa Reconcile: Stale/FT Missing Results
============================================================
started_at=2026-03-11T20:40:06.020972+00:00 dry_run=False league=None limit=200
Fixture 1681 (Sofa=15285162, kickoff=2026-03-10 19:45:00+00:00)
  Not terminal yet (status.type=inprogress).

Summary:
  processed: 1
  settled: 0
  cancelled_or_postponed: 0
  unfinished: 1
  missing_scores: 0
  fetch_errors: 0
COMMAND: C:\Python313\python.exe C:\Developer\soccer\footy-model\src\ingest\ingest_sofascore_stats.py --league E2 --limit 1
2026-03-11 20:40:13,955 - INFO - Found 1 fixtures needing stats ingestion.
2026-03-11 20:40:13,962 - INFO - Processing fixture 1265 (SofaID: 14060686)...
2026-03-11 20:40:15,825 - INFO -   Successfully ingested stats for fixture 1265
COMMAND: C:\Python313\python.exe C:\Developer\soccer\footy-model\src\ingest\ingest_sofascore_players.py --league E2 --limit 1
Found 1 fixtures to process.
Processing Fixture 1669 (SS: 14061359, League: E2)...
  Successfully ingested players for 1669
COMMAND: C:\Python313\python.exe C:\Developer\soccer\footy-model\src\ingest\ingest_sofascore_incidents.py --league E2 --limit 1 --status ft
Found 1 fixtures needing incidents ingestion.
Processing fixture 1670 (SS: 14061389, status=ft, league=E2)...
  incidents=23 goals=5
  committed incidents
Done: success=1 empty=0 not_found=0 error=0
COMMAND: C:\Python313\python.exe C:\Developer\soccer\footy-model\src\ingest\ingest_sofascore_availability.py --league E2 --limit 1 --status ft
Found 1 fixtures to process.
  Processing Fixture 1670 (SS: 14061389, Status: ft)...
    OK - committed availability for fixture 1670
COMMAND: C:\Python313\python.exe C:\Developer\soccer\footy-model\src\ingest\ingest_sofascore_formations.py --league E2 --limit 1 --status ft
No fixtures found needing formation ingestion.
Skipping predict phase (--skip-predict).
Skipping score phase (--skip-score).
Log file: artifacts\logs\settle_scheduler.log
Sofa reconcile targets: 1
COMMAND: C:\Python313\python.exe C:\Developer\soccer\footy-model\scripts\reconcile_stale_ft_matches.py --fixture-ids 1681
Log file: C:\Developer\soccer\footy-model\artifacts\logs\reconcile_stale_ft_matches_20260311T210001Z.log
============================================================
Sofa Reconcile: Stale/FT Missing Results
============================================================
started_at=2026-03-11T21:00:01.895600+00:00 dry_run=False league=None limit=200
Fixture 1681 (Sofa=15285162, kickoff=2026-03-10 19:45:00+00:00)
  Not terminal yet (status.type=inprogress).

Summary:
  processed: 1
  settled: 0
  cancelled_or_postponed: 0
  unfinished: 1
  missing_scores: 0
  fetch_errors: 0
COMMAND: C:\Python313\python.exe C:\Developer\soccer\footy-model\src\ingest\ingest_sofascore_stats.py --league E2 --limit 1
2026-03-11 21:00:08,431 - INFO - Found 1 fixtures needing stats ingestion.
2026-03-11 21:00:08,431 - INFO - Processing fixture 1265 (SofaID: 14060686)...
2026-03-11 21:00:10,116 - INFO -   Successfully ingested stats for fixture 1265
COMMAND: C:\Python313\python.exe C:\Developer\soccer\footy-model\src\ingest\ingest_sofascore_players.py --league E2 --limit 1
Found 1 fixtures to process.
Processing Fixture 1670 (SS: 14061389, League: E2)...
  Successfully ingested players for 1670
COMMAND: C:\Python313\python.exe C:\Developer\soccer\footy-model\src\ingest\ingest_sofascore_incidents.py --league E2 --limit 1 --status ft
Found 1 fixtures needing incidents ingestion.
Processing fixture 1669 (SS: 14061359, status=ft, league=E2)...
  incidents=25 goals=5
  committed incidents
Done: success=1 empty=0 not_found=0 error=0
COMMAND: C:\Python313\python.exe C:\Developer\soccer\footy-model\src\ingest\ingest_sofascore_availability.py --league E2 --limit 1 --status ft
Found 1 fixtures to process.
  Processing Fixture 1669 (SS: 14061359, Status: ft)...
    OK - committed availability for fixture 1669
COMMAND: C:\Python313\python.exe C:\Developer\soccer\footy-model\src\ingest\ingest_sofascore_formations.py --league E2 --limit 1 --status ft
No fixtures found needing formation ingestion.
Skipping predict phase (--skip-predict).
Skipping score phase (--skip-score).
Log file: artifacts\logs\settle_scheduler.log
Sofa reconcile targets: 1
COMMAND: C:\Python313\python.exe C:\Developer\soccer\footy-model\scripts\reconcile_stale_ft_matches.py --fixture-ids 1681
Log file: C:\Developer\soccer\footy-model\artifacts\logs\reconcile_stale_ft_matches_20260311T212006Z.log
============================================================
Sofa Reconcile: Stale/FT Missing Results
============================================================
started_at=2026-03-11T21:20:06.235481+00:00 dry_run=False league=None limit=200
Fixture 1681 (Sofa=15285162, kickoff=2026-03-10 19:45:00+00:00)
  Not terminal yet (status.type=inprogress).

Summary:
  processed: 1
  settled: 0
  cancelled_or_postponed: 0
  unfinished: 1
  missing_scores: 0
  fetch_errors: 0
COMMAND: C:\Python313\python.exe C:\Developer\soccer\footy-model\src\ingest\ingest_sofascore_stats.py --league E2 --limit 1
2026-03-11 21:20:13,965 - INFO - Found 1 fixtures needing stats ingestion.
2026-03-11 21:20:13,965 - INFO - Processing fixture 1265 (SofaID: 14060686)...
2026-03-11 21:20:15,863 - INFO -   Successfully ingested stats for fixture 1265
COMMAND: C:\Python313\python.exe C:\Developer\soccer\footy-model\src\ingest\ingest_sofascore_players.py --league E2 --limit 1
Found 1 fixtures to process.
Processing Fixture 1671 (SS: 14061371, League: E2)...
  Successfully ingested players for 1671
COMMAND: C:\Python313\python.exe C:\Developer\soccer\footy-model\src\ingest\ingest_sofascore_incidents.py --league E2 --limit 1 --status ft
Found 1 fixtures needing incidents ingestion.
Processing fixture 1668 (SS: 14061365, status=ft, league=E2)...
  incidents=23 goals=3
  committed incidents
Done: success=1 empty=0 not_found=0 error=0
COMMAND: C:\Python313\python.exe C:\Developer\soccer\footy-model\src\ingest\ingest_sofascore_availability.py --league E2 --limit 1 --status ft
Found 1 fixtures to process.
  Processing Fixture 1668 (SS: 14061365, Status: ft)...
    OK - committed availability for fixture 1668
COMMAND: C:\Python313\python.exe C:\Developer\soccer\footy-model\src\ingest\ingest_sofascore_formations.py --league E2 --limit 1 --status ft
No fixtures found needing formation ingestion.
Skipping predict phase (--skip-predict).
Skipping score phase (--skip-score).
Log file: artifacts\logs\settle_scheduler.log
Sofa reconcile targets: 1
COMMAND: C:\Python313\python.exe C:\Developer\soccer\footy-model\scripts\reconcile_stale_ft_matches.py --fixture-ids 1681
Log file: C:\Developer\soccer\footy-model\artifacts\logs\reconcile_stale_ft_matches_20260311T214006Z.log
============================================================
Sofa Reconcile: Stale/FT Missing Results
============================================================
started_at=2026-03-11T21:40:06.102673+00:00 dry_run=False league=None limit=200
Fixture 1681 (Sofa=15285162, kickoff=2026-03-10 19:45:00+00:00)
  Settled to FT: 0-2

Summary:
  processed: 1
  settled: 1
  cancelled_or_postponed: 0
  unfinished: 0
  missing_scores: 0
  fetch_errors: 0
COMMAND: C:\Python313\python.exe C:\Developer\soccer\footy-model\src\ingest\ingest_sofascore_stats.py --league E2 --limit 1
2026-03-11 21:40:11,902 - INFO - Found 1 fixtures needing stats ingestion.
2026-03-11 21:40:11,902 - INFO - Processing fixture 1265 (SofaID: 14060686)...
2026-03-11 21:40:13,879 - INFO -   Successfully ingested stats for fixture 1265
COMMAND: C:\Python313\python.exe C:\Developer\soccer\footy-model\src\ingest\ingest_sofascore_players.py --league E2 --limit 1
Found 1 fixtures to process.
Processing Fixture 1681 (SS: 15285162, League: E2)...
  Successfully ingested players for 1681
COMMAND: C:\Python313\python.exe C:\Developer\soccer\footy-model\src\ingest\ingest_sofascore_incidents.py --league E2 --limit 1 --status ft
Found 1 fixtures needing incidents ingestion.
Processing fixture 1681 (SS: 15285162, status=ft, league=E2)...
  incidents=19 goals=2
  committed incidents
Done: success=1 empty=0 not_found=0 error=0
COMMAND: C:\Python313\python.exe C:\Developer\soccer\footy-model\src\ingest\ingest_sofascore_availability.py --league E2 --limit 1 --status ft
Found 1 fixtures to process.
  Processing Fixture 1681 (SS: 15285162, Status: ft)...
    OK - committed availability for fixture 1681
COMMAND: C:\Python313\python.exe C:\Developer\soccer\footy-model\src\ingest\ingest_sofascore_formations.py --league E2 --limit 1 --status ft
Found 1 fixtures needing formation ingestion.
Processing fixture 1681 (SS: 15285162, status=ft, league=E2)...
  home_formation='3-4-2-1'  away_formation='4-2-3-1'
  committed formation
Done: success=1 not_found=0 error=0
Skipping predict phase (--skip-predict).
Skipping score phase (--skip-score).
Log file: artifacts\logs\settle_scheduler.log
Skipping predict phase (--skip-predict).
Skipping score phase (--skip-score).
Log file: artifacts\logs\settle_scheduler.log
Skipping predict phase (--skip-predict).
Skipping score phase (--skip-score).
Log file: artifacts\logs\settle_scheduler.log
Skipping predict phase (--skip-predict).
Skipping score phase (--skip-score).
Log file: artifacts\logs\settle_scheduler.log
Sofa reconcile targets: 6
COMMAND: C:\Python313\python.exe C:\Developer\soccer\footy-model\scripts\reconcile_stale_ft_matches.py --fixture-ids 1144,1145,1146,1147,1682,1148
Log file: C:\Developer\soccer\footy-model\artifacts\logs\reconcile_stale_ft_matches_20260311T230006Z.log
============================================================
Sofa Reconcile: Stale/FT Missing Results
============================================================
started_at=2026-03-11T23:00:06.262893+00:00 dry_run=False league=None limit=200
Fixture 1144 (Sofa=14059899, kickoff=2026-03-11 19:45:00+00:00)
  Settled to FT: 0-1
Fixture 1145 (Sofa=14059890, kickoff=2026-03-11 19:45:00+00:00)
  Settled to FT: 1-0
Fixture 1146 (Sofa=14059900, kickoff=2026-03-11 19:45:00+00:00)
  Settled to FT: 1-0
Fixture 1147 (Sofa=14059901, kickoff=2026-03-11 19:45:00+00:00)
  Settled to FT: 1-1
Fixture 1682 (Sofa=15318481, kickoff=2026-03-11 19:45:00+00:00)
  Settled to FT: 4-1
Fixture 1148 (Sofa=14059898, kickoff=2026-03-11 20:00:00+00:00)
  Settled to FT: 3-0

Summary:
  processed: 6
  settled: 6
  cancelled_or_postponed: 0
  unfinished: 0
  missing_scores: 0
  fetch_errors: 0
COMMAND: C:\Python313\python.exe C:\Developer\soccer\footy-model\src\ingest\ingest_sofascore_stats.py --league E1 --limit 5
2026-03-11 23:00:21,533 - INFO - Found 5 fixtures needing stats ingestion.
2026-03-11 23:00:21,533 - INFO - Processing fixture 805 (SofaID: 14059559)...
2026-03-11 23:00:22,971 - INFO -   Successfully ingested stats for fixture 805
2026-03-11 23:00:23,481 - INFO - Processing fixture 711 (SofaID: 14059467)...
2026-03-11 23:00:23,790 - INFO -   Successfully ingested stats for fixture 711
2026-03-11 23:00:24,305 - INFO - Processing fixture 1113 (SofaID: 14059871)...
2026-03-11 23:00:24,472 - INFO -   Successfully ingested stats for fixture 1113
2026-03-11 23:00:24,985 - INFO - Processing fixture 1114 (SofaID: 14059872)...
2026-03-11 23:00:25,161 - INFO -   Successfully ingested stats for fixture 1114
2026-03-11 23:00:25,671 - INFO - Processing fixture 1115 (SofaID: 14059874)...
2026-03-11 23:00:25,849 - INFO -   Successfully ingested stats for fixture 1115
COMMAND: C:\Python313\python.exe C:\Developer\soccer\footy-model\src\ingest\ingest_sofascore_players.py --league E1 --limit 5
Found 5 fixtures to process.
Processing Fixture 1148 (SS: 14059898, League: E1)...
  Successfully ingested players for 1148
Processing Fixture 1147 (SS: 14059901, League: E1)...
  Successfully ingested players for 1147
Processing Fixture 1144 (SS: 14059899, League: E1)...
  Successfully ingested players for 1144
Processing Fixture 1146 (SS: 14059900, League: E1)...
  Successfully ingested players for 1146
Processing Fixture 1145 (SS: 14059890, League: E1)...
  Successfully ingested players for 1145
COMMAND: C:\Python313\python.exe C:\Developer\soccer\footy-model\src\ingest\ingest_sofascore_incidents.py --league E1 --limit 5 --status ft
Found 5 fixtures needing incidents ingestion.
Processing fixture 1148 (SS: 14059898, status=ft, league=E1)...
  incidents=17 goals=3
  committed incidents
Processing fixture 1147 (SS: 14059901, status=ft, league=E1)...
  incidents=20 goals=2
  committed incidents
Processing fixture 1146 (SS: 14059900, status=ft, league=E1)...
  incidents=16 goals=1
  committed incidents
Processing fixture 1145 (SS: 14059890, status=ft, league=E1)...
  incidents=19 goals=1
  committed incidents
Processing fixture 1144 (SS: 14059899, status=ft, league=E1)...
  incidents=16 goals=1
  committed incidents
Done: success=5 empty=0 not_found=0 error=0
COMMAND: C:\Python313\python.exe C:\Developer\soccer\footy-model\src\ingest\ingest_sofascore_availability.py --league E1 --limit 5 --status ft
Found 5 fixtures to process.
  Processing Fixture 1148 (SS: 14059898, Status: ft)...
    OK - committed availability for fixture 1148
  Processing Fixture 1147 (SS: 14059901, Status: ft)...
    OK - committed availability for fixture 1147
  Processing Fixture 1146 (SS: 14059900, Status: ft)...
    OK - committed availability for fixture 1146
  Processing Fixture 1145 (SS: 14059890, Status: ft)...
    OK - committed availability for fixture 1145
  Processing Fixture 1144 (SS: 14059899, Status: ft)...
    OK - committed availability for fixture 1144
COMMAND: C:\Python313\python.exe C:\Developer\soccer\footy-model\src\ingest\ingest_sofascore_formations.py --league E1 --limit 5 --status ft
Found 5 fixtures needing formation ingestion.
Processing fixture 1148 (SS: 14059898, status=ft, league=E1)...
  home_formation='4-2-3-1'  away_formation='5-3-2'
  committed formation
Processing fixture 1147 (SS: 14059901, status=ft, league=E1)...
  home_formation='4-4-2'  away_formation='4-2-3-1'
  committed formation
Processing fixture 1146 (SS: 14059900, status=ft, league=E1)...
  home_formation='4-2-3-1'  away_formation='3-4-2-1'
  committed formation
Processing fixture 1145 (SS: 14059890, status=ft, league=E1)...
  home_formation='4-2-3-1'  away_formation='4-4-2'
  committed formation
Processing fixture 1144 (SS: 14059899, status=ft, league=E1)...
  home_formation='4-2-2-2'  away_formation='3-4-1-2'
  committed formation
Done: success=5 not_found=0 error=0
COMMAND: C:\Python313\python.exe C:\Developer\soccer\footy-model\src\ingest\ingest_sofascore_stats.py --league E2 --limit 1
2026-03-11 23:00:51,609 - INFO - Found 1 fixtures needing stats ingestion.
2026-03-11 23:00:51,609 - INFO - Processing fixture 1265 (SofaID: 14060686)...
2026-03-11 23:00:52,822 - INFO -   Successfully ingested stats for fixture 1265
COMMAND: C:\Python313\python.exe C:\Developer\soccer\footy-model\src\ingest\ingest_sofascore_players.py --league E2 --limit 1
Found 1 fixtures to process.
Processing Fixture 1682 (SS: 15318481, League: E2)...
  Successfully ingested players for 1682
COMMAND: C:\Python313\python.exe C:\Developer\soccer\footy-model\src\ingest\ingest_sofascore_incidents.py --league E2 --limit 1 --status ft
Found 1 fixtures needing incidents ingestion.
Processing fixture 1682 (SS: 15318481, status=ft, league=E2)...
  incidents=18 goals=5
  committed incidents
Done: success=1 empty=0 not_found=0 error=0
COMMAND: C:\Python313\python.exe C:\Developer\soccer\footy-model\src\ingest\ingest_sofascore_availability.py --league E2 --limit 1 --status ft
Found 1 fixtures to process.
  Processing Fixture 1682 (SS: 15318481, Status: ft)...
    OK - committed availability for fixture 1682
COMMAND: C:\Python313\python.exe C:\Developer\soccer\footy-model\src\ingest\ingest_sofascore_formations.py --league E2 --limit 1 --status ft
Found 1 fixtures needing formation ingestion.
Processing fixture 1682 (SS: 15318481, status=ft, league=E2)...
  home_formation='3-5-2'  away_formation='3-1-4-2'
  committed formation
Done: success=1 not_found=0 error=0
Skipping predict phase (--skip-predict).
Skipping score phase (--skip-score).
Log file: artifacts\logs\settle_scheduler.log
Skipping predict phase (--skip-predict).
Skipping score phase (--skip-score).
Log file: artifacts\logs\settle_scheduler.log
Skipping predict phase (--skip-predict).
Skipping score phase (--skip-score).
Log file: artifacts\logs\settle_scheduler.log
Skipping predict phase (--skip-predict).
Skipping score phase (--skip-score).
Log file: artifacts\logs\settle_scheduler.log
Skipping predict phase (--skip-predict).
Skipping score phase (--skip-score).
Log file: artifacts\logs\settle_scheduler.log
Skipping predict phase (--skip-predict).
Skipping score phase (--skip-score).
Log file: artifacts\logs\settle_scheduler.log
Skipping predict phase (--skip-predict).
Skipping score phase (--skip-score).
Log file: artifacts\logs\settle_scheduler.log
Skipping predict phase (--skip-predict).
Skipping score phase (--skip-score).
Log file: artifacts\logs\settle_scheduler.log
Skipping predict phase (--skip-predict).
Skipping score phase (--skip-score).
Log file: artifacts\logs\settle_scheduler.log
Skipping predict phase (--skip-predict).
Skipping score phase (--skip-score).
Log file: artifacts\logs\settle_scheduler.log
Skipping predict phase (--skip-predict).
Skipping score phase (--skip-score).
Log file: artifacts\logs\settle_scheduler.log
Skipping predict phase (--skip-predict).
Skipping score phase (--skip-score).
Log file: artifacts\logs\settle_scheduler.log
Skipping predict phase (--skip-predict).
Skipping score phase (--skip-score).
Log file: artifacts\logs\settle_scheduler.log
Skipping predict phase (--skip-predict).
Skipping score phase (--skip-score).
Log file: artifacts\logs\settle_scheduler.log
Skipping predict phase (--skip-predict).
Skipping score phase (--skip-score).
Log file: artifacts\logs\settle_scheduler.log
Sofa reconcile targets: 2
COMMAND: C:\Python313\python.exe C:\Developer\soccer\footy-model\scripts\reconcile_stale_ft_matches.py --fixture-ids 20340,20341
Log file: C:\Developer\soccer\footy-model\artifacts\logs\reconcile_stale_ft_matches_20260312T040002Z.log
============================================================
Sofa Reconcile: Stale/FT Missing Results
============================================================
started_at=2026-03-12T04:00:02.325469+00:00 dry_run=False league=None limit=200
Fixture 20340 (Sofa=15237930, kickoff=2026-03-12 01:00:00+00:00)
  Settled to FT: 1-0
Fixture 20341 (Sofa=15237932, kickoff=2026-03-12 01:00:00+00:00)
  Updated fixture status to postponed

Summary:
  processed: 2
  settled: 1
  cancelled_or_postponed: 1
  unfinished: 0
  missing_scores: 0
  fetch_errors: 0
COMMAND: C:\Python313\python.exe C:\Developer\soccer\footy-model\src\ingest\ingest_sofascore_stats.py --league BR1 --limit 2
2026-03-12 04:00:09,675 - INFO - Found 2 fixtures needing stats ingestion.
2026-03-12 04:00:09,675 - INFO - Processing fixture 20339 (SofaID: 15237929)...
2026-03-12 04:00:11,111 - INFO -   Successfully ingested stats for fixture 20339
2026-03-12 04:00:11,618 - INFO - Processing fixture 20340 (SofaID: 15237930)...
2026-03-12 04:00:11,837 - INFO -   Successfully ingested stats for fixture 20340
COMMAND: C:\Python313\python.exe C:\Developer\soccer\footy-model\src\ingest\ingest_sofascore_players.py --league BR1 --limit 2
Found 2 fixtures to process.
Processing Fixture 20340 (SS: 15237930, League: BR1)...
  Successfully ingested players for 20340
Processing Fixture 20339 (SS: 15237929, League: BR1)...
  Successfully ingested players for 20339
COMMAND: C:\Python313\python.exe C:\Developer\soccer\footy-model\src\ingest\ingest_sofascore_incidents.py --league BR1 --limit 2 --status ft
Found 2 fixtures needing incidents ingestion.
Processing fixture 20340 (SS: 15237930, status=ft, league=BR1)...
  incidents=20 goals=1
  committed incidents
Processing fixture 20339 (SS: 15237929, status=ft, league=BR1)...
  incidents=25 goals=4
  committed incidents
Done: success=2 empty=0 not_found=0 error=0
COMMAND: C:\Python313\python.exe C:\Developer\soccer\footy-model\src\ingest\ingest_sofascore_availability.py --league BR1 --limit 2 --status ft
Found 1 fixtures to process.
  Processing Fixture 20339 (SS: 15237929, Status: ft)...
    OK - committed availability for fixture 20339
COMMAND: C:\Python313\python.exe C:\Developer\soccer\footy-model\src\ingest\ingest_sofascore_formations.py --league BR1 --limit 2 --status ft
Found 1 fixtures needing formation ingestion.
Processing fixture 20340 (SS: 15237930, status=ft, league=BR1)...
  home_formation='4-2-3-1'  away_formation='3-4-2-1'
  committed formation
Done: success=1 not_found=0 error=0
Skipping predict phase (--skip-predict).
Skipping score phase (--skip-score).
Log file: artifacts\logs\settle_scheduler.log
Skipping predict phase (--skip-predict).
Skipping score phase (--skip-score).
Log file: artifacts\logs\settle_scheduler.log
Skipping predict phase (--skip-predict).
Skipping score phase (--skip-score).
Log file: artifacts\logs\settle_scheduler.log
Sofa reconcile targets: 1
COMMAND: C:\Python313\python.exe C:\Developer\soccer\footy-model\scripts\reconcile_stale_ft_matches.py --fixture-ids 20342
Log file: C:\Developer\soccer\footy-model\artifacts\logs\reconcile_stale_ft_matches_20260312T050002Z.log
============================================================
Sofa Reconcile: Stale/FT Missing Results
============================================================
started_at=2026-03-12T05:00:02.678043+00:00 dry_run=False league=None limit=200
Fixture 20342 (Sofa=15237933, kickoff=2026-03-12 02:00:00+00:00)
  Settled to FT: 1-1

Summary:
  processed: 1
  settled: 1
  cancelled_or_postponed: 0
  unfinished: 0
  missing_scores: 0
  fetch_errors: 0
COMMAND: C:\Python313\python.exe C:\Developer\soccer\footy-model\src\ingest\ingest_sofascore_stats.py --league BR1 --limit 1
2026-03-12 05:00:18,839 - INFO - Found 1 fixtures needing stats ingestion.
2026-03-12 05:00:18,839 - INFO - Processing fixture 20342 (SofaID: 15237933)...
2026-03-12 05:00:20,531 - INFO -   Successfully ingested stats for fixture 20342
COMMAND: C:\Python313\python.exe C:\Developer\soccer\footy-model\src\ingest\ingest_sofascore_players.py --league BR1 --limit 1
Found 1 fixtures to process.
Processing Fixture 20342 (SS: 15237933, League: BR1)...
  Successfully ingested players for 20342
COMMAND: C:\Python313\python.exe C:\Developer\soccer\footy-model\src\ingest\ingest_sofascore_incidents.py --league BR1 --limit 1 --status ft
Found 1 fixtures needing incidents ingestion.
Processing fixture 20342 (SS: 15237933, status=ft, league=BR1)...
  incidents=20 goals=2
  committed incidents
Done: success=1 empty=0 not_found=0 error=0
COMMAND: C:\Python313\python.exe C:\Developer\soccer\footy-model\src\ingest\ingest_sofascore_availability.py --league BR1 --limit 1 --status ft
No fixtures found needing availability (Status: ft).
COMMAND: C:\Python313\python.exe C:\Developer\soccer\footy-model\src\ingest\ingest_sofascore_formations.py --league BR1 --limit 1 --status ft
Found 1 fixtures needing formation ingestion.
Processing fixture 20342 (SS: 15237933, status=ft, league=BR1)...
  home_formation='4-3-3'  away_formation='4-3-3'
  committed formation
Done: success=1 not_found=0 error=0
Skipping predict phase (--skip-predict).
Skipping score phase (--skip-score).
Log file: artifacts\logs\settle_scheduler.log
Skipping predict phase (--skip-predict).
Skipping score phase (--skip-score).
Log file: artifacts\logs\settle_scheduler.log
Skipping predict phase (--skip-predict).
Skipping score phase (--skip-score).
Log file: artifacts\logs\settle_scheduler.log
Skipping predict phase (--skip-predict).
Skipping score phase (--skip-score).
Log file: artifacts\logs\settle_scheduler.log
Skipping predict phase (--skip-predict).
Skipping score phase (--skip-score).
Log file: artifacts\logs\settle_scheduler.log
Sofa reconcile targets: 2
COMMAND: C:\Python313\python.exe C:\Developer\soccer\footy-model\scripts\reconcile_stale_ft_matches.py --fixture-ids 20343,20344
Log file: C:\Developer\soccer\footy-model\artifacts\logs\reconcile_stale_ft_matches_20260312T064003Z.log
============================================================
Sofa Reconcile: Stale/FT Missing Results
============================================================
started_at=2026-03-12T06:40:03.319604+00:00 dry_run=False league=None limit=200
Fixture 20343 (Sofa=15237928, kickoff=2026-03-12 03:30:00+00:00)
  Settled to FT: 0-2
Fixture 20344 (Sofa=15237925, kickoff=2026-03-12 03:30:00+00:00)
  Settled to FT: 2-0

Summary:
  processed: 2
  settled: 2
  cancelled_or_postponed: 0
  unfinished: 0
  missing_scores: 0
  fetch_errors: 0
COMMAND: C:\Python313\python.exe C:\Developer\soccer\footy-model\src\ingest\ingest_sofascore_stats.py --league BR1 --limit 2
2026-03-12 06:40:10,087 - INFO - Found 2 fixtures needing stats ingestion.
2026-03-12 06:40:10,087 - INFO - Processing fixture 20343 (SofaID: 15237928)...
2026-03-12 06:40:11,612 - INFO -   Successfully ingested stats for fixture 20343
2026-03-12 06:40:12,117 - INFO - Processing fixture 20344 (SofaID: 15237925)...
2026-03-12 06:40:12,330 - INFO -   Successfully ingested stats for fixture 20344
COMMAND: C:\Python313\python.exe C:\Developer\soccer\footy-model\src\ingest\ingest_sofascore_players.py --league BR1 --limit 2
Found 2 fixtures to process.
Processing Fixture 20343 (SS: 15237928, League: BR1)...
  Successfully ingested players for 20343
Processing Fixture 20344 (SS: 15237925, League: BR1)...
  Successfully ingested players for 20344
COMMAND: C:\Python313\python.exe C:\Developer\soccer\footy-model\src\ingest\ingest_sofascore_incidents.py --league BR1 --limit 2 --status ft
Found 2 fixtures needing incidents ingestion.
Processing fixture 20344 (SS: 15237925, status=ft, league=BR1)...
  incidents=21 goals=2
  committed incidents
Processing fixture 20343 (SS: 15237928, status=ft, league=BR1)...
  incidents=21 goals=2
  committed incidents
Done: success=2 empty=0 not_found=0 error=0
COMMAND: C:\Python313\python.exe C:\Developer\soccer\footy-model\src\ingest\ingest_sofascore_availability.py --league BR1 --limit 2 --status ft
No fixtures found needing availability (Status: ft).
COMMAND: C:\Python313\python.exe C:\Developer\soccer\footy-model\src\ingest\ingest_sofascore_formations.py --league BR1 --limit 2 --status ft
Found 2 fixtures needing formation ingestion.
Processing fixture 20344 (SS: 15237925, status=ft, league=BR1)...
  home_formation='4-2-3-1'  away_formation='4-2-3-1'
  committed formation
Processing fixture 20343 (SS: 15237928, status=ft, league=BR1)...
  home_formation='4-1-3-2'  away_formation='4-2-3-1'
  committed formation
Done: success=2 not_found=0 error=0
Skipping predict phase (--skip-predict).
Skipping score phase (--skip-score).
Log file: artifacts\logs\settle_scheduler.log
Skipping predict phase (--skip-predict).
Skipping score phase (--skip-score).
Log file: artifacts\logs\settle_scheduler.log
Skipping predict phase (--skip-predict).
Skipping score phase (--skip-score).
Log file: artifacts\logs\settle_scheduler.log
Skipping predict phase (--skip-predict).
Skipping score phase (--skip-score).
Log file: artifacts\logs\settle_scheduler.log
Skipping predict phase (--skip-predict).
Skipping score phase (--skip-score).
Log file: artifacts\logs\settle_scheduler.log
Skipping predict phase (--skip-predict).
Skipping score phase (--skip-score).
Log file: artifacts\logs\settle_scheduler.log
Skipping predict phase (--skip-predict).
Skipping score phase (--skip-score).
Log file: artifacts\logs\settle_scheduler.log
Skipping predict phase (--skip-predict).
Skipping score phase (--skip-score).
Log file: artifacts\logs\settle_scheduler.log
Skipping predict phase (--skip-predict).
Skipping score phase (--skip-score).
Log file: artifacts\logs\settle_scheduler.log
Skipping predict phase (--skip-predict).
Skipping score phase (--skip-score).
Log file: artifacts\logs\settle_scheduler.log
Skipping predict phase (--skip-predict).
Skipping score phase (--skip-score).
Log file: artifacts\logs\settle_scheduler.log
Skipping predict phase (--skip-predict).
Skipping score phase (--skip-score).
Log file: artifacts\logs\settle_scheduler.log
Skipping predict phase (--skip-predict).
Skipping score phase (--skip-score).
Log file: artifacts\logs\settle_scheduler.log
Skipping predict phase (--skip-predict).
Skipping score phase (--skip-score).
Log file: artifacts\logs\settle_scheduler.log
Skipping predict phase (--skip-predict).
Skipping score phase (--skip-score).
Log file: artifacts\logs\settle_scheduler.log
Skipping predict phase (--skip-predict).
Skipping score phase (--skip-score).
Log file: artifacts\logs\settle_scheduler.log
Skipping predict phase (--skip-predict).
Skipping score phase (--skip-score).
Log file: artifacts\logs\settle_scheduler.log
Skipping predict phase (--skip-predict).
Skipping score phase (--skip-score).
Log file: artifacts\logs\settle_scheduler.log
Skipping predict phase (--skip-predict).
Skipping score phase (--skip-score).
Log file: artifacts\logs\settle_scheduler.log
Skipping predict phase (--skip-predict).
Skipping score phase (--skip-score).
Log file: artifacts\logs\settle_scheduler.log
Skipping predict phase (--skip-predict).
Skipping score phase (--skip-score).
Log file: artifacts\logs\settle_scheduler.log
Skipping predict phase (--skip-predict).
Skipping score phase (--skip-score).
Log file: artifacts\logs\settle_scheduler.log
Skipping predict phase (--skip-predict).
Skipping score phase (--skip-score).
Log file: artifacts\logs\settle_scheduler.log
Skipping predict phase (--skip-predict).
Skipping score phase (--skip-score).
Log file: artifacts\logs\settle_scheduler.log
Skipping predict phase (--skip-predict).
Skipping score phase (--skip-score).
Log file: artifacts\logs\settle_scheduler.log
Skipping predict phase (--skip-predict).
Skipping score phase (--skip-score).
Log file: artifacts\logs\settle_scheduler.log
Skipping predict phase (--skip-predict).
Skipping score phase (--skip-score).
Log file: artifacts\logs\settle_scheduler.log
Skipping predict phase (--skip-predict).
Skipping score phase (--skip-score).
Log file: artifacts\logs\settle_scheduler.log
Skipping predict phase (--skip-predict).
Skipping score phase (--skip-score).
Log file: artifacts\logs\settle_scheduler.log
Skipping predict phase (--skip-predict).
Skipping score phase (--skip-score).
Log file: artifacts\logs\settle_scheduler.log
Skipping predict phase (--skip-predict).
Skipping score phase (--skip-score).
Log file: artifacts\logs\settle_scheduler.log
Skipping predict phase (--skip-predict).
Skipping score phase (--skip-score).
Log file: artifacts\logs\settle_scheduler.log
Skipping predict phase (--skip-predict).
Skipping score phase (--skip-score).
Log file: artifacts\logs\settle_scheduler.log
Skipping predict phase (--skip-predict).
Skipping score phase (--skip-score).
Log file: artifacts\logs\settle_scheduler.log
Skipping predict phase (--skip-predict).
Skipping score phase (--skip-score).
