[2026-03-06T02:20:06+00:00] Settle scheduler start.
Log file: artifacts/logs/settle_scheduler.log
Skipping predict phase (--skip-predict).
Skipping score phase (--skip-score).
[2026-03-06T02:20:06+00:00] Settle scheduler end rc=0.
[2026-03-06T02:40:07+00:00] Settle scheduler start.
Log file: artifacts/logs/settle_scheduler.log
Skipping predict phase (--skip-predict).
Skipping score phase (--skip-score).
[2026-03-06T02:40:07+00:00] Settle scheduler end rc=0.
[2026-03-06T03:00:07+00:00] Settle scheduler start.
Log file: artifacts/logs/settle_scheduler.log
Skipping predict phase (--skip-predict).
Skipping score phase (--skip-score).
[2026-03-06T03:00:08+00:00] Settle scheduler end rc=0.
[2026-03-06T03:20:07+00:00] Settle scheduler start.
Log file: artifacts/logs/settle_scheduler.log
Skipping predict phase (--skip-predict).
Skipping score phase (--skip-score).
[2026-03-06T03:20:07+00:00] Settle scheduler end rc=0.
[2026-03-06T03:40:06+00:00] Settle scheduler start.
Log file: artifacts/logs/settle_scheduler.log
Skipping predict phase (--skip-predict).
Skipping score phase (--skip-score).
[2026-03-06T03:40:07+00:00] Settle scheduler end rc=0.
[2026-03-06T04:00:06+00:00] Settle scheduler start.
Log file: artifacts/logs/settle_scheduler.log
Skipping predict phase (--skip-predict).
Skipping score phase (--skip-score).
[2026-03-06T04:00:06+00:00] Settle scheduler end rc=0.
[2026-03-06T04:20:07+00:00] Settle scheduler start.
Log file: artifacts/logs/settle_scheduler.log
Skipping predict phase (--skip-predict).
Skipping score phase (--skip-score).
[2026-03-06T04:20:07+00:00] Settle scheduler end rc=0.
[2026-03-06T04:40:06+00:00] Settle scheduler start.
Log file: artifacts/logs/settle_scheduler.log
Skipping predict phase (--skip-predict).
Skipping score phase (--skip-score).
[2026-03-06T04:40:07+00:00] Settle scheduler end rc=0.
[2026-03-06T05:00:06+00:00] Settle scheduler start.
Log file: artifacts/logs/settle_scheduler.log
Skipping predict phase (--skip-predict).
Skipping score phase (--skip-score).
[2026-03-06T05:00:07+00:00] Settle scheduler end rc=0.
[2026-03-06T05:20:07+00:00] Settle scheduler start.
Log file: artifacts/logs/settle_scheduler.log
Skipping predict phase (--skip-predict).
Skipping score phase (--skip-score).
[2026-03-06T05:20:07+00:00] Settle scheduler end rc=0.
[2026-03-06T05:40:07+00:00] Settle scheduler start.
Log file: artifacts/logs/settle_scheduler.log
Skipping predict phase (--skip-predict).
Skipping score phase (--skip-score).
[2026-03-06T05:40:07+00:00] Settle scheduler end rc=0.
