Log file: C:\Developer\soccer\footy-model\artifacts\logs\tick_due_fixtures_v1_20260226T222901Z.log
COMMAND: C:\Python313\python.exe C:\Developer\soccer\footy-model\src\features\build_team_premium_snapshots_v1.py --league E1
Fetching fixtures for league: E1
Fetching premium stats for 551 fixtures...
Building snapshots for 551 fixtures...
  Progress: 250/551 fixtures...
  Progress: 300/551 fixtures...
Batch upserting 1102 snapshot rows...
COMPLETED: {
  "fixtures_processed": 551,
  "rows_upserted": 1102,
  "premium_rows_seen": 551
}
COMMAND: C:\Python313\python.exe C:\Developer\soccer\footy-model\src\modeling\layer1_poisson\predict_lambda.py --league E1
Loaded 20 features
Processing 549 fixtures in batches of 500...
  Batch 1: 500 fixtures
    Saved 976 predictions
  Batch 2: 49 fixtures
    Saved 98 predictions

Total predictions saved: 1074
C:\Developer\soccer\footy-model\src\features\build_features.py:110: UserWarning: pandas only supports SQLAlchemy connectable (engine/connection) or database string URI or sqlite3 DBAPI2 connection. Other DBAPI2 objects are not tested. Please consider using SQLAlchemy.
  df = pd.read_sql_query(query, conn, params={"fixture_ids": fixture_ids, "target_window_mins": target_window_mins})
C:\Developer\soccer\footy-model\src\features\build_features.py:110: UserWarning: pandas only supports SQLAlchemy connectable (engine/connection) or database string URI or sqlite3 DBAPI2 connection. Other DBAPI2 objects are not tested. Please consider using SQLAlchemy.
  df = pd.read_sql_query(query, conn, params={"fixture_ids": fixture_ids, "target_window_mins": target_window_mins})
COMMAND: C:\Python313\python.exe C:\Developer\soccer\footy-model\src\modeling\layer2_situational\predict_situational_residual.py --league E1 --days 3 --enable-rule-layer --rule-overlap-mode override
Loading historical results for state baseline...
Loading scheduled fixtures (horizon: 3 days)...
Computing point-in-time standings...
Loading premium snapshots...
Loading Poisson predictions...
Loading Sofascore 1X2 odds snapshots...
Loading rivalries...
Loading player injury impact (Phase 4)...
Computing L5 goals performance...
Computing schedule flags...
Upserted 44 records (11 fixtures with adjusted lambdas) for 11 fixtures.
Rule-layer fired: home=0, away=0, fixtures=0
Overlap overrides applied: home=0, away=0
C:\Developer\soccer\footy-model\src\modeling\layer2_situational\predict_situational_residual.py:133: UserWarning: pandas only supports SQLAlchemy connectable (engine/connection) or database string URI or sqlite3 DBAPI2 connection. Other DBAPI2 objects are not tested. Please consider using SQLAlchemy.
  history = pd.read_sql(
C:\Developer\soccer\footy-model\src\modeling\layer2_situational\predict_situational_residual.py:160: UserWarning: pandas only supports SQLAlchemy connectable (engine/connection) or database string URI or sqlite3 DBAPI2 connection. Other DBAPI2 objects are not tested. Please consider using SQLAlchemy.
  targets = pd.read_sql(target_query, conn, params=tuple(params))
C:\Developer\soccer\footy-model\src\modeling\layer2_situational\predict_situational_residual.py:180: UserWarning: pandas only supports SQLAlchemy connectable (engine/connection) or database string URI or sqlite3 DBAPI2 connection. Other DBAPI2 objects are not tested. Please consider using SQLAlchemy.
  snap_df = pd.read_sql(
C:\Developer\soccer\footy-model\src\modeling\layer2_situational\predict_situational_residual.py:214: UserWarning: pandas only supports SQLAlchemy connectable (engine/connection) or database string URI or sqlite3 DBAPI2 connection. Other DBAPI2 objects are not tested. Please consider using SQLAlchemy.
  preds = pd.read_sql(
C:\Developer\soccer\footy-model\src\modeling\layer2_situational\predict_situational_residual.py:230: UserWarning: pandas only supports SQLAlchemy connectable (engine/connection) or database string URI or sqlite3 DBAPI2 connection. Other DBAPI2 objects are not tested. Please consider using SQLAlchemy.
  odds_df = pd.read_sql(
C:\Developer\soccer\footy-model\src\modeling\layer2_situational\predict_situational_residual.py:256: UserWarning: pandas only supports SQLAlchemy connectable (engine/connection) or database string URI or sqlite3 DBAPI2 connection. Other DBAPI2 objects are not tested. Please consider using SQLAlchemy.
  rivalries = pd.read_sql("SELECT team_id_a, team_id_b FROM team_rivalries", conn)
C:\Developer\soccer\footy-model\src\modeling\layer2_situational\predict_situational_residual.py:307: UserWarning: pandas only supports SQLAlchemy connectable (engine/connection) or database string URI or sqlite3 DBAPI2 connection. Other DBAPI2 objects are not tested. Please consider using SQLAlchemy.
  impact_df = pd.read_sql(impact_sql, conn, params=(target_ids, target_ids))
C:\Developer\soccer\footy-model\src\modeling\layer2_situational\predict_situational_residual.py:386: UserWarning: pandas only supports SQLAlchemy connectable (engine/connection) or database string URI or sqlite3 DBAPI2 connection. Other DBAPI2 objects are not tested. Please consider using SQLAlchemy.
  l5_data = pd.read_sql(l5_query, conn, params=(df["fixture_id"].tolist(),))
C:\Developer\soccer\footy-model\src\modeling\layer2_situational\predict_situational_residual.py:413: UserWarning: pandas only supports SQLAlchemy connectable (engine/connection) or database string URI or sqlite3 DBAPI2 connection. Other DBAPI2 objects are not tested. Please consider using SQLAlchemy.
  all_fixtures_raw = pd.read_sql(
C:\Developer\soccer\footy-model\src\modeling\layer2_situational\predict_situational_residual.py:429: UserWarning: pandas only supports SQLAlchemy connectable (engine/connection) or database string URI or sqlite3 DBAPI2 connection. Other DBAPI2 objects are not tested. Please consider using SQLAlchemy.
  euro_all = pd.read_sql(
COMMAND: C:\Python313\python.exe C:\Developer\soccer\footy-model\src\modeling\evaluation\predict_market_outcomes_fixtures_first.py --league E1 --days 3
Processed 11 fixtures, upserted 242 market predictions (242 expected).
C:\Developer\soccer\footy-model\src\modeling\evaluation\predict_market_outcomes_fixtures_first.py:160: UserWarning: pandas only supports SQLAlchemy connectable (engine/connection) or database string URI or sqlite3 DBAPI2 connection. Other DBAPI2 objects are not tested. Please consider using SQLAlchemy.
  df = pd.read_sql(base_query, conn, params=tuple(params))
COMMAND: C:\Python313\python.exe C:\Developer\soccer\footy-model\src\modeling\export\export_market_outcomes_fixtures_first.py --league E1 --days 3
Saved 11 fixtures to storage\reports\market_predictions.csv
C:\Developer\soccer\footy-model\src\modeling\export\export_market_outcomes_fixtures_first.py:149: UserWarning: pandas only supports SQLAlchemy connectable (engine/connection) or database string URI or sqlite3 DBAPI2 connection. Other DBAPI2 objects are not tested. Please consider using SQLAlchemy.
  return pd.read_sql(query, conn, params=tuple(params))
COMMAND: C:\Python313\python.exe C:\Developer\soccer\footy-model\src\modeling\evaluation\score_market_outcomes_fixtures_first.py --league E1 --since-days 30 --limit 1
No eligible unscored predictions found.
