Log file: C:\Developer\soccer\footy-model\artifacts\logs\tick_due_fixtures_v1_20260226T042459Z.log
Sofa reconcile targets: 2
COMMAND: C:\Python313\python.exe C:\Developer\soccer\footy-model\scripts\reconcile_stale_ft_matches.py --fixture-ids 20332,20333
Log file: C:\Developer\soccer\footy-model\artifacts\logs\reconcile_stale_ft_matches_20260226T042504Z.log
============================================================
Sofa Reconcile: Stale/FT Missing Results
============================================================
started_at=2026-02-26T04:25:04.522938+00:00 dry_run=False league=None limit=200
Fixture 20332 (Sofa=15237924, kickoff=2026-02-26 01:00:00+00:00)
Fixture 20333 (Sofa=15237918, kickoff=2026-02-26 01:00:00+00:00)

Summary:
  processed: 2
  settled: 0
  cancelled_or_postponed: 0
  unfinished: 0
  missing_scores: 0
  fetch_errors: 2
Task exception was never retrieved
future: <Task finished name='Task-2' coro=<Connection.run() done, defined at C:\Users\louis\AppData\Roaming\Python\Python313\site-packages\playwright\_impl\_connection.py:305> exception=PermissionError(13, 'Access is denied', None, 5, None)>
Traceback (most recent call last):
  File "C:\Users\louis\AppData\Roaming\Python\Python313\site-packages\playwright\_impl\_connection.py", line 312, in run
    await self._transport.connect()
  File "C:\Users\louis\AppData\Roaming\Python\Python313\site-packages\playwright\_impl\_transport.py", line 133, in connect
    raise exc
  File "C:\Users\louis\AppData\Roaming\Python\Python313\site-packages\playwright\_impl\_transport.py", line 120, in connect
    self._proc = await asyncio.create_subprocess_exec(
                 ^^^^^^^^^^^^^^^^^^^^^^^^^^^^^^^^^^^^^
    ...<9 lines>...
    )
    ^
  File "C:\Python313\Lib\asyncio\subprocess.py", line 224, in create_subprocess_exec
    transport, protocol = await loop.subprocess_exec(
                          ^^^^^^^^^^^^^^^^^^^^^^^^^^^
    ...<3 lines>...
        stderr=stderr, **kwds)
        ^^^^^^^^^^^^^^^^^^^^^^
  File "C:\Python313\Lib\asyncio\base_events.py", line 1787, in subprocess_exec
    transport = await self._make_subprocess_transport(
                ^^^^^^^^^^^^^^^^^^^^^^^^^^^^^^^^^^^^^^
        protocol, popen_args, False, stdin, stdout, stderr,
        ^^^^^^^^^^^^^^^^^^^^^^^^^^^^^^^^^^^^^^^^^^^^^^^^^^^
        bufsize, **kwargs)
        ^^^^^^^^^^^^^^^^^^
  File "C:\Python313\Lib\asyncio\windows_events.py", line 401, in _make_subprocess_transport
    transp = _WindowsSubprocessTransport(self, protocol, args, shell,
                                         stdin, stdout, stderr, bufsize,
                                         waiter=waiter, extra=extra,
                                         **kwargs)
  File "C:\Python313\Lib\asyncio\base_subprocess.py", line 39, in __init__
    self._start(args=args, shell=shell, stdin=stdin, stdout=stdout,
    ~~~~~~~~~~~^^^^^^^^^^^^^^^^^^^^^^^^^^^^^^^^^^^^^^^^^^^^^^^^^^^^
                stderr=stderr, bufsize=bufsize, **kwargs)
                ^^^^^^^^^^^^^^^^^^^^^^^^^^^^^^^^^^^^^^^^^
  File "C:\Python313\Lib\asyncio\windows_events.py", line 879, in _start
    self._proc = windows_utils.Popen(
                 ~~~~~~~~~~~~~~~~~~~^
        args, shell=shell, stdin=stdin, stdout=stdout, stderr=stderr,
        ^^^^^^^^^^^^^^^^^^^^^^^^^^^^^^^^^^^^^^^^^^^^^^^^^^^^^^^^^^^^^
        bufsize=bufsize, **kwargs)
        ^^^^^^^^^^^^^^^^^^^^^^^^^^
  File "C:\Python313\Lib\asyncio\windows_utils.py", line 136, in __init__
    stdin_rh, stdin_wh = pipe(overlapped=(False, True), duplex=True)
                         ~~~~^^^^^^^^^^^^^^^^^^^^^^^^^^^^^^^^^^^^^^^
  File "C:\Python313\Lib\asyncio\windows_utils.py", line 63, in pipe
    h2 = _winapi.CreateFile(
        address, access, 0, _winapi.NULL, _winapi.OPEN_EXISTING,
        flags_and_attribs, _winapi.NULL)
PermissionError: [WinError 5] Access is denied
  Fetch error: [WinError 5] Access is denied
Task exception was never retrieved
future: <Task finished name='Task-3' coro=<Connection.run() done, defined at C:\Users\louis\AppData\Roaming\Python\Python313\site-packages\playwright\_impl\_connection.py:305> exception=PermissionError(13, 'Access is denied', None, 5, None)>
Traceback (most recent call last):
  File "C:\Users\louis\AppData\Roaming\Python\Python313\site-packages\playwright\_impl\_connection.py", line 312, in run
    await self._transport.connect()
  File "C:\Users\louis\AppData\Roaming\Python\Python313\site-packages\playwright\_impl\_transport.py", line 133, in connect
    raise exc
  File "C:\Users\louis\AppData\Roaming\Python\Python313\site-packages\playwright\_impl\_transport.py", line 120, in connect
    self._proc = await asyncio.create_subprocess_exec(
                 ^^^^^^^^^^^^^^^^^^^^^^^^^^^^^^^^^^^^^
    ...<9 lines>...
    )
    ^
  File "C:\Python313\Lib\asyncio\subprocess.py", line 224, in create_subprocess_exec
    transport, protocol = await loop.subprocess_exec(
                          ^^^^^^^^^^^^^^^^^^^^^^^^^^^
    ...<3 lines>...
        stderr=stderr, **kwds)
        ^^^^^^^^^^^^^^^^^^^^^^
  File "C:\Python313\Lib\asyncio\base_events.py", line 1787, in subprocess_exec
    transport = await self._make_subprocess_transport(
                ^^^^^^^^^^^^^^^^^^^^^^^^^^^^^^^^^^^^^^
        protocol, popen_args, False, stdin, stdout, stderr,
        ^^^^^^^^^^^^^^^^^^^^^^^^^^^^^^^^^^^^^^^^^^^^^^^^^^^
        bufsize, **kwargs)
        ^^^^^^^^^^^^^^^^^^
  File "C:\Python313\Lib\asyncio\windows_events.py", line 401, in _make_subprocess_transport
    transp = _WindowsSubprocessTransport(self, protocol, args, shell,
                                         stdin, stdout, stderr, bufsize,
                                         waiter=waiter, extra=extra,
                                         **kwargs)
  File "C:\Python313\Lib\asyncio\base_subprocess.py", line 39, in __init__
    self._start(args=args, shell=shell, stdin=stdin, stdout=stdout,
    ~~~~~~~~~~~^^^^^^^^^^^^^^^^^^^^^^^^^^^^^^^^^^^^^^^^^^^^^^^^^^^^
                stderr=stderr, bufsize=bufsize, **kwargs)
                ^^^^^^^^^^^^^^^^^^^^^^^^^^^^^^^^^^^^^^^^^
  File "C:\Python313\Lib\asyncio\windows_events.py", line 879, in _start
    self._proc = windows_utils.Popen(
                 ~~~~~~~~~~~~~~~~~~~^
        args, shell=shell, stdin=stdin, stdout=stdout, stderr=stderr,
        ^^^^^^^^^^^^^^^^^^^^^^^^^^^^^^^^^^^^^^^^^^^^^^^^^^^^^^^^^^^^^
        bufsize=bufsize, **kwargs)
        ^^^^^^^^^^^^^^^^^^^^^^^^^^
  File "C:\Python313\Lib\asyncio\windows_utils.py", line 136, in __init__
    stdin_rh, stdin_wh = pipe(overlapped=(False, True), duplex=True)
                         ~~~~^^^^^^^^^^^^^^^^^^^^^^^^^^^^^^^^^^^^^^^
  File "C:\Python313\Lib\asyncio\windows_utils.py", line 63, in pipe
    h2 = _winapi.CreateFile(
        address, access, 0, _winapi.NULL, _winapi.OPEN_EXISTING,
        flags_and_attribs, _winapi.NULL)
PermissionError: [WinError 5] Access is denied
  Fetch error: [WinError 5] Access is denied
COMMAND: node C:\Developer\soccer\footy-model\src\ingest\scrapers\premium_enricher_v4.js BR1 --ids-root C:\Developer\soccer\footy-model\data\v1\ids\tick\20260226T042511Z --out-root C:\Developer\soccer\footy-model\data\v1\premium
node:fs:439
    return binding.readFileUtf8(path, stringToFlags(options.flag));
                   ^

Error: EPERM: operation not permitted, open 'C:\Developer\soccer\footy-model\node_modules\crawlee\index.js'
    at Object.readFileSync (node:fs:439:20)
    at defaultLoadImpl (node:internal/modules/cjs/loader:1141:17)
    at loadSource (node:internal/modules/cjs/loader:1831:20)
    at Object..js (node:internal/modules/cjs/loader:1929:44)
    at Module.load (node:internal/modules/cjs/loader:1525:32)
    at Module._load (node:internal/modules/cjs/loader:1327:12)
    at TracingChannel.traceSync (node:diagnostics_channel:328:14)
    at wrapModuleLoad (node:internal/modules/cjs/loader:245:24)
    at Module.require (node:internal/modules/cjs/loader:1548:12)
    at require (node:internal/modules/helpers:152:16) {
  errno: -4048,
  code: 'EPERM',
  syscall: 'open',
  path: 'C:\\Developer\\soccer\\footy-model\\node_modules\\crawlee\\index.js'
}

Node.js v24.13.1
Tick failed: Command '['node', 'C:\\Developer\\soccer\\footy-model\\src\\ingest\\scrapers\\premium_enricher_v4.js', 'BR1', '--ids-root', 'C:\\Developer\\soccer\\footy-model\\data\\v1\\ids\\tick\\20260226T042511Z', '--out-root', 'C:\\Developer\\soccer\\footy-model\\data\\v1\\premium']' returned non-zero exit status 1.
