Log file: C:\Developer\soccer\footy-model\artifacts\logs\tick_due_fixtures_v1_20260226T031431Z.log
Sofa reconcile targets: 100
COMMAND: C:\Python313\python.exe C:\Developer\soccer\footy-model\scripts\reconcile_stale_ft_matches.py --fixture-ids 4146,4147,5120,12125,1092,1634,4884,4885,4886,20130,20131,21683,3837,3838,3839,3840,19334,19880,22017,5121,5517,5518,587,588,589,1093,1094,1095,1096,1097,1098,1636,1637,1638,1639,1640,1641,1642,1643,1644,2190,2191,2192,2193,2194,2195,2196,2197,2198,2735,2736,2737,2738,2739,2740,2741,2742,2743,2744,2745,3064,3065,3066,3224,3225,3226,3227,3404,3405,3406,3407,3408,3579,3580,3581,3582,3583,5891,20281,20282,20283,4887,19572,19573,21684,4503,22429,22430,19335,3841,5122,5519,22018,19043,5892,590,2746,4888,12127,19044
Log file: C:\Developer\soccer\footy-model\artifacts\logs\reconcile_stale_ft_matches_20260226T031447Z.log
============================================================
Sofa Reconcile: Stale/FT Missing Results
============================================================
started_at=2026-02-26T03:14:47.715379+00:00 dry_run=False league=None limit=200
Fixture 4146 (Sofa=14065450, kickoff=2026-02-21 11:00:00+00:00)
  Settled to FT: 3-1
Fixture 4147 (Sofa=14065451, kickoff=2026-02-21 11:00:00+00:00)
  Settled to FT: 2-1
Fixture 5120 (Sofa=14081792, kickoff=2026-02-21 12:00:00+00:00)
  Settled to FT: 3-3
Fixture 12125 (Sofa=14064842, kickoff=2026-02-21 12:00:00+00:00)
  Settled to FT: 4-3
Fixture 1092 (Sofa=14059849, kickoff=2026-02-21 12:30:00+00:00)
  Settled to FT: 2-2
Fixture 1634 (Sofa=14061091, kickoff=2026-02-21 12:30:00+00:00)
  Settled to FT: 5-2
Fixture 4884 (Sofa=14317567, kickoff=2026-02-21 13:00:00+00:00)
  Settled to FT: 3-2
Fixture 4885 (Sofa=14317649, kickoff=2026-02-21 13:00:00+00:00)
  Settled to FT: 1-3
Fixture 4886 (Sofa=14317558, kickoff=2026-02-21 13:00:00+00:00)
  Settled to FT: 2-1
Fixture 20130 (Sofa=14159152, kickoff=2026-02-21 13:00:00+00:00)
  Settled to FT: 1-2
Fixture 20131 (Sofa=14159153, kickoff=2026-02-21 13:00:00+00:00)
  Settled to FT: 2-0
Fixture 21683 (Sofa=13981940, kickoff=2026-02-21 13:00:00+00:00)
  Settled to FT: 1-0
Fixture 3837 (Sofa=14062220, kickoff=2026-02-21 13:30:00+00:00)
  Settled to FT: 2-3
Fixture 3838 (Sofa=14062219, kickoff=2026-02-21 13:30:00+00:00)
  Settled to FT: 1-0
Fixture 3839 (Sofa=14062215, kickoff=2026-02-21 13:30:00+00:00)
  Settled to FT: 3-2
Fixture 3840 (Sofa=14062223, kickoff=2026-02-21 13:30:00+00:00)
  Settled to FT: 2-2
Fixture 19334 (Sofa=14032428, kickoff=2026-02-21 14:00:00+00:00)
  Settled to FT: 1-4
Fixture 19880 (Sofa=14109818, kickoff=2026-02-21 14:00:00+00:00)
  Settled to FT: 2-0
Fixture 22017 (Sofa=14065031, kickoff=2026-02-21 14:00:00+00:00)
  Settled to FT: 2-1
Fixture 5121 (Sofa=14083572, kickoff=2026-02-21 14:15:00+00:00)
  Settled to FT: 1-1
Fixture 5517 (Sofa=14083802, kickoff=2026-02-21 14:15:00+00:00)
  Settled to FT: 1-0
Fixture 5518 (Sofa=14083803, kickoff=2026-02-21 14:15:00+00:00)
  Settled to FT: 1-2
Fixture 587 (Sofa=14024006, kickoff=2026-02-21 15:00:00+00:00)
  Settled to FT: 0-2
Fixture 588 (Sofa=14025215, kickoff=2026-02-21 15:00:00+00:00)
  Settled to FT: 1-1
Fixture 589 (Sofa=14024007, kickoff=2026-02-21 15:00:00+00:00)
  Settled to FT: 1-1
Fixture 1093 (Sofa=14059843, kickoff=2026-02-21 15:00:00+00:00)
  Settled to FT: 1-3
Fixture 1094 (Sofa=14059845, kickoff=2026-02-21 15:00:00+00:00)
  Settled to FT: 1-1
Fixture 1095 (Sofa=14059842, kickoff=2026-02-21 15:00:00+00:00)
  Settled to FT: 0-0
Fixture 1096 (Sofa=14059846, kickoff=2026-02-21 15:00:00+00:00)
  Settled to FT: 1-2
Fixture 1097 (Sofa=14059852, kickoff=2026-02-21 15:00:00+00:00)
  Settled to FT: 5-3
Fixture 1098 (Sofa=14059850, kickoff=2026-02-21 15:00:00+00:00)
  Settled to FT: 2-0
Fixture 1636 (Sofa=14061117, kickoff=2026-02-21 15:00:00+00:00)
  Settled to FT: 1-1
Fixture 1637 (Sofa=14061062, kickoff=2026-02-21 15:00:00+00:00)
  Settled to FT: 3-3
Fixture 1638 (Sofa=14061171, kickoff=2026-02-21 15:00:00+00:00)
  Settled to FT: 4-2
Fixture 1639 (Sofa=14061310, kickoff=2026-02-21 15:00:00+00:00)
  Settled to FT: 3-1
Fixture 1640 (Sofa=14060996, kickoff=2026-02-21 15:00:00+00:00)
  Settled to FT: 0-2
Fixture 1641 (Sofa=14061032, kickoff=2026-02-21 15:00:00+00:00)
  Settled to FT: 1-2
Fixture 1642 (Sofa=14061313, kickoff=2026-02-21 15:00:00+00:00)
  Settled to FT: 2-2
Fixture 1643 (Sofa=14061314, kickoff=2026-02-21 15:00:00+00:00)
  Settled to FT: 2-1
Fixture 1644 (Sofa=14061315, kickoff=2026-02-21 15:00:00+00:00)
  Settled to FT: 1-1
Fixture 2190 (Sofa=14060743, kickoff=2026-02-21 15:00:00+00:00)
  Settled to FT: 5-0
Fixture 2191 (Sofa=14060737, kickoff=2026-02-21 15:00:00+00:00)
  Settled to FT: 0-2
Fixture 2192 (Sofa=14060729, kickoff=2026-02-21 15:00:00+00:00)
  Settled to FT: 0-3
Fixture 2193 (Sofa=14060732, kickoff=2026-02-21 15:00:00+00:00)
  Settled to FT: 0-0
Fixture 2194 (Sofa=14061206, kickoff=2026-02-21 15:00:00+00:00)
  Settled to FT: 3-1
Fixture 2195 (Sofa=14061210, kickoff=2026-02-21 15:00:00+00:00)
  Settled to FT: 3-2
Fixture 2196 (Sofa=14060716, kickoff=2026-02-21 15:00:00+00:00)
  Settled to FT: 1-1
Fixture 2197 (Sofa=14061203, kickoff=2026-02-21 15:00:00+00:00)
  Settled to FT: 0-2
Fixture 2198 (Sofa=14061212, kickoff=2026-02-21 15:00:00+00:00)
  Settled to FT: 4-1
Fixture 2735 (Sofa=14391477, kickoff=2026-02-21 15:00:00+00:00)
  Settled to FT: 4-1
Fixture 2736 (Sofa=14391474, kickoff=2026-02-21 15:00:00+00:00)
  Settled to FT: 3-4
Fixture 2737 (Sofa=14391469, kickoff=2026-02-21 15:00:00+00:00)
  Settled to FT: 0-0
Fixture 2738 (Sofa=14391473, kickoff=2026-02-21 15:00:00+00:00)
  Settled to FT: 3-0
Fixture 2739 (Sofa=14391472, kickoff=2026-02-21 15:00:00+00:00)
  Settled to FT: 4-0
Fixture 2740 (Sofa=14391467, kickoff=2026-02-21 15:00:00+00:00)
  Settled to FT: 2-1
Fixture 2741 (Sofa=14391471, kickoff=2026-02-21 15:00:00+00:00)
  Settled to FT: 3-0
Fixture 2742 (Sofa=14391468, kickoff=2026-02-21 15:00:00+00:00)
  Settled to FT: 1-1
Fixture 2743 (Sofa=14391475, kickoff=2026-02-21 15:00:00+00:00)
  Settled to FT: 3-0
Fixture 2744 (Sofa=14391466, kickoff=2026-02-21 15:00:00+00:00)
  Settled to FT: 3-1
Fixture 2745 (Sofa=14391470, kickoff=2026-02-21 15:00:00+00:00)
  Settled to FT: 0-3
Fixture 3064 (Sofa=14035282, kickoff=2026-02-21 15:00:00+00:00)
  Settled to FT: 1-1
Fixture 3065 (Sofa=14035283, kickoff=2026-02-21 15:00:00+00:00)
  Settled to FT: 1-0
Fixture 3066 (Sofa=14035281, kickoff=2026-02-21 15:00:00+00:00)
  Settled to FT: 2-3
Fixture 3224 (Sofa=14035442, kickoff=2026-02-21 15:00:00+00:00)
  Settled to FT: 0-0
Fixture 3225 (Sofa=14035445, kickoff=2026-02-21 15:00:00+00:00)
  Settled to FT: 3-2
Fixture 3226 (Sofa=14035444, kickoff=2026-02-21 15:00:00+00:00)
  Settled to FT: 1-0
Fixture 3227 (Sofa=14035443, kickoff=2026-02-21 15:00:00+00:00)
  Settled to FT: 4-2
Fixture 3404 (Sofa=14035607, kickoff=2026-02-21 15:00:00+00:00)
  Settled to FT: 1-1
Fixture 3405 (Sofa=14035611, kickoff=2026-02-21 15:00:00+00:00)
  Settled to FT: 3-1
Fixture 3406 (Sofa=14035609, kickoff=2026-02-21 15:00:00+00:00)
  Settled to FT: 3-0
Fixture 3407 (Sofa=14035610, kickoff=2026-02-21 15:00:00+00:00)
  Settled to FT: 3-2
Fixture 3408 (Sofa=14035608, kickoff=2026-02-21 15:00:00+00:00)
  Settled to FT: 1-1
Fixture 3579 (Sofa=14035792, kickoff=2026-02-21 15:00:00+00:00)
  Settled to FT: 2-1
Fixture 3580 (Sofa=14035789, kickoff=2026-02-21 15:00:00+00:00)
  Settled to FT: 1-0
Fixture 3581 (Sofa=14035788, kickoff=2026-02-21 15:00:00+00:00)
  Settled to FT: 5-0
Fixture 3582 (Sofa=14035790, kickoff=2026-02-21 15:00:00+00:00)
  Settled to FT: 2-1
Fixture 3583 (Sofa=14035786, kickoff=2026-02-21 15:00:00+00:00)
  Settled to FT: 3-1
Fixture 5891 (Sofa=14167892, kickoff=2026-02-21 15:00:00+00:00)
  Settled to FT: 2-3
Fixture 20281 (Sofa=14065678, kickoff=2026-02-21 15:00:00+00:00)
  Settled to FT: 2-0
Fixture 20282 (Sofa=14065687, kickoff=2026-02-21 15:00:00+00:00)
  Settled to FT: 2-1
Fixture 20283 (Sofa=14065676, kickoff=2026-02-21 15:00:00+00:00)
  Settled to FT: 1-0
Fixture 4887 (Sofa=14317554, kickoff=2026-02-21 15:15:00+00:00)
  Settled to FT: 2-3
Fixture 19572 (Sofa=14288800, kickoff=2026-02-21 15:30:00+00:00)
  Settled to FT: 3-0
Fixture 19573 (Sofa=14288799, kickoff=2026-02-21 15:30:00+00:00)
  Settled to FT: 1-1
Fixture 21684 (Sofa=13981934, kickoff=2026-02-21 15:45:00+00:00)
  Settled to FT: 0-1
Fixture 4503 (Sofa=13981679, kickoff=2026-02-21 16:00:00+00:00)
  Settled to FT: 0-2
Fixture 22429 (Sofa=15362690, kickoff=2026-02-21 16:00:00+00:00)
  Settled to FT: 1-1
Fixture 22430 (Sofa=15362688, kickoff=2026-02-21 16:00:00+00:00)
  Updated fixture status to postponed
Fixture 19335 (Sofa=14032418, kickoff=2026-02-21 16:15:00+00:00)
  Settled to FT: 2-1
Fixture 3841 (Sofa=14062218, kickoff=2026-02-21 16:30:00+00:00)
  Settled to FT: 2-2
Fixture 5122 (Sofa=14081794, kickoff=2026-02-21 16:30:00+00:00)
  Settled to FT: 2-1
Fixture 5519 (Sofa=14083807, kickoff=2026-02-21 16:30:00+00:00)
  Settled to FT: 2-1
Fixture 22018 (Sofa=14065036, kickoff=2026-02-21 16:30:00+00:00)
  Settled to FT: 2-1
Fixture 19043 (Sofa=14053638, kickoff=2026-02-21 16:45:00+00:00)
  Settled to FT: 3-1
Fixture 5892 (Sofa=14167871, kickoff=2026-02-21 17:00:00+00:00)
  Settled to FT: 1-1
Fixture 590 (Sofa=14023969, kickoff=2026-02-21 17:30:00+00:00)
  Settled to FT: 0-0
Fixture 2746 (Sofa=14391476, kickoff=2026-02-21 17:30:00+00:00)
  Settled to FT: 1-2
Fixture 4888 (Sofa=14317555, kickoff=2026-02-21 17:30:00+00:00)
  Settled to FT: 0-1
Fixture 12127 (Sofa=14064833, kickoff=2026-02-21 18:00:00+00:00)
  Settled to FT: 2-1
Fixture 19044 (Sofa=14053631, kickoff=2026-02-21 18:00:00+00:00)
  Settled to FT: 1-0

Summary:
  processed: 100
  settled: 99
  cancelled_or_postponed: 1
  unfinished: 0
  missing_scores: 0
  fetch_errors: 0
COMMAND: C:\Python313\python.exe C:\Developer\soccer\footy-model\scrapers\build_team_premium_snapshots_v1.py --league BR1
C:\Python313\python.exe: can't open file 'C:\\Developer\\soccer\\footy-model\\scrapers\\build_team_premium_snapshots_v1.py': [Errno 2] No such file or directory
Tick failed: Command '['C:\\Python313\\python.exe', 'C:\\Developer\\soccer\\footy-model\\scrapers\\build_team_premium_snapshots_v1.py', '--league', 'BR1']' returned non-zero exit status 2.
