Log file: C:\Developer\soccer\footy-model\artifacts\logs\tick_due_fixtures_v1_20260226T042805Z.log
COMMAND: C:\Python313\python.exe C:\Developer\soccer\footy-model\src\features\build_team_premium_snapshots_v1.py --league BR1
Fetching fixtures for league: BR1
Fetching premium stats for 380 fixtures...
Building snapshots for 380 fixtures...
  Progress: 50/380 fixtures...
  Progress: 100/380 fixtures...
  Progress: 150/380 fixtures...
  Progress: 200/380 fixtures...
  Progress: 250/380 fixtures...
  Progress: 300/380 fixtures...
  Progress: 350/380 fixtures...
Batch upserting 760 snapshot rows...
COMPLETED: {
  "fixtures_processed": 380,
  "rows_upserted": 760,
  "premium_rows_seen": 374
}
COMMAND: C:\Python313\python.exe C:\Developer\soccer\footy-model\src\modeling\evaluation\predict_market_outcomes_fixtures_first.py --league BR1 --days 3
Processed 2 fixtures, upserted 44 market predictions (44 expected).
C:\Developer\soccer\footy-model\src\modeling\evaluation\predict_market_outcomes_fixtures_first.py:160: UserWarning: pandas only supports SQLAlchemy connectable (engine/connection) or database string URI or sqlite3 DBAPI2 connection. Other DBAPI2 objects are not tested. Please consider using SQLAlchemy.
  df = pd.read_sql(base_query, conn, params=tuple(params))
COMMAND: C:\Python313\python.exe C:\Developer\soccer\footy-model\src\modeling\export\export_market_outcomes_fixtures_first.py --league BR1 --days 3
Saved 2 fixtures to storage\reports\market_predictions.csv
C:\Developer\soccer\footy-model\src\modeling\export\export_market_outcomes_fixtures_first.py:149: UserWarning: pandas only supports SQLAlchemy connectable (engine/connection) or database string URI or sqlite3 DBAPI2 connection. Other DBAPI2 objects are not tested. Please consider using SQLAlchemy.
  return pd.read_sql(query, conn, params=tuple(params))
COMMAND: C:\Python313\python.exe C:\Developer\soccer\footy-model\src\modeling\evaluation\score_market_outcomes_fixtures_first.py --league BR1 --since-days 30 --limit 50
No eligible unscored predictions found.
