Log file: C:\Developer\soccer\footy-model\artifacts\logs\tick_due_fixtures_v1_20260304T023854Z.log
Sofa reconcile targets: 3
COMMAND: C:\Python313\python.exe C:\Developer\soccer\footy-model\scripts\reconcile_stale_ft_matches.py --fixture-ids 22188,22189,22190
Log file: C:\Developer\soccer\footy-model\artifacts\logs\reconcile_stale_ft_matches_20260304T023855Z.log
============================================================
Sofa Reconcile: Stale/FT Missing Results
============================================================
started_at=2026-03-04T02:38:55.966705+00:00 dry_run=False league=None limit=200
Fixture 22188 (Sofa=14038608, kickoff=2026-03-01 07:00:00+00:00)
  Settled to FT: 4-0
Fixture 22189 (Sofa=14038612, kickoff=2026-03-01 10:30:00+00:00)
  Settled to FT: 2-3
Fixture 22190 (Sofa=14038604, kickoff=2026-03-01 13:00:00+00:00)
  Settled to FT: 1-0

Summary:
  processed: 3
  settled: 3
  cancelled_or_postponed: 0
  unfinished: 0
  missing_scores: 0
  fetch_errors: 0
Tick failed: name 'defaultdict' is not defined
